drivers/mmc/mmc.c:260:12:mmc_send_cmd_retry	24	static
drivers/mmc/mmc.c:728:12:mmc_send_op_cond_iter	40	static
drivers/mmc/mmc.c:565:12:mmc_go_idle	40	static
drivers/mmc/mmc.c:1076:12:mmc_set_capacity	24	static
drivers/mmc/mmc.c:176:13:mmc_mode_name	0	static
drivers/mmc/mmc.c:293:5:mmc_send_status	40	static
drivers/mmc/mmc.c:844:12:__mmc_switch.constprop	48	static
drivers/mmc/mmc.c:311:5:mmc_poll_for_busy	32	static
drivers/mmc/mmc.c:353:5:mmc_set_blocklen	40	static
drivers/mmc/mmc.c:438:5:mmc_send_stop_transmission	40	static
drivers/mmc/mmc.c:507:7:mmc_bread	88	static
drivers/mmc/mmc.c:823:5:mmc_send_ext_csd	56	static
drivers/mmc/mmc.c:1922:12:mmc_read_and_compare_ext_csd	592	static
drivers/mmc/mmc.c:951:12:mmc_set_card_speed.constprop	592	static
drivers/mmc/mmc.c:913:5:mmc_switch	0	static
drivers/mmc/mmc.c:2311:12:mmc_startup_v4.constprop	608	static
drivers/mmc/mmc.c:918:5:mmc_boot_wp	0	static
drivers/mmc/mmc.c:923:5:mmc_boot_wp_single_partition	0	static
drivers/mmc/mmc.c:1104:5:mmc_switch_part	32	static
drivers/mmc/mmc.c:1687:5:mmc_set_clock	4	static
drivers/mmc/mmc.c:2882:5:mmc_get_op_cond	64	static
drivers/mmc/mmc.c:2969:5:mmc_start_init	8	static
drivers/mmc/mmc.c:3057:5:mmc_init	416	static
drivers/mmc/mmc.c:3090:5:mmc_deinit	0	static
drivers/mmc/mmc.c:3120:5:mmc_set_dsr	0	static
drivers/mmc/mmc.c:3127:12:cpu_mmc_init	0	static
drivers/mmc/mmc.c:3133:12:board_mmc_init	0	static
drivers/mmc/mmc.c:3138:6:mmc_set_preinit	0	static
drivers/mmc/mmc.c:3182:5:mmc_initialize	24	static
drivers/mmc/mmc.c:3208:5:mmc_init_device	16	static
drivers/mmc/mmc.c:3272:12:mmc_get_env_dev	0	static
