drivers/mmc/omap_hsmmc.c:886:13:mmc_reset_controller_fsm	16	static
drivers/mmc/omap_hsmmc.c:441:12:omap_hsmmc_wait_dat0	24	static
drivers/mmc/omap_hsmmc.c:1466:12:omap_hsmmc_getwp	8	static
drivers/mmc/omap_hsmmc.c:1452:12:omap_hsmmc_getcd	8	static
drivers/mmc/omap_hsmmc.c:1947:12:omap_hsmmc_bind	16	static
drivers/mmc/omap_hsmmc.c:1042:12:omap_hsmmc_send_cmd	32	static
drivers/mmc/omap_hsmmc.c:1954:12:omap_hsmmc_probe	24	static
drivers/mmc/omap_hsmmc.c:1418:12:omap_hsmmc_set_ios	32	static
drivers/mmc/omap_hsmmc.c:282:6:mmc_init_stream	16	static
