drivers/core/root.c:291:12:dm_probe_devices	16	static
drivers/core/root.c:39:17:dm_root	0	static
drivers/core/root.c:49:6:dm_fixup_for_gd_move	0	static
drivers/core/root.c:94:5:dm_init	8	static
drivers/core/root.c:132:5:dm_uninit	8	static
drivers/core/root.c:159:5:dm_scan_plat	8	static
drivers/core/root.c:277:12:dm_scan_other	0	static
drivers/core/root.c:350:5:dm_init_and_scan	8	static
drivers/core/root.c:377:6:dm_get_stats	16	static
drivers/core/root.c:383:6:dev_collect_stats	24	static
drivers/core/root.c:407:6:uclass_collect_stats	8	static
drivers/core/root.c:424:6:dm_get_mem	8	static
