drivers/core/uclass.c:25:16:uclass_find	12	static
drivers/core/uclass.c:110:5:uclass_destroy	8	static
drivers/core/uclass.c:144:5:uclass_get	16	static
drivers/core/uclass.c:163:13:uclass_get_name	16	static
drivers/core/uclass.c:172:7:uclass_get_priv	0	static
drivers/core/uclass.c:177:6:uclass_set_priv	0	static
drivers/core/uclass.c:182:16:uclass_get_by_namelen	24	static
drivers/core/uclass.c:197:16:uclass_get_by_name	8	static
drivers/core/uclass.c:202:5:dev_get_uclass_index	20	static
drivers/core/uclass.c:223:5:uclass_find_device	24	static
drivers/core/uclass.c:246:5:uclass_find_first_device	16	static
drivers/core/uclass.c:263:5:uclass_find_next_device	0	static
drivers/core/uclass.c:591:13:_uclass_next_device	24	static
drivers/core/uclass.c:276:5:uclass_find_device_by_namelen	40	static
drivers/core/uclass.c:301:5:uclass_find_device_by_name	16	static
drivers/core/uclass.c:307:17:uclass_try_first_device	8	static
drivers/core/uclass.c:318:5:uclass_find_next_free_seq	8	static
drivers/core/uclass.c:341:5:uclass_find_device_by_seq	24	static
drivers/core/uclass.c:368:5:uclass_find_device_by_of_offset	16	static
drivers/core/uclass.c:392:5:uclass_find_device_by_ofnode	16	static
drivers/core/uclass.c:464:5:uclass_get_device_by_driver	24	static
drivers/core/uclass.c:484:5:uclass_get_device_tail	16	static
drivers/core/uclass.c:499:5:uclass_get_device	16	static
drivers/core/uclass.c:509:5:uclass_get_device_by_name	16	static
drivers/core/uclass.c:520:5:uclass_get_device_by_seq	16	static
drivers/core/uclass.c:531:5:uclass_get_device_by_of_offset	16	static
drivers/core/uclass.c:542:5:uclass_get_device_by_ofnode	16	static
drivers/core/uclass.c:600:6:uclass_first_device	16	static
drivers/core/uclass.c:609:6:uclass_next_device	16	static
drivers/core/uclass.c:643:5:uclass_first_device_check	8	static
drivers/core/uclass.c:617:5:uclass_first_device_err	8	static
drivers/core/uclass.c:657:5:uclass_next_device_check	8	static
drivers/core/uclass.c:630:5:uclass_next_device_err	8	static
drivers/core/uclass.c:670:5:uclass_get_count	8	static
drivers/core/uclass.c:683:5:uclass_first_device_drvdata	32	static
drivers/core/uclass.c:700:5:uclass_bind_device	8	static
drivers/core/uclass.c:750:5:uclass_pre_probe_device	8	static
drivers/core/uclass.c:774:5:uclass_post_probe_device	8	static
drivers/core/uclass.c:815:5:uclass_probe_all	16	static
drivers/core/uclass.c:832:5:uclass_id_count	16	static
