boot/bootdev-uclass.c:952:12:bootdev_post_bind	8	static
boot/bootdev-uclass.c:262:12:bootdev_get_suffix_start	24	static
boot/bootdev-uclass.c:802:12:bootdev_hunt_drv	32	static
boot/bootdev-uclass.c:35:5:bootdev_add_bootflow	24	static
boot/bootdev-uclass.c:60:5:bootdev_first_bootflow	8	static
boot/bootdev-uclass.c:73:5:bootdev_next_bootflow	16	static
boot/bootdev-uclass.c:88:5:bootdev_bind	64	static
boot/bootdev-uclass.c:109:5:bootdev_find_in_blk	240	static
boot/bootdev-uclass.c:213:6:bootdev_list	48	static
boot/bootdev-uclass.c:239:5:bootdev_setup_for_dev	24	static
boot/bootdev-uclass.c:274:5:bootdev_setup_for_sibling_blk	80	static
boot/bootdev-uclass.c:308:5:bootdev_get_sibling_blk	88	static
boot/bootdev-uclass.c:361:5:bootdev_unbind_dev	16	static
boot/bootdev-uclass.c:429:5:bootdev_find_by_label	120	static
boot/bootdev-uclass.c:488:5:bootdev_find_by_any	40	static
boot/bootdev-uclass.c:571:5:bootdev_get_bootflow	32	static
boot/bootdev-uclass.c:585:6:bootdev_clear_bootflows	8	static
boot/bootdev-uclass.c:961:12:bootdev_pre_unbind	8	static
boot/bootdev-uclass.c:829:5:bootdev_hunt	48	static
boot/bootdev-uclass.c:531:5:bootdev_hunt_and_find_by_label	16	static
boot/bootdev-uclass.c:598:5:bootdev_next_label	40	static
boot/bootdev-uclass.c:867:5:bootdev_unhunt	16	static
boot/bootdev-uclass.c:894:5:bootdev_hunt_prio	32	static
boot/bootdev-uclass.c:636:5:bootdev_next_prio	24	static
boot/bootdev-uclass.c:702:5:bootdev_setup_iter	88	static
boot/bootdev-uclass.c:921:6:bootdev_list_hunters	48	static
