boot/bootm_os.c:140:12:do_bootm_rtems	8	static
boot/bootm_os.c:398:12:do_bootm_elf	8	static
boot/bootm_os.c:489:12:do_bootm_efi	16	static
boot/bootm_os.c:45:13:copy_args	24	static
boot/bootm_os.c:206:12:do_bootm_plan9	16	static
boot/bootm_os.c:26:12:do_bootm_standalone	16	static
boot/bootm_os.c:360:12:do_bootm_qnxelf	40	static
boot/bootm_os.c:67:12:do_bootm_netbsd	32	static
boot/bootm_os.c:325:5:do_bootm_vxworks	48	static
boot/bootm_os.c:558:13:arch_preboot_os	0	static
boot/bootm_os.c:564:13:board_preboot_os	0	static
boot/bootm_os.c:569:5:boot_selected_os	16	static
boot/bootm_os.c:587:13:bootm_os_get_boot_func	0	static
