boot/bootm.c:447:12:check_overlap.part.0	8	static
boot/bootm.c:48:13:board_quiesce_devices	0	static
boot/bootm.c:468:5:bootm_find_images	64	static
boot/bootm.c:710:7:bootm_disable_interrupts	0	static
boot/bootm.c:831:5:bootm_process_cmdline	0	static
boot/bootm.c:853:5:bootm_process_cmdline_env	0	static
boot/bootm.c:895:5:bootm_measure	0	static
boot/bootm.c:964:5:bootm_run_states	88	static
boot/bootm.c:1101:5:boot_run	0	static
boot/bootm.c:1115:5:bootm_run	0	static
boot/bootm.c:1122:5:bootz_run	0	static
boot/bootm.c:1127:5:booti_run	0	static
boot/bootm.c:1164:6:bootm_init	8	static
boot/bootm.c:1132:5:bootm_boot_start	80	static
boot/bootm.c:1177:13:switch_to_non_secure_mode	0	static
