boot/fdt_support.c:1272:12:of_bus_default_map	20	static
boot/fdt_support.c:1935:12:fdt_read_prop	12	static
boot/fdt_support.c:470:12:fdt_pack_reg	32	static
boot/fdt_support.c:1288:12:of_bus_default_translate	32	static
boot/fdt_support.c:1639:12:vnode_offset_by_pathf	520	static
boot/fdt_support.c:1255:6:fdt_support_default_count_cells	24	static
boot/fdt_support.c:1458:12:__of_translate_address	104	static
boot/fdt_support.c:44:5:fdt_getprop_u32_default_node	24	static
boot/fdt_support.c:74:5:fdt_getprop_u32_default	24	static
boot/fdt_support.c:98:5:fdt_find_and_setprop	32	static
boot/fdt_support.c:122:5:fdt_find_or_add_subnode	24	static
boot/fdt_support.c:193:5:fdt_root	24	static
boot/fdt_support.c:219:5:fdt_initrd	64	static
boot/fdt_support.c:279:5:fdt_kaslrseed	48	static
boot/fdt_support.c:324:14:board_fdt_chosen_bootargs	0	static
boot/fdt_support.c:329:5:fdt_chosen	24	static
boot/fdt_support.c:391:6:do_fixup_by_path	24	static
boot/fdt_support.c:407:6:do_fixup_by_path_u32	24	static
boot/fdt_support.c:414:6:do_fixup_by_prop	40	static
boot/fdt_support.c:435:6:do_fixup_by_prop_u32	32	static
boot/fdt_support.c:443:6:do_fixup_by_compat	40	static
boot/fdt_support.c:459:6:do_fixup_by_compat_u32	24	static
boot/fdt_support.c:518:5:fdt_fixup_memory_banks	104	static
boot/fdt_support.c:571:5:fdt_set_usable_memory	160	static
boot/fdt_support.c:607:5:fdt_fixup_memory	16	static
boot/fdt_support.c:612:6:fdt_fixup_ethernet	72	static
boot/fdt_support.c:690:5:fdt_record_loadable	48	static
boot/fdt_support.c:726:5:fdt_shrink_to_minimum	48	static
boot/fdt_support.c:779:5:fdt_delete_disabled_nodes	24	static
boot/fdt_support.c:869:5:fdt_increase_size	4	static
boot/fdt_support.c:1109:5:fdt_copy_fixed_partitions	312	static
boot/fdt_support.c:1182:6:fdt_del_node_and_alias	16	static
boot/fdt_support.c:1531:5:fdt_translate_address	0	static
boot/fdt_support.c:1537:5:fdt_translate_dma_address	0	static
boot/fdt_support.c:1543:5:fdt_get_dma_range	72	static
boot/fdt_support.c:1625:5:fdt_node_offset_by_compat_reg	32	static
boot/fdt_support.c:1658:5:fdt_node_offset_by_pathf	12	static
boot/fdt_support.c:1677:5:fdt_set_phandle	24	static
boot/fdt_support.c:1708:14:fdt_create_phandle	24	static
boot/fdt_support.c:1742:14:fdt_create_phandle_by_compatible	16	static
boot/fdt_support.c:1762:14:fdt_create_phandle_by_pathf	20	static
boot/fdt_support.c:1787:5:fdt_set_node_status	24	static
boot/fdt_support.c:1820:5:fdt_set_status_by_alias	16	static
boot/fdt_support.c:1836:5:fdt_set_status_by_compatible	16	static
boot/fdt_support.c:1855:5:fdt_set_status_by_pathf	24	static
boot/fdt_support.c:1880:5:fdt_verify_alias_address	48	static
boot/fdt_support.c:1921:5:fdt_get_base_address	24	static
boot/fdt_support.c:1984:5:fdt_read_range	56	static
boot/fdt_support.c:2052:5:fdt_setup_simplefb_node	104	static
boot/fdt_support.c:2123:5:fdt_fixup_display	40	static
boot/fdt_support.c:2158:5:fdt_overlay_apply_verbose	16	static
boot/fdt_support.c:2185:5:fdt_valid	16	static
