boot/image-fit.c:835:12:fit_image_get_address	32	static
boot/image-fit.c:87:5:fit_parse_conf	24	static
boot/image-fit.c:113:5:fit_parse_subimage	24	static
boot/image-fit.c:151:5:fit_get_subimage_count	24	static
boot/image-fit.c:594:5:fit_get_desc	16	static
boot/image-fit.c:622:5:fit_get_timestamp	16	static
boot/image-fit.c:654:5:fit_image_get_node	16	static
boot/image-fit.c:688:5:fit_image_get_os	16	static
boot/image-fit.c:720:5:fit_image_get_arch	16	static
boot/image-fit.c:752:5:fit_image_get_type	16	static
boot/image-fit.c:784:5:fit_image_get_comp	16	static
boot/image-fit.c:813:5:fit_image_get_phase	16	static
boot/image-fit.c:877:5:fit_image_get_load	0	static
boot/image-fit.c:899:5:fit_image_get_entry	0	static
boot/image-fit.c:919:5:fit_image_get_data	24	static
boot/image-fit.c:946:5:fit_image_get_data_offset	8	static
boot/image-fit.c:970:5:fit_image_get_data_position	8	static
boot/image-fit.c:995:5:fit_image_get_data_size	8	static
boot/image-fit.c:1019:5:fit_image_get_data_size_unciphered	8	static
boot/image-fit.c:1049:5:fit_image_get_data_and_size	32	static
boot/image-fit.c:1096:5:fit_image_hash_get_algo	16	static
boot/image-fit.c:1124:5:fit_image_hash_get_value	24	static
boot/image-fit.c:185:13:fit_image_print_data	48	static
boot/image-fit.c:252:13:fit_image_print_verification_data	24	static
boot/image-fit.c:473:6:fit_image_print	64	static
boot/image-fit.c:366:6:fit_print_contents	64	static
boot/image-fit.c:1182:5:fit_image_cipher_get_algo	0	static
boot/image-fit.c:1195:7:fit_get_end	0	static
boot/image-fit.c:1213:5:fit_set_timestamp	24	static
boot/image-fit.c:1249:5:calculate_hash	32	static
boot/image-fit.c:1341:5:fit_image_verify_with_data	192	static
boot/image-fit.c:1419:5:fit_image_verify	32	static
boot/image-fit.c:1933:12:fit_get_data_tail	32	static
boot/image-fit.c:1460:5:fit_all_image_verify	32	static
boot/image-fit.c:1536:5:fit_image_check_os	16	static
boot/image-fit.c:1558:5:fit_image_check_arch	16	static
boot/image-fit.c:1591:5:fit_image_check_type	16	static
boot/image-fit.c:1614:5:fit_image_check_comp	16	static
boot/image-fit.c:1651:5:fit_check_format	16	static
boot/image-fit.c:1719:5:fit_conf_find_compat	72	static
boot/image-fit.c:1821:5:fit_conf_get_node	32	static
boot/image-fit.c:1880:5:fit_conf_get_prop_node_count	0	static
boot/image-fit.c:1886:5:fit_conf_get_prop_node_index	32	static
boot/image-fit.c:1900:5:fit_conf_get_prop_node	40	static
boot/image-fit.c:1953:5:fit_get_data_node	16	static
boot/image-fit.c:1961:5:fit_get_data_conf_prop	24	static
boot/image-fit.c:1987:5:fit_get_node_from_config	16	static
boot/image-fit.c:2050:5:fit_image_load	104	static
boot/image-fit.c:2311:5:boot_get_setup_fit	56	static
boot/image-fit.c:2332:5:boot_get_fdt_fit	120	static
