boot/image-android.c:36:14:add_trailer	32	static
boot/image-android.c:242:14:android_image_get_kernel_addr	0	static
boot/image-android.c:63:5:add_bootconfig_parameters	40	static
boot/image-android.c:90:14:get_avendor_bootimg_addr	0	static
boot/image-android.c:376:6:is_android_vendor_boot_image_header	8	static
boot/image-android.c:381:6:is_android_boot_image_header	8	static
boot/image-android.c:211:6:android_image_get_data	24	static
boot/image-android.c:616:13:android_image_get_dtb_img_addr	24	static
boot/image-android.c:386:7:android_image_get_end	112	static
boot/image-android.c:414:7:android_image_get_kcomp	112	static
boot/image-android.c:289:5:android_image_get_kernel	128	static
boot/image-android.c:400:7:android_image_get_kload	120	static
boot/image-android.c:432:5:android_image_get_ramdisk	144	static
boot/image-android.c:522:5:android_image_get_second	120	static
boot/image-android.c:566:6:android_image_get_dtbo	24	static
boot/image-android.c:688:6:android_image_get_dtb_by_index	136	static
boot/image-android.c:766:6:android_print_contents	32	static
boot/image-android.c:860:6:android_image_print_dtb_contents	48	static
