fs/fat/fat.c:37:13:downcase	8	static
fs/fat/fat.c:52:12:disk_read	16	static
fs/fat/fat.c:168:14:get_fatent	24	static
fs/fat/fat.c:253:1:get_cluster	40	dynamic
fs/fat/fat.c:561:1:read_bootsectandvi	32	static
fs/fat/fat.c:800:12:fat_itr_root	128	static
fs/fat/fat.c:67:5:fat_set_blk_dev	24	dynamic
fs/fat/fat.c:96:5:fat_register_device	104	static
fs/fat/fat.c:868:7:fat_next_cluster	24	static
fs/fat/fat.c:935:19:next_dent	16	static
fs/fat/fat.c:1020:12:fat_itr_next	48	static
fs/fat/fat.c:1117:12:fat_itr_resolve	32	static
fs/fat/fat.c:1195:5:file_fat_detectfs	120	static
fs/fat/fat.c:1226:5:fat_exists	64	static
fs/fat/fat.c:1268:5:fat_size	64	static
fs/fat/fat.c:1305:5:fat_read_file	104	static
fs/fat/fat.c:1337:5:file_fat_read	32	static
fs/fat/fat.c:1356:5:fat_opendir	24	static
fs/fat/fat.c:1384:5:fat_readdir	16	static
fs/fat/fat.c:1415:6:fat_closedir	0	static
fs/fat/fat.c:1422:6:fat_close	0	static
fs/fat/fat.c:1426:5:fat_uuid	120	static
