drivers/usb/gadget/f_dfu.c:786:12:dfu_set_alt	0	static
drivers/usb/gadget/f_dfu.c:799:12:__dfu_get_alt	0	static
drivers/usb/gadget/f_dfu.c:807:13:dfu_disable	0	static
drivers/usb/gadget/f_dfu.c:845:5:dfu_add	16	static
drivers/usb/gadget/f_dfu.c:601:1:dfu_handle	24	static
drivers/usb/gadget/f_dfu.c:169:13:dnload_request_flush	8	static
drivers/usb/gadget/f_dfu.c:156:13:dnload_request_complete	16	static
drivers/usb/gadget/f_dfu.c:759:13:dfu_unbind	16	static
drivers/usb/gadget/f_dfu.c:713:12:dfu_bind	32	static
drivers/usb/gadget/f_dfu.c:240:12:handle_upload.constprop	16	static
drivers/usb/gadget/f_dfu.c:181:12:handle_getstatus	16	static
drivers/usb/gadget/f_dfu.c:557:12:state_dfu_error	0	static
drivers/usb/gadget/f_dfu.c:463:12:state_dfu_manifest_sync	16	static
drivers/usb/gadget/f_dfu.c:405:12:state_dfu_dnbusy	0	static
drivers/usb/gadget/f_dfu.c:382:12:state_dfu_dnload_sync	0	static
drivers/usb/gadget/f_dfu.c:291:12:state_app_detach	0	static
drivers/usb/gadget/f_dfu.c:264:12:state_app_idle	4	static
drivers/usb/gadget/f_dfu.c:516:12:state_dfu_upload_idle	16	static
drivers/usb/gadget/f_dfu.c:490:12:state_dfu_manifest	16	static
drivers/usb/gadget/f_dfu.c:314:12:state_dfu_idle	24	static
drivers/usb/gadget/f_dfu.c:425:12:state_dfu_dnload_idle	16	static
