drivers/usb/gadget/f_fastboot.c:297:28:fastboot_start_ep	16	static
drivers/usb/gadget/f_fastboot.c:271:13:fastboot_unbind	0	static
drivers/usb/gadget/f_fastboot.c:368:12:fastboot_add	16	static
drivers/usb/gadget/f_fastboot.c:278:13:fastboot_disable	8	static
drivers/usb/gadget/f_fastboot.c:198:13:fastboot_complete	0	static
drivers/usb/gadget/f_fastboot.c:422:13:compl_do_reset	8	static
drivers/usb/gadget/f_fastboot.c:488:13:do_exit_on_complete	0	static
drivers/usb/gadget/f_fastboot.c:493:13:do_bootm_on_complete	8	static
drivers/usb/gadget/f_fastboot.c:428:21:rx_bytes_expected	16	static
drivers/usb/gadget/f_fastboot.c:206:12:fastboot_bind	32	static
drivers/usb/gadget/f_fastboot.c:417:12:fastboot_tx_write_str.isra	24	static
drivers/usb/gadget/f_fastboot.c:500:13:multiresponse_on_complete	80	static
drivers/usb/gadget/f_fastboot.c:452:13:rx_handler_dl_image	88	static
drivers/usb/gadget/f_fastboot.c:528:13:rx_handler_command	96	static
drivers/usb/gadget/f_fastboot.c:316:12:fastboot_set_alt	16	static
