common/console.c:423:6:console_puts_select.part.0	0	static
common/console.c:503:5:fgetc.part.0	16	static
common/console.c:557:6:fflush.part.0	0	static
common/console.c:423:6:console_puts_select	16	static
common/console.c:457:5:console_start	8	static
common/console.c:176:12:console_setfile	16	static
common/console.c:474:6:console_stop	0	static
common/console.c:485:5:serial_printf	1056	static
common/console.c:503:5:fgetc	0	static
common/console.c:536:5:ftstc	0	static
common/console.c:544:6:fputc	0	static
common/console.c:550:6:fputs	0	static
common/console.c:557:6:fflush	0	static
common/console.c:564:5:fprintf	1060	static
common/console.c:585:5:getchar	0	static
common/console.c:608:5:tstc	0	static
common/console.c:693:6:putc	0	static
common/console.c:734:6:puts	0	static
common/console.c:779:6:flush	0	static
common/console.c:878:5:ctrlc	8	static
common/console.c:897:5:confirm_yesno	24	static
common/console.c:924:5:disable_ctrlc	0	static
common/console.c:932:5:had_ctrlc	0	static
common/console.c:937:6:clear_ctrlc	0	static
common/console.c:944:19:console_search_dev	8	static
common/console.c:960:5:console_assign	16	static
common/console.c:1003:5:console_announce_r	208	static
common/console.c:1017:5:console_init_f	0	static
common/console.c:1028:5:console_clear	8	static
common/console.c:1182:5:console_init_r	16	static
common/console.c:1248:5:console_remove_by_name	0	static
