common/hash.c:162:12:hash_finish_crc16_ccitt	0	static
common/hash.c:189:27:hash_finish_crc32	0	static
common/hash.c:181:27:hash_update_crc32	8	static
common/hash.c:173:27:hash_init_crc32	8	static
common/hash.c:146:12:hash_init_crc16_ccitt	8	static
common/hash.c:154:12:hash_update_crc16_ccitt	8	static
common/hash.c:81:27:hash_finish_sha256	8	static
common/hash.c:73:27:hash_update_sha256	8	static
common/hash.c:65:27:hash_init_sha256	16	static
common/hash.c:54:27:hash_finish_sha1	8	static
common/hash.c:46:27:hash_update_sha1	8	static
common/hash.c:38:27:hash_init_sha1	16	static
common/hash.c:330:5:hash_lookup_algo	32	static
common/hash.c:345:5:hash_progressive_lookup_algo	24	static
common/hash.c:364:5:hash_parse_string	32	static
common/hash.c:384:5:hash_block	32	static
