drivers/dfu/dfu.c:32:12:on_dfu_alt_info	0	static
drivers/dfu/dfu.c:264:12:dfu_write_buffer_drain	32	static
drivers/dfu/dfu.c:50:13:dfu_flush_callback	0	static
drivers/dfu/dfu.c:58:13:dfu_initiated_callback	0	static
drivers/dfu/dfu.c:66:13:dfu_error_callback	0	static
drivers/dfu/dfu.c:81:13:dfu_usb_get_reset	0	static
drivers/dfu/dfu.c:205:16:dfu_free_buf	8	static
drivers/dfu/dfu.c:212:15:dfu_get_buf_size	0	static
drivers/dfu/dfu.c:217:16:dfu_get_buf	24	static
drivers/dfu/dfu.c:293:6:dfu_transaction_cleanup	24	static
drivers/dfu/dfu.c:309:5:dfu_transaction_initiate	16	static
drivers/dfu/dfu.c:336:5:dfu_flush	16	static
drivers/dfu/dfu.c:358:5:dfu_write	24	static
drivers/dfu/dfu.c:483:5:dfu_read	40	static
drivers/dfu/dfu.c:583:6:dfu_free_entities	24	static
drivers/dfu/dfu.c:601:5:dfu_alt_init	24	static
drivers/dfu/dfu.c:624:5:dfu_alt_add	64	static
drivers/dfu/dfu.c:120:5:dfu_config_interfaces	48	static
drivers/dfu/dfu.c:643:5:dfu_config_entities	48	static
drivers/dfu/dfu.c:163:5:dfu_init_env_entities	16	static
drivers/dfu/dfu.c:666:13:dfu_get_dev_type	56	static
drivers/dfu/dfu.c:673:13:dfu_get_layout	56	static
drivers/dfu/dfu.c:681:6:dfu_show_entities	32	static
drivers/dfu/dfu.c:694:5:dfu_get_alt_number	0	static
drivers/dfu/dfu.c:699:20:dfu_get_entity	8	static
drivers/dfu/dfu.c:711:5:dfu_get_alt	24	static
drivers/dfu/dfu.c:748:5:dfu_write_from_mem_addr	32	static
