fs/ext4/ext4fs.c:54:24:get_fs	0	static
fs/ext4/ext4fs.c:59:6:ext4fs_free_node	0	static
fs/ext4/ext4fs.c:204:5:ext4fs_opendir	32	static
fs/ext4/ext4fs.c:333:6:ext4fs_closedir	0	static
fs/ext4/ext4fs.c:344:5:ext4fs_exists	16	static
fs/ext4/ext4fs.c:361:5:ext4fs_size	0	static
fs/ext4/ext4fs.c:374:5:ext4fs_probe	8	static
fs/ext4/ext4fs.c:405:5:ext4fs_uuid	8	static
fs/ext4/ext4fs.c:420:6:ext_cache_init	0	static
fs/ext4/ext4fs.c:70:5:ext4fs_read_file	128	static
fs/ext4/ext4fs.c:238:5:ext4fs_readdir	216	static
fs/ext4/ext4fs.c:366:5:ext4fs_read	32	static
fs/ext4/ext4fs.c:387:5:ext4_read_file	56	static
fs/ext4/ext4fs.c:425:6:ext_cache_fini	0	static
fs/ext4/ext4fs.c:431:5:ext_cache_read	24	static
