fs/ext4/ext4_common.c:50:26:ext4fs_get_group_descriptor	0	static
fs/ext4/ext4_common.c:110:10:ext4fs_sb_get_free_blocks	0	static
fs/ext4/ext4_common.c:117:6:ext4fs_sb_set_free_blocks	0	static
fs/ext4/ext4_common.c:123:10:ext4fs_bg_get_free_blocks	0	static
fs/ext4/ext4_common.c:154:10:ext4fs_bg_get_block_id	0	static
fs/ext4/ext4_common.c:164:10:ext4fs_bg_get_inode_id	0	static
fs/ext4/ext4_common.c:175:10:ext4fs_bg_get_inode_table_id	0	static
fs/ext4/ext4_common.c:186:10:ext4fs_div_roundup	16	static
fs/ext4/ext4_common.c:195:6:put_ext4	40	dynamic
fs/ext4/ext4_common.c:306:5:ext4fs_set_block_bmap	8	static
fs/ext4/ext4_common.c:342:6:ext4fs_reset_block_bmap	8	static
fs/ext4/ext4_common.c:372:5:ext4fs_set_inode_bmap	0	static
fs/ext4/ext4_common.c:397:6:ext4fs_reset_inode_bmap	0	static
fs/ext4/ext4_common.c:418:10:ext4fs_checksum_update	24	static
fs/ext4/ext4_common.c:960:10:ext4fs_get_new_blk_no	48	static
fs/ext4/ext4_common.c:1089:5:ext4fs_get_new_inode_no	48	static
fs/ext4/ext4_common.c:1494:6:ext4fs_allocate_blocks	64	static
fs/ext4/ext4_common.c:1593:5:ext4fs_read_inode	56	static
fs/ext4/ext4_common.c:738:5:ext4fs_iget	8	static
fs/ext4/ext4_common.c:1643:10:read_allocated_block	56	static
fs/ext4/ext4_common.c:474:5:ext4fs_update_parent_dentry	72	static
fs/ext4/ext4_common.c:630:12:search_dir	40	static
fs/ext4/ext4_common.c:754:5:ext4fs_get_parent_inode_num	176	static
fs/ext4/ext4_common.c:937:5:ext4fs_filename_unlink	48	static
fs/ext4/ext4_common.c:2008:6:ext4fs_reinit_global	0	static
fs/ext4/ext4_common.c:2029:6:ext4fs_close	16	static
fs/ext4/ext4_common.c:2043:5:ext4fs_iterate_dir	80	dynamic
fs/ext4/ext4_common.c:2185:5:ext4fs_find_file1	72	dynamic
fs/ext4/ext4_common.c:2284:5:ext4fs_find_file	24	static
fs/ext4/ext4_common.c:2308:5:ext4fs_open	32	static
fs/ext4/ext4_common.c:2338:5:ext4fs_mount	16	static
