drivers/clk/clk-uclass.c:546:13:clk_clean_rate_cache	16	static
drivers/clk/clk-uclass.c:32:13:dev_get_clk_ptr	0	static
drivers/clk/clk-uclass.c:443:5:clk_request	0	static
drivers/clk/clk-uclass.c:73:12:clk_get_by_index_tail.part.0.constprop	24	static
drivers/clk/clk-uclass.c:114:12:clk_get_by_indexed_prop	96	static
drivers/clk/clk-uclass.c:142:5:clk_get_by_index_nodev	96	static
drivers/clk/clk-uclass.c:137:5:clk_get_by_index	0	static
drivers/clk/clk-uclass.c:404:5:clk_get_by_name_nodev	16	static
drivers/clk/clk-uclass.c:398:5:clk_get_by_name	0	static
drivers/clk/clk-uclass.c:460:7:clk_get_rate	0	static
drivers/clk/clk-uclass.c:475:13:clk_get_parent	8	static
drivers/clk/clk-uclass.c:494:7:clk_get_parent_rate	8	static
drivers/clk/clk-uclass.c:518:7:clk_round_rate	0	static
drivers/clk/clk-uclass.c:562:7:clk_set_rate	16	static
drivers/clk/clk-uclass.c:583:5:clk_set_parent	0	static
drivers/clk/clk-uclass.c:369:5:clk_set_defaults	104	static
drivers/clk/clk-uclass.c:787:5:clk_uclass_post_probe	8	static
drivers/clk/clk-uclass.c:606:5:clk_enable	0	static
drivers/clk/clk-uclass.c:654:5:clk_enable_bulk	16	static
drivers/clk/clk-uclass.c:667:5:clk_disable	0	static
drivers/clk/clk-uclass.c:423:5:clk_release_all	16	static
drivers/clk/clk-uclass.c:154:5:clk_get_bulk	24	static
drivers/clk/clk-uclass.c:719:5:clk_disable_bulk	16	static
drivers/clk/clk-uclass.c:732:5:clk_get_by_id	32	static
drivers/clk/clk-uclass.c:754:6:clk_is_match	0	static
drivers/clk/clk-uclass.c:771:13:devm_clk_get	16	static
