boot/image-board.c:110:13:env_get_bootm_low	8	static
boot/image-board.c:126:13:env_get_bootm_size	16	static
boot/image-board.c:150:13:env_get_bootm_mapsize	8	static
boot/image-board.c:164:6:memmove_wd	0	static
boot/image-board.c:194:7:genimg_get_kernel_addr_fit	24	static
boot/image-board.c:228:7:genimg_get_kernel_addr	16	static
boot/image-board.c:251:5:genimg_get_format	8	static
boot/image-board.c:282:5:genimg_has_config	0	static
boot/image-board.c:461:5:boot_get_ramdisk	80	static
boot/image-board.c:538:5:boot_ramdisk_high	24	static
boot/image-board.c:612:5:boot_get_setup	0	static
boot/image-board.c:621:5:boot_get_fpga	0	static
boot/image-board.c:733:5:boot_get_loadable	88	static
boot/image-board.c:827:5:boot_get_cmdline	0	static
boot/image-board.c:872:5:boot_get_kbd	16	static
boot/image-board.c:891:5:image_setup_linux	0	static
boot/image-board.c:927:6:genimg_print_size	8	static
boot/image-board.c:933:6:genimg_print_time	64	static
boot/image-board.c:959:5:image_locate_script	32	static
