fs/fs.c:48:19:fs_probe_unsupported	0	static
fs/fs.c:55:19:fs_ls_unsupported	0	static
fs/fs.c:92:19:fs_exists_unsupported	0	static
fs/fs.c:102:19:fs_read_unsupported	0	static
fs/fs.c:121:20:fs_close_unsupported	0	static
fs/fs.c:130:19:fs_opendir_unsupported	0	static
fs/fs.c:384:28:fs_get_info	8	static
fs/fs.c:109:19:fs_write_unsupported	0	static
fs/fs.c:141:19:fs_mkdir_unsupported	0	static
fs/fs.c:97:19:fs_size_unsupported	0	static
fs/fs.c:116:19:fs_ln_unsupported	0	static
fs/fs.c:125:19:fs_uuid_unsupported	0	static
fs/fs.c:136:19:fs_unlink_unsupported	0	static
fs/fs.c:43:6:fs_set_type	0	static
fs/fs.c:406:5:fs_get_type	0	static
fs/fs.c:419:13:fs_get_type_name	8	static
fs/fs.c:424:5:fs_set_blk_dev	40	static
fs/fs.c:453:5:fs_set_blk_dev_with_part	24	static
fs/fs.c:477:6:fs_close	8	static
fs/fs.c:486:5:fs_uuid	8	static
fs/fs.c:493:5:fs_ls	8	static
fs/fs.c:506:5:fs_exists	8	static
fs/fs.c:519:5:fs_size	16	static
fs/fs.c:596:5:fs_read	48	static
fs/fs.c:602:5:fs_write	56	static
fs/fs.c:622:23:fs_opendir	24	static
fs/fs.c:641:19:fs_readdir	16	static
fs/fs.c:660:6:fs_closedir	8	static
fs/fs.c:62:12:fs_ls_generic	40	static
fs/fs.c:674:5:fs_unlink	8	static
fs/fs.c:687:5:fs_mkdir	8	static
fs/fs.c:700:5:fs_ln	16	static
fs/fs.c:716:5:do_size	24	static
fs/fs.c:735:5:do_load	88	static
fs/fs.c:813:5:do_ls	16	static
fs/fs.c:830:5:file_exists	8	static
fs/fs.c:839:5:do_save	64	static
fs/fs.c:881:5:do_fs_uuid	56	static
fs/fs.c:906:5:do_fs_type	16	static
fs/fs.c:928:5:do_rm	8	static
fs/fs.c:943:5:do_mkdir	8	static
fs/fs.c:963:5:do_ln	8	static
fs/fs.c:978:5:do_fs_types	24	static
fs/fs.c:998:5:fs_read_alloc	48	static
fs/fs.c:1027:5:fs_load_alloc	40	static
