drivers/net/ti/cpsw.c:565:12:cpdma_submit	12	static
drivers/net/ti/cpsw.c:756:12:cpsw_reap_completed_packets	0	static
drivers/net/ti/cpsw.c:962:13:cpsw_gmii_sel_am3352	20	static
drivers/net/ti/cpsw.c:947:13:cpsw_eth_stop	8	static
drivers/net/ti/cpsw.c:939:12:cpsw_eth_free_pkt	8	static
drivers/net/ti/cpsw.c:925:12:cpsw_eth_send	16	static
drivers/net/ti/cpsw.c:1125:12:cpsw_eth_of_to_plat	128	static
drivers/net/ti/cpsw.c:278:12:cpsw_ale_read.isra	0	static
drivers/net/ti/cpsw.c:302:12:cpsw_ale_match_addr	48	static
drivers/net/ti/cpsw.c:335:12:cpsw_ale_find_ageable	24	static
drivers/net/ti/cpsw.c:321:12:cpsw_ale_match_free	24	static
drivers/net/ti/cpsw.c:380:12:cpsw_ale_add_mcast.constprop.isra	48	static
drivers/net/ti/cpsw.c:917:12:cpsw_eth_start	48	static
drivers/net/ti/cpsw.c:932:12:cpsw_eth_recv	16	static
drivers/net/ti/cpsw.c:879:5:_cpsw_register	32	static
drivers/net/ti/cpsw.c:1078:12:cpsw_eth_probe	16	static
drivers/net/ti/cpsw.c:1263:5:cpsw_get_slave_phy_addr	8	static
