arch/arm/mach-omap2/am33xx/board.c:68:5:dram_init	8	static
arch/arm/mach-omap2/am33xx/board.c:81:5:dram_init_banksize	0	static
arch/arm/mach-omap2/am33xx/board.c:188:5:cpu_mmc_init	16	static
arch/arm/mach-omap2/am33xx/board.c:264:5:arch_misc_init	16	static
arch/arm/mach-omap2/am33xx/board.c:330:5:board_early_init_f	8	static
arch/arm/mach-omap2/am33xx/board.c:456:6:s_init	0	static
arch/arm/mach-omap2/am33xx/board.c:463:6:early_system_init	8	static
arch/arm/mach-omap2/am33xx/board.c:516:12:am33xx_dm_post_init	8	static
arch/arm/mach-omap2/am33xx/board.c:501:6:board_init_f	8	static
