arch/arm/mach-omap2/am33xx/ddr.c:65:13:configure_mr	16	static
arch/arm/mach-omap2/am33xx/ddr.c:84:6:config_sdram_emif4d5	16	static
arch/arm/mach-omap2/am33xx/ddr.c:183:6:config_sdram	24	static
arch/arm/mach-omap2/am33xx/ddr.c:211:6:set_sdram_timings	0	static
arch/arm/mach-omap2/am33xx/ddr.c:323:6:config_ddr_phy	8	static
arch/arm/mach-omap2/am33xx/ddr.c:351:6:config_cmd_ctrl	0	static
arch/arm/mach-omap2/am33xx/ddr.c:369:6:config_ddr_data	8	static
arch/arm/mach-omap2/am33xx/ddr.c:392:6:config_io_ctrl	0	static
