lib/fdtdec.c:664:20:get_prop_check_min_len	16	static
lib/fdtdec.c:608:12:fdtdec_prepare_fdt	8	static
lib/fdtdec.c:96:13:fdtdec_get_srcname	0	static
lib/fdtdec.c:101:13:fdtdec_get_compatible	0	static
lib/fdtdec.c:215:5:fdtdec_get_pci_vendev	40	static
lib/fdtdec.c:251:5:fdtdec_get_pci_bar32	8	static
lib/fdtdec.c:268:5:fdtdec_get_pci_bus_range	16	static
lib/fdtdec.c:284:10:fdtdec_get_uint64	24	static
lib/fdtdec.c:297:5:fdtdec_get_is_enabled	8	static
lib/fdtdec.c:314:20:fdtdec_lookup	24	static
lib/fdtdec.c:326:5:fdtdec_next_compatible	0	static
lib/fdtdec.c:331:5:fdtdec_next_compatible_subnode	24	static
lib/fdtdec.c:346:5:fdtdec_next_alias	72	static
lib/fdtdec.c:378:5:fdtdec_add_aliases_for_id	56	dynamic
lib/fdtdec.c:368:5:fdtdec_find_aliases_for_id	24	static
lib/fdtdec.c:493:5:fdtdec_get_alias_seq	56	static
lib/fdtdec.c:546:5:fdtdec_get_alias_highest_id	32	static
lib/fdtdec.c:579:13:fdtdec_get_chosen_prop	16	static
lib/fdtdec.c:589:5:fdtdec_get_chosen_node	8	static
lib/fdtdec.c:627:5:fdtdec_check_fdt	8	static
lib/fdtdec.c:639:5:fdtdec_lookup_phandle	8	static
lib/fdtdec.c:682:5:fdtdec_get_int_array	32	static
lib/fdtdec.c:951:12:decode_timing_property	40	static
lib/fdtdec.c:700:5:fdtdec_get_int_array_count	16	static
lib/fdtdec.c:720:12:fdtdec_locate_array	24	static
lib/fdtdec.c:731:5:fdtdec_get_bool	16	static
lib/fdtdec.c:741:5:fdtdec_parse_phandle_with_args	48	static
lib/fdtdec.c:865:5:fdtdec_get_byte_array	32	static
lib/fdtdec.c:877:11:fdtdec_locate_byte_array	24	static
lib/fdtdec.c:889:5:fdtdec_get_number	8	static
lib/fdtdec.c:108:12:fdtdec_get_addr_size_fixed	40	static
lib/fdtdec.c:154:12:fdtdec_get_addr_size_auto_parent	40	static
lib/fdtdec.c:181:12:fdtdec_get_addr_size_auto_noparent	40	static
lib/fdtdec.c:200:12:fdtdec_get_addr_size	24	static
lib/fdtdec.c:210:12:fdtdec_get_addr	0	static
lib/fdtdec.c:899:5:fdt_get_resource	40	static
lib/fdtdec.c:938:5:fdt_get_named_resource	24	static
lib/fdtdec.c:975:5:fdtdec_decode_display_timing	56	static
lib/fdtdec.c:1043:5:fdtdec_setup_mem_size_base	40	static
lib/fdtdec.c:1069:8:get_next_memory_node	16	static
lib/fdtdec.c:1078:5:fdtdec_setup_memory_banksize	48	static
lib/fdtdec.c:1119:5:fdtdec_setup_mem_size_base_lowest	48	static
lib/fdtdec.c:1270:5:fdtdec_set_ethernet_mac_address	32	static
lib/fdtdec.c:1331:5:fdtdec_add_reserved_memory	144	static
lib/fdtdec.c:1469:5:fdtdec_get_carveout	48	static
lib/fdtdec.c:1570:5:fdtdec_set_carveout	56	static
lib/fdtdec.c:1627:12:fdtdec_board_setup	0	static
lib/fdtdec.c:1667:5:fdtdec_setup	8	static
lib/fdtdec.c:1738:5:fdtdec_resetup	0	static
lib/fdtdec.c:1774:5:fdtdec_decode_ram_size	56	static
