lib/hashtable.c:533:12:cmpkey	0	static
lib/hashtable.c:541:12:match_string	16	static
lib/hashtable.c:570:12:match_entry	568	static
lib/hashtable.c:726:12:drop_var_from_set.part.0	24	static
lib/hashtable.c:439:13:_hdelete.isra	16	static
lib/hashtable.c:221:1:do_callback.isra	8	static
lib/hashtable.c:95:5:hcreate_r	16	static
lib/hashtable.c:138:6:hdestroy_r	24	static
lib/hashtable.c:200:5:hmatch_r	32	static
lib/hashtable.c:281:5:hsearch_r	64	static
lib/hashtable.c:452:5:hdelete_r	72	static
lib/hashtable.c:599:9:hexport_r	56	dynamic
lib/hashtable.c:788:5:himport_r	88	dynamic
lib/hashtable.c:989:5:hwalk_r	24	static
