lib/lmb.c:81:13:lmb_remove_region	0	static
lib/lmb.c:493:13:lmb_dump_region	72	static
lib/lmb.c:439:12:lmb_map_update_notify	24	static
lib/lmb.c:191:13:lmb_add_region_flags	48	static
lib/lmb.c:273:13:_lmb_free	24	static
lib/lmb.c:324:13:lmb_overlaps_region	16	static
lib/lmb.c:706:20:_lmb_alloc_base	48	static
lib/lmb.c:349:5:io_lmb_setup	8	static
lib/lmb.c:372:6:io_lmb_teardown	8	static
lib/lmb.c:378:6:io_lmb_add	0	static
lib/lmb.c:384:13:io_lmb_alloc	40	static
lib/lmb.c:420:6:io_lmb_free	0	static
lib/lmb.c:514:6:lmb_dump_all_force	8	static
lib/lmb.c:521:6:lmb_dump_all	0	static
lib/lmb.c:650:6:lmb_add	16	static
lib/lmb.c:672:6:lmb_free_flags	16	static
lib/lmb.c:684:6:lmb_free	0	static
lib/lmb.c:689:6:lmb_reserve_flags	16	static
lib/lmb.c:606:6:lmb_add_memory	32	static
lib/lmb.c:804:20:_lmb_alloc_addr	24	static
lib/lmb.c:701:6:lmb_reserve	0	static
lib/lmb.c:764:13:lmb_alloc_base	16	static
lib/lmb.c:759:13:lmb_alloc	0	static
lib/lmb.c:790:13:lmb_alloc_base_flags	16	static
lib/lmb.c:833:13:lmb_alloc_addr	0	static
lib/lmb.c:850:13:lmb_alloc_addr_flags	0	static
lib/lmb.c:857:13:lmb_get_free_size	16	static
lib/lmb.c:885:5:lmb_is_reserved_flags	16	static
lib/lmb.c:934:5:lmb_init	24	static
lib/lmb.c:955:13:lmb_get	0	static
