lib/string.c:31:5:strncasecmp	16	static
lib/string.c:61:5:strcasecmp	0	static
lib/string.c:74:8:strcpy	0	static
lib/string.c:95:8:strncpy	8	static
lib/string.c:139:8:strcat	8	static
lib/string.c:162:8:strncat	12	static
lib/string.c:208:5:strcmp	8	static
lib/string.c:232:5:strncmp	8	static
lib/string.c:255:8:strchr	0	static
lib/string.c:264:13:strchrnul	0	static
lib/string.c:294:8:strlen	0	static
lib/string.c:120:8:strlcpy	24	static
lib/string.c:278:8:strrchr	16	static
lib/string.c:310:8:strnlen	8	static
lib/string.c:194:8:strlcat	24	static
lib/string.c:327:8:strcspn	12	static
lib/string.c:345:8:strdup	16	static
lib/string.c:358:8:strndup	16	static
lib/string.c:389:8:strspn	12	static
lib/string.c:415:8:strpbrk	12	static
lib/string.c:437:8:strtok	16	static
lib/string.c:470:8:strsep	16	static
lib/string.c:494:7:strswab	0	static
lib/string.c:596:15:memmove	8	static
lib/string.c:632:12:memcmp	8	static
lib/string.c:654:8:memscan	8	static
lib/string.c:668:7:memdup	16	static
lib/string.c:687:8:strstr	24	static
lib/string.c:715:7:memchr	8	static
lib/string.c:747:7:memchr_inv	20	static
