arch/arm/lib/cache-cp15.c:20:13:arm_init_before_mmu	0	static
arch/arm/lib/cache-cp15.c:46:6:set_section_dcache	0	static
arch/arm/lib/cache-cp15.c:51:13:mmu_page_table_flush	0	static
arch/arm/lib/cache-cp15.c:56:6:mmu_set_region_dcache_behaviour_phys	16	static
arch/arm/lib/cache-cp15.c:95:13:dram_bank_mmu_setup	8	static
arch/arm/lib/cache-cp15.c:276:6:icache_enable	0	static
arch/arm/lib/cache-cp15.c:281:6:icache_disable	0	static
arch/arm/lib/cache-cp15.c:286:5:icache_status	0	static
arch/arm/lib/cache-cp15.c:314:6:dcache_enable	8	static
arch/arm/lib/cache-cp15.c:319:6:dcache_disable	8	static
arch/arm/lib/cache-cp15.c:324:5:dcache_status	0	static
arch/arm/lib/cache-cp15.c:329:6:mmu_set_region_dcache_behaviour	0	static
