arch/arm/lib/interrupts.c:32:5:interrupt_init	0	static
arch/arm/lib/interrupts.c:44:6:enable_interrupts	0	static
arch/arm/lib/interrupts.c:48:5:disable_interrupts	0	static
arch/arm/lib/interrupts.c:53:6:bad_mode	8	static
arch/arm/lib/interrupts.c:88:6:show_regs	168	static
arch/arm/lib/interrupts.c:164:6:do_undefined_instruction	8	static
arch/arm/lib/interrupts.c:174:6:do_software_interrupt	8	static
arch/arm/lib/interrupts.c:188:6:do_prefetch_abort	8	static
arch/arm/lib/interrupts.c:198:6:do_data_abort	8	static
arch/arm/lib/interrupts.c:208:6:do_not_used	8	static
arch/arm/lib/interrupts.c:218:6:do_fiq	8	static
arch/arm/lib/interrupts.c:228:6:do_irq	8	static
