board/calixto/am335x_versa_nxt512/board.c:101:5:spl_start_uboot	8	static
board/calixto/am335x_versa_nxt512/board.c:120:27:get_dpll_ddr_params	8	static
board/calixto/am335x_versa_nxt512/board.c:128:27:get_dpll_mpu_params	8	static
board/calixto/am335x_versa_nxt512/board.c:138:6:set_uart_mux_conf	0	static
board/calixto/am335x_versa_nxt512/board.c:145:6:set_mux_conf_regs	0	static
board/calixto/am335x_versa_nxt512/board.c:159:6:sdram_init	16	static
board/calixto/am335x_versa_nxt512/board.c:171:5:ft_board_setup	0	static
board/calixto/am335x_versa_nxt512/board.c:182:5:board_init	0	static
board/calixto/am335x_versa_nxt512/board.c:203:5:board_late_init	24	static
board/calixto/am335x_versa_nxt512/board.c:277:5:board_fit_config_name_match	0	static
