lib/libfdt/../../scripts/dtc/libfdt/fdt_ro.c:160:40:fdt_mem_rsv	0	static
lib/libfdt/../../scripts/dtc/libfdt/fdt_ro.c:201:12:nextprop_	24	static
lib/libfdt/../../scripts/dtc/libfdt/fdt_ro.c:357:35:fdt_get_property_by_offset_	16	static
lib/libfdt/../../scripts/dtc/libfdt/fdt_ro.c:34:13:fdt_get_string	16	static
lib/libfdt/../../scripts/dtc/libfdt/fdt_ro.c:100:13:fdt_string	0	static
lib/libfdt/../../scripts/dtc/libfdt/fdt_ro.c:175:5:fdt_get_mem_rsv	24	static
lib/libfdt/../../scripts/dtc/libfdt/fdt_ro.c:189:5:fdt_num_mem_rsv	8	static
lib/libfdt/../../scripts/dtc/libfdt/fdt_ro.c:300:13:fdt_get_name	24	static
lib/libfdt/../../scripts/dtc/libfdt/fdt_ro.c:225:5:fdt_subnode_offset_namelen	32	static
lib/libfdt/../../scripts/dtc/libfdt/fdt_ro.c:244:5:fdt_subnode_offset	16	static
lib/libfdt/../../scripts/dtc/libfdt/fdt_ro.c:339:5:fdt_first_property_offset	8	static
lib/libfdt/../../scripts/dtc/libfdt/fdt_ro.c:349:5:fdt_next_property_offset	8	static
lib/libfdt/../../scripts/dtc/libfdt/fdt_ro.c:394:35:fdt_get_property_namelen_	40	static
lib/libfdt/../../scripts/dtc/libfdt/fdt_ro.c:378:28:fdt_get_property_by_offset	4	static
lib/libfdt/../../scripts/dtc/libfdt/fdt_ro.c:424:28:fdt_get_property_namelen	24	static
lib/libfdt/../../scripts/dtc/libfdt/fdt_ro.c:441:28:fdt_get_property	32	static
lib/libfdt/../../scripts/dtc/libfdt/fdt_ro.c:449:13:fdt_getprop_namelen	32	static
lib/libfdt/../../scripts/dtc/libfdt/fdt_ro.c:467:13:fdt_getprop_by_offset	32	static
lib/libfdt/../../scripts/dtc/libfdt/fdt_ro.c:500:13:fdt_getprop	32	static
lib/libfdt/../../scripts/dtc/libfdt/fdt_ro.c:506:10:fdt_get_phandle	24	static
lib/libfdt/../../scripts/dtc/libfdt/fdt_ro.c:114:5:fdt_find_max_phandle	24	static
lib/libfdt/../../scripts/dtc/libfdt/fdt_ro.c:142:5:fdt_generate_phandle	16	static
lib/libfdt/../../scripts/dtc/libfdt/fdt_ro.c:523:13:fdt_get_alias_namelen	24	static
lib/libfdt/../../scripts/dtc/libfdt/fdt_ro.c:250:5:fdt_path_offset_namelen	24	static
lib/libfdt/../../scripts/dtc/libfdt/fdt_ro.c:295:5:fdt_path_offset	16	static
lib/libfdt/../../scripts/dtc/libfdt/fdt_ro.c:535:13:fdt_get_alias	16	static
lib/libfdt/../../scripts/dtc/libfdt/fdt_ro.c:540:5:fdt_get_path	48	static
lib/libfdt/../../scripts/dtc/libfdt/fdt_ro.c:592:5:fdt_supernode_atdepth_offset	32	static
lib/libfdt/../../scripts/dtc/libfdt/fdt_ro.c:630:5:fdt_node_depth	16	static
lib/libfdt/../../scripts/dtc/libfdt/fdt_ro.c:641:5:fdt_parent_offset	16	static
lib/libfdt/../../scripts/dtc/libfdt/fdt_ro.c:651:5:fdt_node_offset_by_prop_value	40	static
lib/libfdt/../../scripts/dtc/libfdt/fdt_ro.c:678:5:fdt_node_offset_by_phandle	16	static
lib/libfdt/../../scripts/dtc/libfdt/fdt_ro.c:703:5:fdt_stringlist_contains	24	static
lib/libfdt/../../scripts/dtc/libfdt/fdt_ro.c:720:5:fdt_stringlist_count	24	static
lib/libfdt/../../scripts/dtc/libfdt/fdt_ro.c:745:5:fdt_stringlist_search	40	static
lib/libfdt/../../scripts/dtc/libfdt/fdt_ro.c:775:13:fdt_stringlist_get	32	static
lib/libfdt/../../scripts/dtc/libfdt/fdt_ro.c:820:5:fdt_node_check_compatible	16	static
lib/libfdt/../../scripts/dtc/libfdt/fdt_ro.c:833:5:fdt_node_offset_by_compatible	16	static
lib/libfdt/../../scripts/dtc/libfdt/fdt_ro.c:859:5:fdt_check_full	40	static
