Archive member included to satisfy reference by file (symbol)

arch/arm/mach-omap2/am33xx/clock_am33xx.o
                              (--whole-archive)
arch/arm/mach-omap2/am33xx/clock.o
                              (--whole-archive)
arch/arm/mach-omap2/am33xx/sys_info.o
                              (--whole-archive)
arch/arm/mach-omap2/am33xx/ddr.o
                              (--whole-archive)
arch/arm/mach-omap2/am33xx/emif4.o
                              (--whole-archive)
arch/arm/mach-omap2/am33xx/board.o
                              (--whole-archive)
arch/arm/mach-omap2/am33xx/mux.o
                              (--whole-archive)
arch/arm/mach-omap2/am33xx/prcm-regs.o
                              (--whole-archive)
arch/arm/mach-omap2/am33xx/hw_data.o
                              (--whole-archive)
arch/arm/mach-omap2/am33xx/fdt.o
                              (--whole-archive)
arch/arm/mach-omap2/am33xx/clk_synthesizer.o
                              (--whole-archive)
arch/arm/mach-omap2/reset.o   (--whole-archive)
arch/arm/mach-omap2/timer.o   (--whole-archive)
arch/arm/mach-omap2/utils.o   (--whole-archive)
arch/arm/mach-omap2/sysinfo-common.o
                              (--whole-archive)
arch/arm/mach-omap2/omap-cache.o
                              (--whole-archive)
arch/arm/mach-omap2/boot-common.o
                              (--whole-archive)
arch/arm/mach-omap2/lowlevel_init.o
                              (--whole-archive)
arch/arm/mach-omap2/mem-common.o
                              (--whole-archive)
arch/arm/mach-omap2/fdt-common.o
                              (--whole-archive)
arch/arm/cpu/armv7/cache_v7.o
                              (--whole-archive)
arch/arm/cpu/armv7/cache_v7_asm.o
                              (--whole-archive)
arch/arm/cpu/armv7/cpu.o      (--whole-archive)
arch/arm/cpu/armv7/cp15.o     (--whole-archive)
arch/arm/cpu/armv7/syslib.o   (--whole-archive)
arch/arm/cpu/armv7/lowlevel_init.o
                              (--whole-archive)
arch/arm/lib/vectors.o        (--whole-archive)
arch/arm/lib/crt0.o           (--whole-archive)
arch/arm/lib/setjmp.o         (--whole-archive)
arch/arm/lib/spl.o            (--whole-archive)
arch/arm/lib/zimage.o         (--whole-archive)
arch/arm/lib/bootm-fdt.o      (--whole-archive)
arch/arm/lib/memset.o         (--whole-archive)
arch/arm/lib/memcpy.o         (--whole-archive)
arch/arm/lib/bdinfo.o         (--whole-archive)
arch/arm/lib/sections.o       (--whole-archive)
arch/arm/lib/stack.o          (--whole-archive)
arch/arm/lib/interrupts.o     (--whole-archive)
arch/arm/lib/reset.o          (--whole-archive)
arch/arm/lib/cache.o          (--whole-archive)
arch/arm/lib/cache-cp15.o     (--whole-archive)
arch/arm/lib/psci-dt.o        (--whole-archive)
board/calixto/am335x_versa_nxt512/mux.o
                              (--whole-archive)
board/calixto/am335x_versa_nxt512/board.o
                              (--whole-archive)
common/spl/spl.o              (--whole-archive)
common/spl/spl_fit.o          (--whole-archive)
common/spl/spl_ymodem.o       (--whole-archive)
common/spl/spl_nand.o         (--whole-archive)
common/spl/spl_mmc.o          (--whole-archive)
common/spl/spl_fat.o          (--whole-archive)
common/spl/spl_ext.o          (--whole-archive)
common/init/board_init.o      (--whole-archive)
boot/image.o                  (--whole-archive)
boot/image-board.o            (--whole-archive)
boot/image-android.o          (--whole-archive)
boot/image-android-dt.o       (--whole-archive)
boot/fdt_support.o            (--whole-archive)
boot/image-fdt.o              (--whole-archive)
boot/image-fit.o              (--whole-archive)
boot/common_fit.o             (--whole-archive)
common/console.o              (--whole-archive)
common/dlmalloc.o             (--whole-archive)
common/malloc_simple.o        (--whole-archive)
common/hash.o                 (--whole-archive)
common/memsize.o              (--whole-archive)
common/stdio.o                (--whole-archive)
common/cli.o                  (--whole-archive)
common/dfu.o                  (--whole-archive)
common/command.o              (--whole-archive)
common/s_record.o             (--whole-archive)
common/xyzModem.o             (--whole-archive)
env/common.o                  (--whole-archive)
env/env.o                     (--whole-archive)
env/attr.o                    (--whole-archive)
env/flags.o                   (--whole-archive)
env/nowhere.o                 (--whole-archive)
lib/crc16.o                   (--whole-archive)
lib/hash-checksum.o           (--whole-archive)
lib/sha1.o                    (--whole-archive)
lib/sha256.o                  (--whole-archive)
lib/libfdt/fdt.o              (--whole-archive)
lib/libfdt/fdt_ro.o           (--whole-archive)
lib/libfdt/fdt_wip.o          (--whole-archive)
lib/libfdt/fdt_strerror.o     (--whole-archive)
lib/libfdt/fdt_sw.o           (--whole-archive)
lib/libfdt/fdt_rw.o           (--whole-archive)
[...]
Memory Configuration

Name             Origin             Length             Attributes
.sram            0x00000000402f0400 0x000000000001b000
.sdram           0x0000000080a00000 0x0000000000080000
*default*        0x0000000000000000 0xffffffffffffffff

Linker script and memory map


.text           0x00000000402f0400     0xb972
                0x00000000402f0400                __start = .
 *(.vectors)
 .vectors       0x00000000402f0400       0x44 arch/arm/lib/vectors.o
                0x00000000402f0400                _start
                0x00000000402f0420                _undefined_instruction
                0x00000000402f0424                _software_interrupt
                0x00000000402f0428                _prefetch_abort
                0x00000000402f042c                _data_abort
                0x00000000402f0430                _not_used
                0x00000000402f0434                _irq
                0x00000000402f0438                _fiq
 arch/arm/cpu/armv7/start.o(.text*)
 .text          0x00000000402f0444       0xd4 arch/arm/cpu/armv7/start.o
                0x00000000402f0444                reset
                0x00000000402f0448                save_boot_params_ret
                0x00000000402f0484                c_runtime_cpu_setup
                0x00000000402f0498                cpu_init_cp15
                0x00000000402f050c                cpu_init_crit
 *(.text*)
 .text.get_dpll_core_params
                0x00000000402f0518       0x14 arch/arm/mach-omap2/am33xx/clock_am33xx.o
                0x00000000402f0518                get_dpll_core_params
 .text.get_dpll_per_params
                0x00000000402f052c       0x14 arch/arm/mach-omap2/am33xx/clock_am33xx.o
                0x00000000402f052c                get_dpll_per_params
 .text.setup_clocks_for_console
                0x00000000402f0540       0x74 arch/arm/mach-omap2/am33xx/clock_am33xx.o
                0x00000000402f0540                setup_clocks_for_console
 .text.enable_basic_clocks
                0x00000000402f05b4       0x44 arch/arm/mach-omap2/am33xx/clock_am33xx.o
                0x00000000402f05b4                enable_basic_clocks
 .text.do_setup_dpll
                0x00000000402f05f8       0xe0 arch/arm/mach-omap2/am33xx/clock.o
                0x00000000402f05f8                do_setup_dpll
 .text.do_enable_clocks
                0x00000000402f06d8       0x70 arch/arm/mach-omap2/am33xx/clock.o
                0x00000000402f06d8                do_enable_clocks
 .text.scale_vcores
                0x00000000402f0748        0x2 arch/arm/mach-omap2/am33xx/clock.o
                0x00000000402f0748                scale_vcores
 .text.setup_early_clocks
                0x00000000402f074a       0x12 arch/arm/mach-omap2/am33xx/clock.o
                0x00000000402f074a                setup_early_clocks
 .text.prcm_init
                0x00000000402f075c       0x5c arch/arm/mach-omap2/am33xx/clock.o
                0x00000000402f075c                prcm_init
 .text.get_sys_clk_index
                0x00000000402f07b8       0x14 arch/arm/mach-omap2/am33xx/sys_info.o
                0x00000000402f07b8                get_sys_clk_index
 .text.am335x_get_efuse_mpu_max_freq
                0x00000000402f07cc       0x8a arch/arm/mach-omap2/am33xx/sys_info.o
                0x00000000402f07cc                am335x_get_efuse_mpu_max_freq
 *fill*         0x00000000402f0856        0x2 
 .text.configure_mr
                0x00000000402f0858       0x88 arch/arm/mach-omap2/am33xx/ddr.o
 .text.config_sdram_emif4d5
                0x00000000402f08e0      0x164 arch/arm/mach-omap2/am33xx/ddr.o
                0x00000000402f08e0                config_sdram_emif4d5
 .text.config_sdram
                0x00000000402f0a44       0x80 arch/arm/mach-omap2/am33xx/ddr.o
                0x00000000402f0a44                config_sdram
 .text.set_sdram_timings
                0x00000000402f0ac4       0x3c arch/arm/mach-omap2/am33xx/ddr.o
                0x00000000402f0ac4                set_sdram_timings
 .text.config_ddr_phy
                0x00000000402f0b00      0x1b8 arch/arm/mach-omap2/am33xx/ddr.o
                0x00000000402f0b00                config_ddr_phy
 .text.config_cmd_ctrl
                0x00000000402f0cb8       0x44 arch/arm/mach-omap2/am33xx/ddr.o
                0x00000000402f0cb8                config_cmd_ctrl
 .text.config_ddr_data
                0x00000000402f0cfc       0x4c arch/arm/mach-omap2/am33xx/ddr.o
                0x00000000402f0cfc                config_ddr_data
 .text.config_io_ctrl
                0x00000000402f0d48       0x3c arch/arm/mach-omap2/am33xx/ddr.o
                0x00000000402f0d48                config_io_ctrl
 .text.ddr_pll_config
                0x00000000402f0d84        0x2 arch/arm/mach-omap2/am33xx/emif4.o
                0x00000000402f0d84                ddr_pll_config
 *fill*         0x00000000402f0d86        0x2 
 .text.config_ddr
                0x00000000402f0d88       0xc0 arch/arm/mach-omap2/am33xx/emif4.o
                0x00000000402f0d88                config_ddr
 .text.dram_init_banksize
                0x00000000402f0e48       0x18 arch/arm/mach-omap2/am33xx/board.o
                0x00000000402f0e48                dram_init_banksize
 .text.board_early_init_f
                0x00000000402f0e60        0xe arch/arm/mach-omap2/am33xx/board.o
                0x00000000402f0e60                board_early_init_f
 .text.s_init   0x00000000402f0e6e        0x2 arch/arm/mach-omap2/am33xx/board.o
                0x00000000402f0e6e                s_init
 .text.early_system_init
                0x00000000402f0e70       0x98 arch/arm/mach-omap2/am33xx/board.o
                0x00000000402f0e70                early_system_init
 .text.am33xx_dm_post_init
                0x00000000402f0f08        0xe arch/arm/mach-omap2/am33xx/board.o
 .text.board_init_f
                0x00000000402f0f16       0x24 arch/arm/mach-omap2/am33xx/board.o
                0x00000000402f0f16                board_init_f
 .text.configure_module_pin_mux
                0x00000000402f0f3a       0x20 arch/arm/mach-omap2/am33xx/mux.o
                0x00000000402f0f3a                configure_module_pin_mux
 *fill*         0x00000000402f0f5a        0x2 
 .text.hw_data_init
                0x00000000402f0f5c       0x14 arch/arm/mach-omap2/am33xx/hw_data.o
                0x00000000402f0f5c                hw_data_init
 .text.reset_cpu
                0x00000000402f0f70       0x14 arch/arm/mach-omap2/reset.o
                0x00000000402f0f70                reset_cpu
 .text.get_timer_masked
                0x00000000402f0f84       0x54 arch/arm/mach-omap2/timer.o
 .text.timer_init
                0x00000000402f0fd8       0x18 arch/arm/mach-omap2/timer.o
                0x00000000402f0fd8                timer_init
 .text.get_timer
                0x00000000402f0ff0        0xc arch/arm/mach-omap2/timer.o
                0x00000000402f0ff0                get_timer
 .text.__udelay
                0x00000000402f0ffc       0x34 arch/arm/mach-omap2/timer.o
                0x00000000402f0ffc                __udelay
 .text.omap_sys_boot_device
                0x00000000402f1030        0x4 arch/arm/mach-omap2/boot-common.o
                0x00000000402f1030                omap_sys_boot_device
 .text.save_omap_boot_params
                0x00000000402f1034       0x78 arch/arm/mach-omap2/boot-common.o
                0x00000000402f1034                save_omap_boot_params
 .text.spl_boot_device
                0x00000000402f10ac        0x6 arch/arm/mach-omap2/boot-common.o
                0x00000000402f10ac                spl_boot_device
 .text.spl_mmc_boot_mode
                0x00000000402f10b2        0x6 arch/arm/mach-omap2/boot-common.o
                0x00000000402f10b2                spl_mmc_boot_mode
 .text.spl_soc_init
                0x00000000402f10b8        0xe arch/arm/mach-omap2/boot-common.o
                0x00000000402f10b8                spl_soc_init
 *fill*         0x00000000402f10c6        0x2 
 .text.jump_to_image_no_args
                0x00000000402f10c8       0x10 arch/arm/mach-omap2/boot-common.o
                0x00000000402f10c8                jump_to_image_no_args
 .text          0x00000000402f10d8       0x60 arch/arm/mach-omap2/lowlevel_init.o
                0x00000000402f10d8                save_boot_params
                0x00000000402f10e4                omap_smc1
                0x00000000402f1100                omap_smc_sec
 .text.enable_gpmc_cs_config
                0x00000000402f1138       0x6c arch/arm/mach-omap2/mem-common.o
                0x00000000402f1138                enable_gpmc_cs_config
 .text.set_gpmc_cs0
                0x00000000402f11a4       0x50 arch/arm/mach-omap2/mem-common.o
                0x00000000402f11a4                set_gpmc_cs0
 .text.gpmc_init
                0x00000000402f11f4       0x50 arch/arm/mach-omap2/mem-common.o
                0x00000000402f11f4                gpmc_init
 .text.invalidate_icache_all
                0x00000000402f1244       0x14 arch/arm/cpu/armv7/cache_v7.o
                0x00000000402f1244                invalidate_icache_all
 .text.v7_outer_cache_disable
                0x00000000402f1258        0x2 arch/arm/cpu/armv7/cache_v7.o
                0x00000000402f1258                v7_outer_cache_disable
 .text.v7_outer_cache_flush_all
                0x00000000402f125a        0x2 arch/arm/cpu/armv7/cache_v7.o
                0x00000000402f125a                v7_outer_cache_flush_all
 .text.flush_dcache_all
                0x00000000402f125c        0xe arch/arm/cpu/armv7/cache_v7.o
                0x00000000402f125c                flush_dcache_all
 .text.v7_outer_cache_inval_all
                0x00000000402f126a        0x2 arch/arm/cpu/armv7/cache_v7.o
                0x00000000402f126a                v7_outer_cache_inval_all
 .text.invalidate_dcache_all
                0x00000000402f126c        0xe arch/arm/cpu/armv7/cache_v7.o
                0x00000000402f126c                invalidate_dcache_all
 .text.v7_outer_cache_flush_range
                0x00000000402f127a        0x2 arch/arm/cpu/armv7/cache_v7.o
                0x00000000402f127a                v7_outer_cache_flush_range
 .text.flush_dcache_range
                0x00000000402f127c       0x38 arch/arm/cpu/armv7/cache_v7.o
                0x00000000402f127c                flush_dcache_range
 .text.v7_outer_cache_inval_range
                0x00000000402f12b4        0x2 arch/arm/cpu/armv7/cache_v7.o
                0x00000000402f12b4                v7_outer_cache_inval_range
 .text.invalidate_dcache_range
                0x00000000402f12b6       0x40 arch/arm/cpu/armv7/cache_v7.o
                0x00000000402f12b6                invalidate_dcache_range
 *fill*         0x00000000402f12f6        0x2 
 .text          0x00000000402f12f8      0x158 arch/arm/cpu/armv7/cache_v7_asm.o
                0x00000000402f12f8                __v7_flush_dcache_all
                0x00000000402f1394                v7_flush_dcache_all
                0x00000000402f13a4                __v7_invalidate_dcache_all
                0x00000000402f1440                v7_invalidate_dcache_all
 .text.cpu_cache_initialization
                0x00000000402f1450        0x2 arch/arm/cpu/armv7/cpu.o
                0x00000000402f1450                cpu_cache_initialization
 .text.cleanup_before_linux_select
                0x00000000402f1452       0x38 arch/arm/cpu/armv7/cpu.o
                0x00000000402f1452                cleanup_before_linux_select
 .text.cleanup_before_linux
                0x00000000402f148a        0x6 arch/arm/cpu/armv7/cpu.o
                0x00000000402f148a                cleanup_before_linux
 .text.v7_arch_cp15_set_acr
                0x00000000402f1490        0x6 arch/arm/cpu/armv7/cp15.o
                0x00000000402f1490                v7_arch_cp15_set_acr
 .text.sdelay   0x00000000402f1496        0x6 arch/arm/cpu/armv7/syslib.o
                0x00000000402f1496                sdelay
 .text.wait_on_value
                0x00000000402f149c       0x1e arch/arm/cpu/armv7/syslib.o
                0x00000000402f149c                wait_on_value
 *fill*         0x00000000402f14ba        0x2 
 .text.lowlevel_init
                0x00000000402f14bc       0x1c arch/arm/cpu/armv7/lowlevel_init.o
                0x00000000402f14bc                lowlevel_init
 .text          0x00000000402f14d8       0x6c arch/arm/lib/crt0.o
                0x00000000402f14d8                _main
 .text.jump_to_image_linux
                0x00000000402f1544       0x14 arch/arm/lib/spl.o
                0x00000000402f1544                jump_to_image_linux
 .text.bootz_setup
                0x00000000402f1558       0x78 arch/arm/lib/zimage.o
                0x00000000402f1558                bootz_setup
 .text.arch_fixup_fdt
                0x00000000402f15d0       0x3a arch/arm/lib/bootm-fdt.o
                0x00000000402f15d0                arch_fixup_fdt
 *fill*         0x00000000402f160a       0x16 
 .text          0x00000000402f1620       0xa0 arch/arm/lib/memset.o
                0x00000000402f1620                memset
 .text          0x00000000402f16c0      0x2e4 arch/arm/lib/memcpy.o
                0x00000000402f16c0                memcpy
 .text.disable_interrupts
                0x00000000402f19a4        0x4 arch/arm/lib/interrupts.o
                0x00000000402f19a4                disable_interrupts
 .text.reset_misc
                0x00000000402f19a8        0x2 arch/arm/lib/reset.o
                0x00000000402f19a8                reset_misc
 *fill*         0x00000000402f19aa        0x2 
 .text.do_reset
                0x00000000402f19ac       0x20 arch/arm/lib/reset.o
                0x00000000402f19ac                do_reset
 .text.check_cache_range
                0x00000000402f19cc        0xe arch/arm/lib/cache.o
                0x00000000402f19cc                check_cache_range
 .text.icache_enable
                0x00000000402f19da       0x12 arch/arm/lib/cache-cp15.o
                0x00000000402f19da                icache_enable
 .text.icache_disable
                0x00000000402f19ec       0x16 arch/arm/lib/cache-cp15.o
                0x00000000402f19ec                icache_disable
 .text.dcache_disable
                0x00000000402f1a02       0x20 arch/arm/lib/cache-cp15.o
                0x00000000402f1a02                dcache_disable
 .text.dcache_status
                0x00000000402f1a22        0xa arch/arm/lib/cache-cp15.o
                0x00000000402f1a22                dcache_status
 .text.enable_uart0_pin_mux
                0x00000000402f1a2c        0xc board/calixto/am335x_versa_nxt512/mux.o
                0x00000000402f1a2c                enable_uart0_pin_mux
 .text.enable_board_pin_mux
                0x00000000402f1a38       0x30 board/calixto/am335x_versa_nxt512/mux.o
                0x00000000402f1a38                enable_board_pin_mux
 .text.spl_start_uboot
                0x00000000402f1a68       0x30 board/calixto/am335x_versa_nxt512/board.o
                0x00000000402f1a68                spl_start_uboot
 .text.get_dpll_ddr_params
                0x00000000402f1a98       0x14 board/calixto/am335x_versa_nxt512/board.o
                0x00000000402f1a98                get_dpll_ddr_params
 .text.get_dpll_mpu_params
                0x00000000402f1aac       0x20 board/calixto/am335x_versa_nxt512/board.o
                0x00000000402f1aac                get_dpll_mpu_params
 .text.set_uart_mux_conf
                0x00000000402f1acc        0x4 board/calixto/am335x_versa_nxt512/board.o
                0x00000000402f1acc                set_uart_mux_conf
 .text.set_mux_conf_regs
                0x00000000402f1ad0        0x4 board/calixto/am335x_versa_nxt512/board.o
                0x00000000402f1ad0                set_mux_conf_regs
 .text.sdram_init
                0x00000000402f1ad4       0x30 board/calixto/am335x_versa_nxt512/board.o
                0x00000000402f1ad4                sdram_init
 .text.board_fit_config_name_match
                0x00000000402f1b04        0x4 board/calixto/am335x_versa_nxt512/board.o
                0x00000000402f1b04                board_fit_config_name_match
 .text.spl_perform_fixups
                0x00000000402f1b08        0x2 common/spl/spl.o
                0x00000000402f1b08                spl_perform_fixups
 *fill*         0x00000000402f1b0a        0x2 
 .text.spl_fixup_fdt
                0x00000000402f1b0c       0x4c common/spl/spl.o
                0x00000000402f1b0c                spl_fixup_fdt
 .text.spl_board_prepare_for_linux
                0x00000000402f1b58        0x2 common/spl/spl.o
                0x00000000402f1b58                spl_board_prepare_for_linux
 .text.spl_board_loader_name
                0x00000000402f1b5a        0x4 common/spl/spl.o
                0x00000000402f1b5a                spl_board_loader_name
 .text.spl_board_prepare_for_boot
                0x00000000402f1b5e        0x2 common/spl/spl.o
                0x00000000402f1b5e                spl_board_prepare_for_boot
 .text.spl_get_load_buffer
                0x00000000402f1b60        0x6 common/spl/spl.o
                0x00000000402f1b60                spl_get_load_buffer
 *fill*         0x00000000402f1b66        0x2 
 .text.spl_set_header_raw_uboot
                0x00000000402f1b68       0x20 common/spl/spl.o
                0x00000000402f1b68                spl_set_header_raw_uboot
 .text.spl_parse_board_header
                0x00000000402f1b88        0x6 common/spl/spl.o
                0x00000000402f1b88                spl_parse_board_header
 .text.spl_parse_legacy_header
                0x00000000402f1b8e        0x6 common/spl/spl.o
                0x00000000402f1b8e                spl_parse_legacy_header
 .text.spl_parse_image_header
                0x00000000402f1b94       0x68 common/spl/spl.o
                0x00000000402f1b94                spl_parse_image_header
 .text.spl_load
                0x00000000402f1bfc       0x9c common/spl/spl.o
                0x00000000402f1bfc                spl_load
 .text.spl_set_bd
                0x00000000402f1c98       0x14 common/spl/spl.o
                0x00000000402f1c98                spl_set_bd
 .text.spl_early_init
                0x00000000402f1cac       0x26 common/spl/spl.o
                0x00000000402f1cac                spl_early_init
 .text.spl_init
                0x00000000402f1cd2       0x26 common/spl/spl.o
                0x00000000402f1cd2                spl_init
 .text.board_boot_order
                0x00000000402f1cf8        0xc common/spl/spl.o
                0x00000000402f1cf8                board_boot_order
 .text.spl_check_board_image
                0x00000000402f1d04        0x4 common/spl/spl.o
                0x00000000402f1d04                spl_check_board_image
 .text.board_init_r
                0x00000000402f1d08      0x110 common/spl/spl.o
                0x00000000402f1d08                board_init_r
 .text.preloader_console_init
                0x00000000402f1e18       0x28 common/spl/spl.o
                0x00000000402f1e18                preloader_console_init
 .text.spl_relocate_stack_gd
                0x00000000402f1e40       0x38 common/spl/spl.o
                0x00000000402f1e40                spl_relocate_stack_gd
 .text.spl_fit_get_image_node
                0x00000000402f1e78       0x52 common/spl/spl_fit.o
 *fill*         0x00000000402f1eca        0x2 
 .text.load_simple_fit
                0x00000000402f1ecc      0x134 common/spl/spl_fit.o
 .text.spl_fit_append_fdt
                0x00000000402f2000       0x64 common/spl/spl_fit.o
 .text.board_spl_fit_size_align
                0x00000000402f2064        0x2 common/spl/spl_fit.o
                0x00000000402f2064                board_spl_fit_size_align
 .text.board_spl_fit_buffer_addr
                0x00000000402f2066       0x22 common/spl/spl_fit.o
                0x00000000402f2066                board_spl_fit_buffer_addr
 .text.spl_load_simple_fit_skip_processing
                0x00000000402f2088        0x4 common/spl/spl_fit.o
                0x00000000402f2088                spl_load_simple_fit_skip_processing
 .text.spl_load_simple_fit_fix_load
                0x00000000402f208c        0x2 common/spl/spl_fit.o
                0x00000000402f208c                spl_load_simple_fit_fix_load
 *fill*         0x00000000402f208e        0x2 
 .text.spl_load_simple_fit
                0x00000000402f2090      0x1b8 common/spl/spl_fit.o
                0x00000000402f2090                spl_load_simple_fit
 .text.ymodem_read_fit
                0x00000000402f2248       0xbe common/spl/spl_ymodem.o
 .text.getcymodem
                0x00000000402f2306       0x16 common/spl/spl_ymodem.o
 .text.spl_ymodem_load_image
                0x00000000402f231c       0xf0 common/spl/spl_ymodem.o
                0x00000000402f231c                spl_ymodem_load_image
 .text.spl_nand_get_uboot_raw_page
                0x00000000402f240c        0x6 common/spl/spl_nand.o
                0x00000000402f240c                spl_nand_get_uboot_raw_page
 *fill*         0x00000000402f2412        0x2 
 .text.spl_nand_load_image
                0x00000000402f2414       0xc0 common/spl/spl_nand.o
 .text.spl_nand_read
                0x00000000402f24d4       0x30 common/spl/spl_nand.o
 .text.h_spl_load_read
                0x00000000402f2504       0x16 common/spl/spl_mmc.o
 .text.arch_spl_mmc_get_uboot_raw_sector
                0x00000000402f251a        0x4 common/spl/spl_mmc.o
                0x00000000402f251a                arch_spl_mmc_get_uboot_raw_sector
 .text.board_spl_mmc_get_uboot_raw_sector
                0x00000000402f251e        0x4 common/spl/spl_mmc.o
                0x00000000402f251e                board_spl_mmc_get_uboot_raw_sector
 .text.spl_mmc_get_uboot_raw_sector
                0x00000000402f2522        0x4 common/spl/spl_mmc.o
                0x00000000402f2522                spl_mmc_get_uboot_raw_sector
 .text.default_spl_mmc_emmc_boot_partition
                0x00000000402f2526       0x10 common/spl/spl_mmc.o
                0x00000000402f2526                default_spl_mmc_emmc_boot_partition
 .text.spl_mmc_emmc_boot_partition
                0x00000000402f2536        0x4 common/spl/spl_mmc.o
                0x00000000402f2536                spl_mmc_emmc_boot_partition
 *fill*         0x00000000402f253a        0x2 
 .text.spl_mmc_load
                0x00000000402f253c      0x1d8 common/spl/spl_mmc.o
                0x00000000402f253c                spl_mmc_load
 .text.spl_mmc_load_image
                0x00000000402f2714       0x1c common/spl/spl_mmc.o
                0x00000000402f2714                spl_mmc_load_image
 .text.spl_fit_read
                0x00000000402f2730       0x20 common/spl/spl_fat.o
 .text.spl_load_image_fat
                0x00000000402f2750       0x80 common/spl/spl_fat.o
                0x00000000402f2750                spl_load_image_fat
 .text.spl_load_image_fat_os
                0x00000000402f27d0       0xf0 common/spl/spl_fat.o
                0x00000000402f27d0                spl_load_image_fat_os
 .text.spl_fit_read
                0x00000000402f28c0       0x1c common/spl/spl_ext.o
 .text.spl_load_image_ext
                0x00000000402f28dc       0xac common/spl/spl_ext.o
                0x00000000402f28dc                spl_load_image_ext
 .text.spl_load_image_ext_os
                0x00000000402f2988      0x134 common/spl/spl_ext.o
                0x00000000402f2988                spl_load_image_ext_os
 .text.board_init_f_alloc_reserve
                0x00000000402f2abc        0xc common/init/board_init.o
                0x00000000402f2abc                board_init_f_alloc_reserve
 .text.board_init_f_init_reserve
                0x00000000402f2ac8       0x14 common/init/board_init.o
                0x00000000402f2ac8                board_init_f_init_reserve
 .text.get_table_entry_id
                0x00000000402f2adc       0x26 boot/image.o
                0x00000000402f2adc                get_table_entry_id
 *fill*         0x00000000402f2b02        0x2 
 .text.genimg_get_os_id
                0x00000000402f2b04       0x14 boot/image.o
                0x00000000402f2b04                genimg_get_os_id
 .text.fdt_pack_reg
                0x00000000402f2b18       0xcc boot/fdt_support.o
 .text.fdt_find_or_add_subnode
                0x00000000402f2be4       0x40 boot/fdt_support.o
                0x00000000402f2be4                fdt_find_or_add_subnode
 .text.fdt_fixup_memory_banks
                0x00000000402f2c24       0xec boot/fdt_support.o
                0x00000000402f2c24                fdt_fixup_memory_banks
 .text.fdt_shrink_to_minimum
                0x00000000402f2d10       0x82 boot/fdt_support.o
                0x00000000402f2d10                fdt_shrink_to_minimum
 *fill*         0x00000000402f2d92        0x2 
 .text.fit_image_get_address
                0x00000000402f2d94       0x48 boot/image-fit.o
 .text.fit_image_get_os
                0x00000000402f2ddc       0x28 boot/image-fit.o
                0x00000000402f2ddc                fit_image_get_os
 .text.fit_image_get_load
                0x00000000402f2e04        0xc boot/image-fit.o
                0x00000000402f2e04                fit_image_get_load
 .text.fit_image_get_entry
                0x00000000402f2e10        0xc boot/image-fit.o
                0x00000000402f2e10                fit_image_get_entry
 .text.fit_image_get_data
                0x00000000402f2e1c       0x28 boot/image-fit.o
                0x00000000402f2e1c                fit_image_get_data
 .text.fit_image_get_data_offset
                0x00000000402f2e44       0x24 boot/image-fit.o
                0x00000000402f2e44                fit_image_get_data_offset
 .text.fit_image_get_data_position
                0x00000000402f2e68       0x24 boot/image-fit.o
                0x00000000402f2e68                fit_image_get_data_position
 .text.fit_image_get_data_size
                0x00000000402f2e8c       0x24 boot/image-fit.o
                0x00000000402f2e8c                fit_image_get_data_size
 .text.fit_find_config_node
                0x00000000402f2eb0       0xa0 boot/common_fit.o
                0x00000000402f2eb0                fit_find_config_node
 .text.console_puts_select.part.0
                0x00000000402f2f50       0x10 common/console.o
 .text.fgetc.part.0
                0x00000000402f2f60       0x24 common/console.o
 .text.fflush.part.0
                0x00000000402f2f84       0x14 common/console.o
 .text.ftstc    0x00000000402f2f98       0x18 common/console.o
                0x00000000402f2f98                ftstc
 .text.getchar  0x00000000402f2fb0       0x1e common/console.o
                0x00000000402f2fb0                getchar
 .text.tstc     0x00000000402f2fce       0x1e common/console.o
                0x00000000402f2fce                tstc
 .text.putc     0x00000000402f2fec       0x2c common/console.o
                0x00000000402f2fec                putc
 .text.puts     0x00000000402f3018       0x24 common/console.o
                0x00000000402f3018                puts
 .text.flush    0x00000000402f303c       0x22 common/console.o
                0x00000000402f303c                flush
 *fill*         0x00000000402f305e        0x2 
 .text.alloc_simple
                0x00000000402f3060       0x40 common/malloc_simple.o
 .text.malloc_simple
                0x00000000402f30a0        0x6 common/malloc_simple.o
                0x00000000402f30a0                malloc_simple
 .text.memalign_simple
                0x00000000402f30a6        0xa common/malloc_simple.o
                0x00000000402f30a6                memalign_simple
 .text.calloc   0x00000000402f30b0       0x1c common/malloc_simple.o
                0x00000000402f30b0                calloc
 .text.dcache_flush_invalidate
                0x00000000402f30cc       0x1e common/memsize.o
 .text.get_ram_size
                0x00000000402f30ea       0xcc common/memsize.o
                0x00000000402f30ea                get_ram_size
 .text.CYGACC_COMM_IF_GETC_TIMEOUT.constprop.0
                0x00000000402f31b6       0x2e common/xyzModem.o
 .text.xyzModem_flush
                0x00000000402f31e4       0x14 common/xyzModem.o
 .text.xyzModem_get_hdr
                0x00000000402f31f8      0x170 common/xyzModem.o
 .text.xyzModem_stream_open
                0x00000000402f3368      0x1d0 common/xyzModem.o
                0x00000000402f3368                xyzModem_stream_open
 .text.xyzModem_stream_read
                0x00000000402f3538      0x1ec common/xyzModem.o
                0x00000000402f3538                xyzModem_stream_read
 .text.xyzModem_stream_close
                0x00000000402f3724        0x2 common/xyzModem.o
                0x00000000402f3724                xyzModem_stream_close
 *fill*         0x00000000402f3726        0x2 
 .text.xyzModem_stream_terminate
                0x00000000402f3728       0x68 common/xyzModem.o
                0x00000000402f3728                xyzModem_stream_terminate
 .text.xyzModem_error
                0x00000000402f3790       0x18 common/xyzModem.o
                0x00000000402f3790                xyzModem_error
 .text.env_get_from_linear
                0x00000000402f37a8       0x94 env/common.o
 .text.env_get_f
                0x00000000402f383c       0x24 env/common.o
                0x00000000402f383c                env_get_f
 .text.env_get  0x00000000402f3860       0x4c env/common.o
                0x00000000402f3860                env_get
 .text.env_get_yesno
                0x00000000402f38ac       0x2a env/common.o
                0x00000000402f38ac                env_get_yesno
 *fill*         0x00000000402f38d6        0x2 
 .text.env_get_default_into
                0x00000000402f38d8       0x10 env/common.o
                0x00000000402f38d8                env_get_default_into
 .text.env_get_default
                0x00000000402f38e8       0x18 env/common.o
                0x00000000402f38e8                env_get_default
 .text.arch_env_get_location
                0x00000000402f3900        0xa env/env.o
                0x00000000402f3900                arch_env_get_location
 .text.env_get_location
                0x00000000402f390a        0x4 env/env.o
                0x00000000402f390a                env_get_location
 *fill*         0x00000000402f390e        0x2 
 .text.env_driver_lookup
                0x00000000402f3910       0x28 env/env.o
 .text.env_load
                0x00000000402f3938       0x70 env/env.o
                0x00000000402f3938                env_load
 .text.env_init
                0x00000000402f39a8       0x7c env/env.o
                0x00000000402f39a8                env_init
 .text.regex_callback
                0x00000000402f3a24       0xc4 env/attr.o
 .text.env_attr_walk
                0x00000000402f3ae8       0xa2 env/attr.o
                0x00000000402f3ae8                env_attr_walk
 *fill*         0x00000000402f3b8a        0x2 
 .text.env_attr_lookup
                0x00000000402f3b8c       0x40 env/attr.o
                0x00000000402f3b8c                env_attr_lookup
 .text.skip_num
                0x00000000402f3bcc       0x3c env/flags.o
 .text.env_flags_parse_vartype
                0x00000000402f3c08       0x30 env/flags.o
                0x00000000402f3c08                env_flags_parse_vartype
 .text.env_flags_parse_varaccess
                0x00000000402f3c38       0x30 env/flags.o
                0x00000000402f3c38                env_flags_parse_varaccess
 .text.eth_validate_ethaddr_str
                0x00000000402f3c68       0x52 env/flags.o
                0x00000000402f3c68                eth_validate_ethaddr_str
 *fill*         0x00000000402f3cba        0x2 
 .text.env_flags_init
                0x00000000402f3cbc       0x94 env/flags.o
                0x00000000402f3cbc                env_flags_init
 .text.env_flags_validate
                0x00000000402f3d50      0x19c env/flags.o
                0x00000000402f3d50                env_flags_validate
 .text.env_nowhere_init
                0x00000000402f3eec        0x8 env/nowhere.o
 .text.env_nowhere_load
                0x00000000402f3ef4        0x8 env/nowhere.o
 .text.fdt_check_header
                0x00000000402f3efc       0x14 lib/libfdt/fdt.o
                0x00000000402f3efc                fdt_check_header
 .text.fdt_offset_ptr
                0x00000000402f3f10       0x1e lib/libfdt/fdt.o
                0x00000000402f3f10                fdt_offset_ptr
 .text.fdt_next_tag
                0x00000000402f3f2e       0x70 lib/libfdt/fdt.o
                0x00000000402f3f2e                fdt_next_tag
 .text.fdt_check_node_offset_
                0x00000000402f3f9e       0x24 lib/libfdt/fdt.o
                0x00000000402f3f9e                fdt_check_node_offset_
 .text.fdt_check_prop_offset_
                0x00000000402f3fc2       0x24 lib/libfdt/fdt.o
                0x00000000402f3fc2                fdt_check_prop_offset_
 .text.fdt_next_node
                0x00000000402f3fe6       0x6e lib/libfdt/fdt.o
                0x00000000402f3fe6                fdt_next_node
 .text.fdt_first_subnode
                0x00000000402f4054       0x26 lib/libfdt/fdt.o
                0x00000000402f4054                fdt_first_subnode
 .text.fdt_next_subnode
                0x00000000402f407a       0x2a lib/libfdt/fdt.o
                0x00000000402f407a                fdt_next_subnode
 .text.fdt_find_string_
                0x00000000402f40a4       0x30 lib/libfdt/fdt.o
                0x00000000402f40a4                fdt_find_string_
 .text.fdt_mem_rsv
                0x00000000402f40d4        0xc lib/libfdt/fdt_ro.o
 .text.fdt_get_property_by_offset_
                0x00000000402f40e0       0x12 lib/libfdt/fdt_ro.o
 .text.nextprop_
                0x00000000402f40f2       0x32 lib/libfdt/fdt_ro.o
 .text.fdt_get_string
                0x00000000402f4124       0x1a lib/libfdt/fdt_ro.o
                0x00000000402f4124                fdt_get_string
 .text.fdt_string
                0x00000000402f413e        0x6 lib/libfdt/fdt_ro.o
                0x00000000402f413e                fdt_string
 .text.fdt_get_mem_rsv
                0x00000000402f4144       0x24 lib/libfdt/fdt_ro.o
                0x00000000402f4144                fdt_get_mem_rsv
 .text.fdt_num_mem_rsv
                0x00000000402f4168       0x22 lib/libfdt/fdt_ro.o
                0x00000000402f4168                fdt_num_mem_rsv
 .text.fdt_get_name
                0x00000000402f418a       0x1c lib/libfdt/fdt_ro.o
                0x00000000402f418a                fdt_get_name
 .text.fdt_subnode_offset_namelen
                0x00000000402f41a6       0x72 lib/libfdt/fdt_ro.o
                0x00000000402f41a6                fdt_subnode_offset_namelen
 .text.fdt_subnode_offset
                0x00000000402f4218       0x1e lib/libfdt/fdt_ro.o
                0x00000000402f4218                fdt_subnode_offset
 .text.fdt_first_property_offset
                0x00000000402f4236       0x18 lib/libfdt/fdt_ro.o
                0x00000000402f4236                fdt_first_property_offset
 .text.fdt_next_property_offset
                0x00000000402f424e       0x18 lib/libfdt/fdt_ro.o
                0x00000000402f424e                fdt_next_property_offset
 .text.fdt_get_property_namelen_
                0x00000000402f4266       0x6c lib/libfdt/fdt_ro.o
 .text.fdt_get_property_namelen
                0x00000000402f42d2       0x12 lib/libfdt/fdt_ro.o
                0x00000000402f42d2                fdt_get_property_namelen
 .text.fdt_get_property
                0x00000000402f42e4       0x22 lib/libfdt/fdt_ro.o
                0x00000000402f42e4                fdt_get_property
 .text.fdt_getprop_namelen
                0x00000000402f4306       0x16 lib/libfdt/fdt_ro.o
                0x00000000402f4306                fdt_getprop_namelen
 .text.fdt_getprop_by_offset
                0x00000000402f431c       0x24 lib/libfdt/fdt_ro.o
                0x00000000402f431c                fdt_getprop_by_offset
 .text.fdt_getprop
                0x00000000402f4340       0x22 lib/libfdt/fdt_ro.o
                0x00000000402f4340                fdt_getprop
 *fill*         0x00000000402f4362        0x2 
 .text.fdt_get_alias_namelen
                0x00000000402f4364       0x2c lib/libfdt/fdt_ro.o
                0x00000000402f4364                fdt_get_alias_namelen
 .text.fdt_path_offset_namelen
                0x00000000402f4390       0x88 lib/libfdt/fdt_ro.o
                0x00000000402f4390                fdt_path_offset_namelen
 .text.fdt_path_offset
                0x00000000402f4418       0x1a lib/libfdt/fdt_ro.o
                0x00000000402f4418                fdt_path_offset
 *fill*         0x00000000402f4432        0x2 
 .text.fdt_strerror
                0x00000000402f4434       0x3c lib/libfdt/fdt_strerror.o
                0x00000000402f4434                fdt_strerror
 .text.fdt_splice_
                0x00000000402f4470       0x4c lib/libfdt/fdt_rw.o
 .text.fdt_splice_mem_rsv_
                0x00000000402f44bc       0x2e lib/libfdt/fdt_rw.o
 .text.fdt_splice_struct_
                0x00000000402f44ea       0x26 lib/libfdt/fdt_rw.o
 .text.fdt_add_property_
                0x00000000402f4510       0xc0 lib/libfdt/fdt_rw.o
 .text.fdt_add_mem_rsv
                0x00000000402f45d0       0x46 lib/libfdt/fdt_rw.o
                0x00000000402f45d0                fdt_add_mem_rsv
 .text.fdt_del_mem_rsv
                0x00000000402f4616       0x2e lib/libfdt/fdt_rw.o
                0x00000000402f4616                fdt_del_mem_rsv
 .text.fdt_setprop_placeholder
                0x00000000402f4644       0x64 lib/libfdt/fdt_rw.o
                0x00000000402f4644                fdt_setprop_placeholder
 .text.fdt_setprop
                0x00000000402f46a8       0x26 lib/libfdt/fdt_rw.o
                0x00000000402f46a8                fdt_setprop
 .text.fdt_add_subnode_namelen
                0x00000000402f46ce       0x88 lib/libfdt/fdt_rw.o
                0x00000000402f46ce                fdt_add_subnode_namelen
 .text.fdt_add_subnode
                0x00000000402f4756       0x1e lib/libfdt/fdt_rw.o
                0x00000000402f4756                fdt_add_subnode
 .text.fdt_cells
                0x00000000402f4774       0x2a lib/libfdt/fdt_addresses.o
 *fill*         0x00000000402f479e        0x2 
 .text.fdt_address_cells
                0x00000000402f47a0       0x1c lib/libfdt/fdt_addresses.o
                0x00000000402f47a0                fdt_address_cells
 .text.fdt_size_cells
                0x00000000402f47bc       0x14 lib/libfdt/fdt_addresses.o
                0x00000000402f47bc                fdt_size_cells
 .text.crc16_ccitt
                0x00000000402f47d0       0x28 lib/crc16-ccitt.o
                0x00000000402f47d0                crc16_ccitt
 .text.hsearch_r
                0x00000000402f47f8      0x214 lib/hashtable.o
                0x00000000402f47f8                hsearch_r
 .text.__div64_32
                0x00000000402f4a0c       0x7a lib/div64.o
                0x00000000402f4a0c                __div64_32
 *fill*         0x00000000402f4a86        0x2 
 .text.fdtdec_get_alias_highest_id
                0x00000000402f4a88       0x78 lib/fdtdec.o
                0x00000000402f4a88                fdtdec_get_alias_highest_id
 .text.hang     0x00000000402f4b00       0x10 lib/hang.o
                0x00000000402f4b00                hang
 .text.kmalloc  0x00000000402f4b10       0x28 lib/linux_compat.o
                0x00000000402f4b10                kmalloc
 .text.skip_spaces
                0x00000000402f4b38       0x18 lib/linux_string.o
                0x00000000402f4b38                skip_spaces
 .text.strim    0x00000000402f4b50       0x34 lib/linux_string.o
                0x00000000402f4b50                strim
 .text.emit     0x00000000402f4b84       0x20 lib/slre.o
 .text.store_char_in_data
                0x00000000402f4ba4       0x24 lib/slre.o
 .text.get_escape_char
                0x00000000402f4bc8       0x54 lib/slre.o
 .text.relocate
                0x00000000402f4c1c       0x2a lib/slre.o
 *fill*         0x00000000402f4c46        0x2 
 .text.match    0x00000000402f4c48      0x288 lib/slre.o
 .text.loop_greedy
                0x00000000402f4ed0       0x56 lib/slre.o
 .text.loop_non_greedy
                0x00000000402f4f26       0x52 lib/slre.o
 .text.fixup_branch.part.0
                0x00000000402f4f78       0x24 lib/slre.o
 .text.quantifier
                0x00000000402f4f9c       0x5c lib/slre.o
 .text.compile  0x00000000402f4ff8      0x24c lib/slre.o
 .text.slre_compile
                0x00000000402f5244       0x74 lib/slre.o
                0x00000000402f5244                slre_compile
 .text.slre_match
                0x00000000402f52b8       0x5a lib/slre.o
                0x00000000402f52b8                slre_match
 *fill*         0x00000000402f5312        0x2 
 .text.strncasecmp
                0x00000000402f5314       0x44 lib/string.o
                0x00000000402f5314                strncasecmp
 .text.strcasecmp
                0x00000000402f5358        0x8 lib/string.o
                0x00000000402f5358                strcasecmp
 .text.strcpy   0x00000000402f5360       0x10 lib/string.o
                0x00000000402f5360                strcpy
 .text.strncpy  0x00000000402f5370       0x18 lib/string.o
                0x00000000402f5370                strncpy
 .text.strcmp   0x00000000402f5388       0x16 lib/string.o
                0x00000000402f5388                strcmp
 .text.strncmp  0x00000000402f539e       0x20 lib/string.o
                0x00000000402f539e                strncmp
 .text.strchr   0x00000000402f53be       0x1a lib/string.o
                0x00000000402f53be                strchr
 .text.strlen   0x00000000402f53d8       0x10 lib/string.o
                0x00000000402f53d8                strlen
 .text.strdup   0x00000000402f53e8       0x22 lib/string.o
                0x00000000402f53e8                strdup
 .text.memmove  0x00000000402f540a       0x2a lib/string.o
                0x00000000402f540a                memmove
 .text.memcmp   0x00000000402f5434       0x1e lib/string.o
                0x00000000402f5434                memcmp
 .text.memchr   0x00000000402f5452       0x1c lib/string.o
                0x00000000402f5452                memchr
 *fill*         0x00000000402f546e        0x2 
 .text.udelay   0x00000000402f5470       0x20 lib/time.o
                0x00000000402f5470                udelay
 .text.panic_finish
                0x00000000402f5490       0x1a lib/panic.o
 .text.panic_str
                0x00000000402f54aa        0xa lib/panic.o
                0x00000000402f54aa                panic_str
 .text.div_out  0x00000000402f54b4       0x34 lib/tiny-printf.o
 .text.putc_outstr
                0x00000000402f54e8        0xa lib/tiny-printf.o
 .text.putc_normal
                0x00000000402f54f2        0x6 lib/tiny-printf.o
 .text._vprintf
                0x00000000402f54f8      0x210 lib/tiny-printf.o
 .text.printf   0x00000000402f5708       0x24 lib/tiny-printf.o
                0x00000000402f5708                printf
 .text.sprintf  0x00000000402f572c       0x34 lib/tiny-printf.o
                0x00000000402f572c                sprintf
 .text.snprintf
                0x00000000402f5760       0x34 lib/tiny-printf.o
                0x00000000402f5760                snprintf
 .text._parse_integer_fixup_radix
                0x00000000402f5794       0x38 lib/strto.o
 .text.decode_digit
                0x00000000402f57cc       0x2c lib/strto.o
 .text.simple_strtoul
                0x00000000402f57f8       0x32 lib/strto.o
                0x00000000402f57f8                simple_strtoul
 .text.dectoul  0x00000000402f582a        0x6 lib/strto.o
                0x00000000402f582a                dectoul
 .text.simple_strtol
                0x00000000402f5830       0x1a lib/strto.o
                0x00000000402f5830                simple_strtol
 *fill*         0x00000000402f584a        0x2 
 .text.trailing_strtoln_end
                0x00000000402f584c       0x50 lib/strto.o
                0x00000000402f584c                trailing_strtoln_end
 .text.trailing_strtoln
                0x00000000402f589c        0x6 lib/strto.o
                0x00000000402f589c                trailing_strtoln
 .text.trailing_strtol
                0x00000000402f58a2        0x6 lib/strto.o
                0x00000000402f58a2                trailing_strtol
 .text.part_driver_get_type
                0x00000000402f58a8       0x20 disk/part.o
 .text.part_driver_lookup_type
                0x00000000402f58c8       0x3c disk/part.o
 .text.part_init
                0x00000000402f5904       0x50 disk/part.o
                0x00000000402f5904                part_init
 .text.part_get_info_by_type
                0x00000000402f5954       0x3a disk/part.o
                0x00000000402f5954                part_get_info_by_type
 .text.part_get_info
                0x00000000402f598e        0x8 disk/part.o
                0x00000000402f598e                part_get_info
 *fill*         0x00000000402f5996        0x2 
 .text.part_get_info_whole_disk
                0x00000000402f5998       0x34 disk/part.o
                0x00000000402f5998                part_get_info_whole_disk
 .text.part_set_generic_name
                0x00000000402f59cc       0x68 disk/part.o
                0x00000000402f59cc                part_set_generic_name
 .text.disk_blk_part_validate
                0x00000000402f5a34       0x38 disk/disk-uclass.o
 .text.disk_blk_read
                0x00000000402f5a6c       0x36 disk/disk-uclass.o
                0x00000000402f5a6c                disk_blk_read
 .text.disk_blk_erase
                0x00000000402f5aa2       0x2e disk/disk-uclass.o
                0x00000000402f5aa2                disk_blk_erase
 .text.disk_blk_write
                0x00000000402f5ad0       0x36 disk/disk-uclass.o
                0x00000000402f5ad0                disk_blk_write
 *fill*         0x00000000402f5b06        0x2 
 .text.test_block_type
                0x00000000402f5b08       0x78 disk/part_dos.o
 .text.part_test_dos
                0x00000000402f5b80       0x40 disk/part_dos.o
 .text.part_get_info_extended.constprop.0
                0x00000000402f5bc0      0x1cc disk/part_dos.o
 .text.part_get_info_dos
                0x00000000402f5d8c       0x16 disk/part_dos.o
 *fill*         0x00000000402f5da2        0x2 
 .text.blk_post_probe
                0x00000000402f5da4       0x8c drivers/block/blk-uclass.o
 .text.blk_select_hwpart
                0x00000000402f5e30       0x16 drivers/block/blk-uclass.o
                0x00000000402f5e30                blk_select_hwpart
 .text.blk_dselect_hwpart
                0x00000000402f5e46        0x6 drivers/block/blk-uclass.o
                0x00000000402f5e46                blk_dselect_hwpart
 .text.blk_find_device
                0x00000000402f5e4c       0x50 drivers/block/blk-uclass.o
                0x00000000402f5e4c                blk_find_device
 .text.blk_read
                0x00000000402f5e9c       0x36 drivers/block/blk-uclass.o
                0x00000000402f5e9c                blk_read
 .text.blk_write
                0x00000000402f5ed2       0x36 drivers/block/blk-uclass.o
                0x00000000402f5ed2                blk_write
 .text.blk_erase
                0x00000000402f5f08       0x26 drivers/block/blk-uclass.o
                0x00000000402f5f08                blk_erase
 .text.blk_dread
                0x00000000402f5f2e        0x6 drivers/block/blk-uclass.o
                0x00000000402f5f2e                blk_dread
 .text.blk_find_max_devnum
                0x00000000402f5f34       0x46 drivers/block/blk-uclass.o
                0x00000000402f5f34                blk_find_max_devnum
 .text.blk_next_free_devnum
                0x00000000402f5f7a       0x18 drivers/block/blk-uclass.o
                0x00000000402f5f7a                blk_next_free_devnum
 *fill*         0x00000000402f5f92        0x2 
 .text.blk_create_devicef
                0x00000000402f5f94      0x118 drivers/block/blk-uclass.o
                0x00000000402f5f94                blk_create_devicef
 .text.alloc_priv
                0x00000000402f60ac       0x38 drivers/core/device.o
 .text.device_bind_common.constprop.0
                0x00000000402f60e4      0x154 drivers/core/device.o
 .text.device_bind_with_driver_data
                0x00000000402f6238        0x8 drivers/core/device.o
                0x00000000402f6238                device_bind_with_driver_data
 .text.device_bind_by_name
                0x00000000402f6240       0x3c drivers/core/device.o
                0x00000000402f6240                device_bind_by_name
 .text.device_of_to_plat
                0x00000000402f627c       0x88 drivers/core/device.o
                0x00000000402f627c                device_of_to_plat
 .text.device_probe
                0x00000000402f6304       0x7e drivers/core/device.o
                0x00000000402f6304                device_probe
 .text.dev_get_plat
                0x00000000402f6382        0x6 drivers/core/device.o
                0x00000000402f6382                dev_get_plat
 .text.dev_get_uclass_plat
                0x00000000402f6388        0x6 drivers/core/device.o
                0x00000000402f6388                dev_get_uclass_plat
 .text.dev_get_priv
                0x00000000402f638e        0x6 drivers/core/device.o
                0x00000000402f638e                dev_get_priv
 .text.dev_get_uclass_priv
                0x00000000402f6394        0x6 drivers/core/device.o
                0x00000000402f6394                dev_get_uclass_priv
 .text.device_find_first_child_by_uclass
                0x00000000402f639a       0x32 drivers/core/device.o
                0x00000000402f639a                device_find_first_child_by_uclass
 .text.dev_get_parent
                0x00000000402f63cc        0x4 drivers/core/device.o
                0x00000000402f63cc                dev_get_parent
 .text.device_get_uclass_id
                0x00000000402f63d0        0x8 drivers/core/device.o
                0x00000000402f63d0                device_get_uclass_id
 .text.device_set_name_alloced
                0x00000000402f63d8        0xa drivers/core/device.o
                0x00000000402f63d8                device_set_name_alloced
 .text.dev_set_plat
                0x00000000402f63e2        0x4 drivers/core/device.o
                0x00000000402f63e2                dev_set_plat
 .text.devfdt_get_addr
                0x00000000402f63e6        0x6 drivers/core/fdtaddr.o
                0x00000000402f63e6                devfdt_get_addr
 .text.lists_driver_lookup_name
                0x00000000402f63ec       0x2c drivers/core/lists.o
                0x00000000402f63ec                lists_driver_lookup_name
 .text.lists_uclass_lookup
                0x00000000402f6418       0x20 drivers/core/lists.o
                0x00000000402f6418                lists_uclass_lookup
 .text.lists_bind_drivers
                0x00000000402f6438       0x74 drivers/core/lists.o
                0x00000000402f6438                lists_bind_drivers
 .text.device_bind_driver_to_node
                0x00000000402f64ac       0x2c drivers/core/lists.o
                0x00000000402f64ac                device_bind_driver_to_node
 .text.device_bind_driver
                0x00000000402f64d8       0x12 drivers/core/lists.o
                0x00000000402f64d8                device_bind_driver
 .text.dm_probe_devices
                0x00000000402f64ea       0x40 drivers/core/root.o
 .text.dm_fixup_for_gd_move
                0x00000000402f652a       0x14 drivers/core/root.o
                0x00000000402f652a                dm_fixup_for_gd_move
 *fill*         0x00000000402f653e        0x2 
 .text.dm_init  0x00000000402f6540       0x48 drivers/core/root.o
                0x00000000402f6540                dm_init
 .text.dm_scan_plat
                0x00000000402f6588       0x14 drivers/core/root.o
                0x00000000402f6588                dm_scan_plat
 .text.dm_scan_other
                0x00000000402f659c        0x4 drivers/core/root.o
                0x00000000402f659c                dm_scan_other
 .text.dm_init_and_scan
                0x00000000402f65a0       0x2c drivers/core/root.o
                0x00000000402f65a0                dm_init_and_scan
 .text.uclass_find
                0x00000000402f65cc       0x34 drivers/core/uclass.o
                0x00000000402f65cc                uclass_find
 .text.uclass_get
                0x00000000402f6600       0xa2 drivers/core/uclass.o
                0x00000000402f6600                uclass_get
 .text.uclass_find_device
                0x00000000402f66a2       0x42 drivers/core/uclass.o
                0x00000000402f66a2                uclass_find_device
 .text.uclass_find_first_device
                0x00000000402f66e4       0x22 drivers/core/uclass.o
                0x00000000402f66e4                uclass_find_first_device
 .text.uclass_find_next_free_seq
                0x00000000402f6706       0x46 drivers/core/uclass.o
                0x00000000402f6706                uclass_find_next_free_seq
 .text.uclass_find_device_by_seq
                0x00000000402f674c       0x42 drivers/core/uclass.o
                0x00000000402f674c                uclass_find_device_by_seq
 .text.uclass_get_device_tail
                0x00000000402f678e       0x16 drivers/core/uclass.o
                0x00000000402f678e                uclass_get_device_tail
 .text.uclass_get_device
                0x00000000402f67a4       0x1c drivers/core/uclass.o
                0x00000000402f67a4                uclass_get_device
 .text.uclass_get_device_by_seq
                0x00000000402f67c0       0x1c drivers/core/uclass.o
                0x00000000402f67c0                uclass_get_device_by_seq
 .text.uclass_first_device_check
                0x00000000402f67dc       0x1e drivers/core/uclass.o
                0x00000000402f67dc                uclass_first_device_check
 .text.uclass_first_device_err
                0x00000000402f67fa       0x16 drivers/core/uclass.o
                0x00000000402f67fa                uclass_first_device_err
 .text.uclass_bind_device
                0x00000000402f6810       0x3a drivers/core/uclass.o
                0x00000000402f6810                uclass_bind_device
 .text.uclass_pre_probe_device
                0x00000000402f684a       0x2e drivers/core/uclass.o
                0x00000000402f684a                uclass_pre_probe_device
 .text.uclass_post_probe_device
                0x00000000402f6878       0x2e drivers/core/uclass.o
                0x00000000402f6878                uclass_post_probe_device
 .text._gpio_get_value
                0x00000000402f68a6       0x1e drivers/gpio/gpio-uclass.o
 .text.gpio_post_bind
                0x00000000402f68c4        0x4 drivers/gpio/gpio-uclass.o
 .text.gpio_renumber
                0x00000000402f68c8       0x46 drivers/gpio/gpio-uclass.o
 .text.gpio_pre_remove
                0x00000000402f690e       0x12 drivers/gpio/gpio-uclass.o
 .text.gpio_post_probe
                0x00000000402f6920       0x34 drivers/gpio/gpio-uclass.o
 .text.gpio_is_claimed.isra.0
                0x00000000402f6954       0x12 drivers/gpio/gpio-uclass.o
 *fill*         0x00000000402f6966        0x2 
 .text.check_reserved
                0x00000000402f6968       0x50 drivers/gpio/gpio-uclass.o
 .text.dm_gpio_get_value
                0x00000000402f69b8       0x1c drivers/gpio/gpio-uclass.o
                0x00000000402f69b8                dm_gpio_get_value
 .text.omap_gpio_probe
                0x00000000402f69d4       0x48 drivers/gpio/omap_gpio.o
 .text.omap_gpio_bind
                0x00000000402f6a1c       0x4e drivers/gpio/omap_gpio.o
 .text.omap_gpio_get_value
                0x00000000402f6a6a       0x2c drivers/gpio/omap_gpio.o
 .text.omap_gpio_direction_output
                0x00000000402f6a96       0x32 drivers/gpio/omap_gpio.o
 .text.omap_gpio_direction_input
                0x00000000402f6ac8       0x1e drivers/gpio/omap_gpio.o
 .text.omap_gpio_get_function
                0x00000000402f6ae6       0x1e drivers/gpio/omap_gpio.o
 .text.omap_gpio_set_value
                0x00000000402f6b04       0x22 drivers/gpio/omap_gpio.o
 .text.i2c_pre_probe
                0x00000000402f6b26        0x4 drivers/i2c/i2c-uclass.o
 .text.i2c_child_post_bind
                0x00000000402f6b2a        0x4 drivers/i2c/i2c-uclass.o
 .text.i2c_post_bind
                0x00000000402f6b2e        0x4 drivers/i2c/i2c-uclass.o
 .text.i2c_post_probe
                0x00000000402f6b32        0x4 drivers/i2c/i2c-uclass.o
 *fill*         0x00000000402f6b36        0x2 
 .text.wait_for_bb
                0x00000000402f6b38       0x84 drivers/i2c/omap24xx_i2c.o
 .text.wait_for_event
                0x00000000402f6bbc       0x78 drivers/i2c/omap24xx_i2c.o
 .text.flush_fifo
                0x00000000402f6c34       0x40 drivers/i2c/omap24xx_i2c.o
 .text.omap_i2c_xfer
                0x00000000402f6c74      0x1e4 drivers/i2c/omap24xx_i2c.o
 .text.omap_i2c_probe_chip
                0x00000000402f6e58       0xd4 drivers/i2c/omap24xx_i2c.o
 .text.__omap24_i2c_setspeed
                0x00000000402f6f2c      0x128 drivers/i2c/omap24xx_i2c.o
 .text.omap_i2c_set_bus_speed
                0x00000000402f7054       0x1c drivers/i2c/omap24xx_i2c.o
 .text.omap_i2c_probe
                0x00000000402f7070      0x278 drivers/i2c/omap24xx_i2c.o
 .text.mmc_send_cmd_retry
                0x00000000402f72e8       0x1c drivers/mmc/mmc.o
 .text.mmc_send_op_cond_iter
                0x00000000402f7304       0x44 drivers/mmc/mmc.o
 .text.mmc_go_idle
                0x00000000402f7348       0x32 drivers/mmc/mmc.o
 .text.mmc_set_capacity
                0x00000000402f737a       0x62 drivers/mmc/mmc.o
 .text.mmc_send_status
                0x00000000402f73dc       0x2e drivers/mmc/mmc.o
                0x00000000402f73dc                mmc_send_status
 .text.__mmc_switch.constprop.0
                0x00000000402f740a       0xb8 drivers/mmc/mmc.o
 .text.mmc_set_blocklen
                0x00000000402f74c2       0x3c drivers/mmc/mmc.o
                0x00000000402f74c2                mmc_set_blocklen
 .text.mmc_send_stop_transmission
                0x00000000402f74fe       0x30 drivers/mmc/mmc.o
                0x00000000402f74fe                mmc_send_stop_transmission
 *fill*         0x00000000402f752e        0x2 
 .text.mmc_bread
                0x00000000402f7530       0xe8 drivers/mmc/mmc.o
                0x00000000402f7530                mmc_bread
 .text.mmc_send_ext_csd
                0x00000000402f7618       0x2e drivers/mmc/mmc.o
                0x00000000402f7618                mmc_send_ext_csd
 *fill*         0x00000000402f7646        0x2 
 .text.mmc_read_and_compare_ext_csd
                0x00000000402f7648       0x78 drivers/mmc/mmc.o
 .text.mmc_set_card_speed.constprop.0
                0x00000000402f76c0       0x68 drivers/mmc/mmc.o
 .text.mmc_switch
                0x00000000402f7728        0x4 drivers/mmc/mmc.o
                0x00000000402f7728                mmc_switch
 .text.mmc_startup_v4.constprop.0
                0x00000000402f772c      0x208 drivers/mmc/mmc.o
 .text.mmc_switch_part
                0x00000000402f7934       0x56 drivers/mmc/mmc.o
                0x00000000402f7934                mmc_switch_part
 .text.mmc_set_clock
                0x00000000402f798a       0x20 drivers/mmc/mmc.o
                0x00000000402f798a                mmc_set_clock
 *fill*         0x00000000402f79aa        0x2 
 .text.mmc_get_op_cond
                0x00000000402f79ac      0x1b4 drivers/mmc/mmc.o
                0x00000000402f79ac                mmc_get_op_cond
 .text.mmc_start_init
                0x00000000402f7b60       0x44 drivers/mmc/mmc.o
                0x00000000402f7b60                mmc_start_init
 .text.mmc_init
                0x00000000402f7ba4      0x804 drivers/mmc/mmc.o
                0x00000000402f7ba4                mmc_init
 .text.mmc_deinit
                0x00000000402f83a8        0x4 drivers/mmc/mmc.o
                0x00000000402f83a8                mmc_deinit
 .text.mmc_init_device
                0x00000000402f83ac       0x42 drivers/mmc/mmc.o
                0x00000000402f83ac                mmc_init_device
 .text.mmc_blk_remove
                0x00000000402f83ee       0x14 drivers/mmc/mmc-uclass.o
 .text.mmc_blk_probe
                0x00000000402f8402       0x2c drivers/mmc/mmc-uclass.o
 .text.mmc_set_ios
                0x00000000402f842e       0x14 drivers/mmc/mmc-uclass.o
                0x00000000402f842e                mmc_set_ios
 .text.mmc_wait_dat0
                0x00000000402f8442       0x14 drivers/mmc/mmc-uclass.o
                0x00000000402f8442                mmc_wait_dat0
 .text.mmc_getcd
                0x00000000402f8456       0x14 drivers/mmc/mmc-uclass.o
                0x00000000402f8456                mmc_getcd
 .text.mmc_host_power_cycle
                0x00000000402f846a       0x12 drivers/mmc/mmc-uclass.o
                0x00000000402f846a                mmc_host_power_cycle
 .text.mmc_deferred_probe
                0x00000000402f847c       0x12 drivers/mmc/mmc-uclass.o
                0x00000000402f847c                mmc_deferred_probe
 .text.mmc_reinit
                0x00000000402f848e       0x12 drivers/mmc/mmc-uclass.o
                0x00000000402f848e                mmc_reinit
 .text.mmc_get_mmc_dev
                0x00000000402f84a0       0x16 drivers/mmc/mmc-uclass.o
                0x00000000402f84a0                mmc_get_mmc_dev
 .text.mmc_get_b_max
                0x00000000402f84b6       0x2e drivers/mmc/mmc-uclass.o
                0x00000000402f84b6                mmc_get_b_max
 .text.mmc_send_cmd
                0x00000000402f84e4       0x2a drivers/mmc/mmc-uclass.o
                0x00000000402f84e4                mmc_send_cmd
 .text.mmc_select_hwpart
                0x00000000402f850e       0x3a drivers/mmc/mmc-uclass.o
 .text.find_mmc_device
                0x00000000402f8548       0x30 drivers/mmc/mmc-uclass.o
                0x00000000402f8548                find_mmc_device
 .text.mmc_get_blk_desc
                0x00000000402f8578       0x1c drivers/mmc/mmc-uclass.o
                0x00000000402f8578                mmc_get_blk_desc
 .text.mmc_bind
                0x00000000402f8594       0x68 drivers/mmc/mmc-uclass.o
                0x00000000402f8594                mmc_bind
 .text.mmc_reset_controller_fsm
                0x00000000402f85fc       0x7c drivers/mmc/omap_hsmmc.o
 .text.omap_hsmmc_wait_dat0
                0x00000000402f8678       0x68 drivers/mmc/omap_hsmmc.o
 .text.omap_hsmmc_getwp
                0x00000000402f86e0       0x12 drivers/mmc/omap_hsmmc.o
 .text.omap_hsmmc_getcd
                0x00000000402f86f2       0x14 drivers/mmc/omap_hsmmc.o
 .text.omap_hsmmc_bind
                0x00000000402f8706       0x22 drivers/mmc/omap_hsmmc.o
 .text.omap_hsmmc_send_cmd
                0x00000000402f8728      0x2d0 drivers/mmc/omap_hsmmc.o
 .text.omap_hsmmc_probe
                0x00000000402f89f8      0x228 drivers/mmc/omap_hsmmc.o
 .text.omap_hsmmc_set_ios
                0x00000000402f8c20      0x24c drivers/mmc/omap_hsmmc.o
 .text.nand_command.isra.0
                0x00000000402f8e6c      0x138 drivers/mtd/nand/raw/am335x_spl_bch.o
 .text.nand_is_bad_block
                0x00000000402f8fa4       0x48 drivers/mtd/nand/raw/am335x_spl_bch.o
 .text.nand_init
                0x00000000402f8fec       0x40 drivers/mtd/nand/raw/am335x_spl_bch.o
                0x00000000402f8fec                nand_init
 .text.nand_page_size
                0x00000000402f902c        0xc drivers/mtd/nand/raw/am335x_spl_bch.o
                0x00000000402f902c                nand_page_size
 .text.nand_deselect
                0x00000000402f9038       0x1c drivers/mtd/nand/raw/am335x_spl_bch.o
                0x00000000402f9038                nand_deselect
 .text.nand_spl_load_image
                0x00000000402f9054      0x164 drivers/mtd/nand/raw/am335x_spl_bch.o
                0x00000000402f9054                nand_spl_load_image
 .text.nand_spl_adjust_offset
                0x00000000402f91b8       0x24 drivers/mtd/nand/raw/am335x_spl_bch.o
                0x00000000402f91b8                nand_spl_adjust_offset
 .text.omap_nand_hwcontrol
                0x00000000402f91dc       0x48 drivers/mtd/nand/raw/omap_gpmc.o
 .text.omap_dev_ready
                0x00000000402f9224       0x1c drivers/mtd/nand/raw/omap_gpmc.o
 .text.omap_enable_hwecc_bch
                0x00000000402f9240       0x9c drivers/mtd/nand/raw/omap_gpmc.o
 .text.omap_calculate_ecc_bch
                0x00000000402f92dc       0xdc drivers/mtd/nand/raw/omap_gpmc.o
 .text.omap_reverse_list
                0x00000000402f93b8       0x1c drivers/mtd/nand/raw/omap_gpmc.o
 .text.omap_read_page_bch
                0x00000000402f93d4      0x120 drivers/mtd/nand/raw/omap_gpmc.o
 .text.omap_correct_data_bch
                0x00000000402f94f4      0x1d0 drivers/mtd/nand/raw/omap_gpmc.o
 .text.omap_nand_read_prefetch
                0x00000000402f96c4      0x15c drivers/mtd/nand/raw/omap_gpmc.o
 .text.gpmc_nand_init
                0x00000000402f9820      0x18c drivers/mtd/nand/raw/omap_gpmc.o
                0x00000000402f9820                gpmc_nand_init
 .text.board_nand_init
                0x00000000402f99ac        0x8 drivers/mtd/nand/raw/omap_gpmc.o
                0x00000000402f99ac                board_nand_init
 .text.elm_check_error
                0x00000000402f99b4      0x174 drivers/mtd/nand/raw/omap_elm.o
                0x00000000402f99b4                elm_check_error
 .text.elm_config
                0x00000000402f9b28       0x48 drivers/mtd/nand/raw/omap_elm.o
                0x00000000402f9b28                elm_config
 .text.elm_reset
                0x00000000402f9b70       0x28 drivers/mtd/nand/raw/omap_elm.o
                0x00000000402f9b70                elm_reset
 .text.elm_init
                0x00000000402f9b98       0x14 drivers/mtd/nand/raw/omap_elm.o
                0x00000000402f9b98                elm_init
 .text._serial_putc
                0x00000000402f9bac       0x22 drivers/serial/serial-uclass.o
 .text.serial_post_probe
                0x00000000402f9bce       0x12 drivers/serial/serial-uclass.o
 .text.serial_pre_remove
                0x00000000402f9be0        0x4 drivers/serial/serial-uclass.o
 .text.serial_putc
                0x00000000402f9be4       0x12 drivers/serial/serial-uclass.o
                0x00000000402f9be4                serial_putc
 .text.serial_puts
                0x00000000402f9bf6       0x1e drivers/serial/serial-uclass.o
                0x00000000402f9bf6                serial_puts
 .text.serial_flush
                0x00000000402f9c14       0x22 drivers/serial/serial-uclass.o
                0x00000000402f9c14                serial_flush
 .text.serial_getc
                0x00000000402f9c36       0x22 drivers/serial/serial-uclass.o
                0x00000000402f9c36                serial_getc
 .text.serial_tstc
                0x00000000402f9c58       0x1a drivers/serial/serial-uclass.o
                0x00000000402f9c58                serial_tstc
 .text.serial_setbrg
                0x00000000402f9c72       0x1e drivers/serial/serial-uclass.o
                0x00000000402f9c72                serial_setbrg
 .text.serial_init
                0x00000000402f9c90       0x50 drivers/serial/serial-uclass.o
                0x00000000402f9c90                serial_init
 .text.ns16550_serial_getinfo
                0x00000000402f9ce0        0xc drivers/serial/ns16550.o
                0x00000000402f9ce0                ns16550_serial_getinfo
 .text.ns16550_readb.isra.0
                0x00000000402f9cec       0x14 drivers/serial/ns16550.o
 .text.ns16550_serial_getc
                0x00000000402f9d00       0x26 drivers/serial/ns16550.o
                0x00000000402f9d00                ns16550_serial_getc
 .text.ns16550_serial_pending
                0x00000000402f9d26       0x28 drivers/serial/ns16550.o
                0x00000000402f9d26                ns16550_serial_pending
 .text.ns16550_writeb
                0x00000000402f9d4e       0x18 drivers/serial/ns16550.o
                0x00000000402f9d4e                ns16550_writeb
 .text.ns16550_serial_putc
                0x00000000402f9d66       0x2a drivers/serial/ns16550.o
                0x00000000402f9d66                ns16550_serial_putc
 .text.ns16550_serial_setconfig
                0x00000000402f9d90       0x38 drivers/serial/ns16550.o
                0x00000000402f9d90                ns16550_serial_setconfig
 .text.ns16550_setbrg
                0x00000000402f9dc8       0x42 drivers/serial/ns16550.o
                0x00000000402f9dc8                ns16550_setbrg
 .text.ns16550_serial_setbrg
                0x00000000402f9e0a       0x24 drivers/serial/ns16550.o
                0x00000000402f9e0a                ns16550_serial_setbrg
 .text.ns16550_init
                0x00000000402f9e2e       0x60 drivers/serial/ns16550.o
                0x00000000402f9e2e                ns16550_init
 .text.ns16550_serial_probe
                0x00000000402f9e8e       0x26 drivers/serial/ns16550.o
                0x00000000402f9e8e                ns16550_serial_probe
 .text.omap_serial_setbrg
                0x00000000402f9eb4       0xb0 drivers/serial/serial_omap.o
 .text.wdt_pre_probe
                0x00000000402f9f64       0x26 drivers/watchdog/wdt-uclass.o
 *fill*         0x00000000402f9f8a        0x2 
 .text.wdt_start
                0x00000000402f9f8c       0xb8 drivers/watchdog/wdt-uclass.o
                0x00000000402f9f8c                wdt_start
 .text.initr_watchdog
                0x00000000402fa044       0x70 drivers/watchdog/wdt-uclass.o
                0x00000000402fa044                initr_watchdog
 .text.downcase
                0x00000000402fa0b4       0x24 fs/fat/fat.o
 .text.disk_read
                0x00000000402fa0d8       0x30 fs/fat/fat.o
 .text.get_fatent
                0x00000000402fa108       0xe4 fs/fat/fat.o
 .text.get_cluster
                0x00000000402fa1ec       0xec fs/fat/fat.o
 .text.read_bootsectandvi
                0x00000000402fa2d8       0xfc fs/fat/fat.o
 .text.fat_itr_root
                0x00000000402fa3d4      0x130 fs/fat/fat.o
 .text.fat_set_blk_dev
                0x00000000402fa504       0x8c fs/fat/fat.o
                0x00000000402fa504                fat_set_blk_dev
 .text.fat_register_device
                0x00000000402fa590       0x50 fs/fat/fat.o
                0x00000000402fa590                fat_register_device
 .text.fat_next_cluster
                0x00000000402fa5e0       0xa0 fs/fat/fat.o
                0x00000000402fa5e0                fat_next_cluster
 .text.next_dent
                0x00000000402fa680       0x38 fs/fat/fat.o
 .text.fat_itr_next
                0x00000000402fa6b8      0x1a4 fs/fat/fat.o
 .text.fat_itr_resolve
                0x00000000402fa85c      0x118 fs/fat/fat.o
 .text.fat_read_file
                0x00000000402fa974      0x2c0 fs/fat/fat.o
                0x00000000402fa974                fat_read_file
 .text.file_fat_read
                0x00000000402fac34       0x1e fs/fat/fat.o
                0x00000000402fac34                file_fat_read
 *fill*         0x00000000402fac52        0x2 
 .text.get_fs   0x00000000402fac54        0x8 fs/ext4/ext4fs.o
                0x00000000402fac54                get_fs
 .text.ext4fs_free_node
                0x00000000402fac5c        0x2 fs/ext4/ext4fs.o
                0x00000000402fac5c                ext4fs_free_node
 .text.ext_cache_init
                0x00000000402fac5e        0x8 fs/ext4/ext4fs.o
                0x00000000402fac5e                ext_cache_init
 *fill*         0x00000000402fac66        0x2 
 .text.ext4fs_read_file
                0x00000000402fac68      0x260 fs/ext4/ext4fs.o
                0x00000000402fac68                ext4fs_read_file
 .text.ext4fs_read
                0x00000000402faec8       0x38 fs/ext4/ext4fs.o
                0x00000000402faec8                ext4fs_read
 .text.ext_cache_fini
                0x00000000402faf00        0x4 fs/ext4/ext4fs.o
                0x00000000402faf00                ext_cache_fini
 .text.ext_cache_read
                0x00000000402faf04       0x50 fs/ext4/ext4fs.o
                0x00000000402faf04                ext_cache_read
 .text.ext4fs_bg_get_inode_table_id
                0x00000000402faf54       0x16 fs/ext4/ext4_common.o
                0x00000000402faf54                ext4fs_bg_get_inode_table_id
 .text.ext4fs_read_inode
                0x00000000402faf6a      0x102 fs/ext4/ext4_common.o
                0x00000000402faf6a                ext4fs_read_inode
 .text.read_allocated_block
                0x00000000402fb06c      0x530 fs/ext4/ext4_common.o
                0x00000000402fb06c                read_allocated_block
 .text.ext4fs_iterate_dir
                0x00000000402fb59c      0x158 fs/ext4/ext4_common.o
                0x00000000402fb59c                ext4fs_iterate_dir
 .text.ext4fs_find_file1
                0x00000000402fb6f4      0x1a8 fs/ext4/ext4_common.o
                0x00000000402fb6f4                ext4fs_find_file1
 .text.ext4fs_find_file
                0x00000000402fb89c       0x44 fs/ext4/ext4_common.o
                0x00000000402fb89c                ext4fs_find_file
 .text.ext4fs_open
                0x00000000402fb8e0       0x60 fs/ext4/ext4_common.o
                0x00000000402fb8e0                ext4fs_open
 .text.ext4fs_mount
                0x00000000402fb940       0x8c fs/ext4/ext4_common.o
                0x00000000402fb940                ext4fs_mount
 .text.ext4fs_set_blk_dev
                0x00000000402fb9cc       0x50 fs/ext4/dev.o
                0x00000000402fb9cc                ext4fs_set_blk_dev
 .text.ext4fs_devread
                0x00000000402fba1c       0x28 fs/ext4/dev.o
                0x00000000402fba1c                ext4fs_devread
 .text.ext4_read_superblock
                0x00000000402fba44       0x28 fs/ext4/dev.o
                0x00000000402fba44                ext4_read_superblock
 .text.fs_devread
                0x00000000402fba6c      0x158 fs/fs_internal.o
                0x00000000402fba6c                fs_devread
 .text.__udivsi3
                0x00000000402fbbc4       0x9c arch/arm/lib/lib1funcs.o
                0x00000000402fbbc4                __udivsi3
                0x00000000402fbbc4                __aeabi_uidiv
 .text.__divsi3
                0x00000000402fbc60       0xcc arch/arm/lib/lib1funcs.o
                0x00000000402fbc60                __aeabi_idiv
                0x00000000402fbc60                __divsi3
 .text.__aeabi_uidivmod
                0x00000000402fbd2c       0x30 arch/arm/lib/lib1funcs.o
                0x00000000402fbd2c                __aeabi_uidivmod
                0x00000000402fbd44                __aeabi_idivmod
 .text.Ldiv0    0x00000000402fbd5c       0x10 arch/arm/lib/lib1funcs.o
 .text.__div0   0x00000000402fbd6c        0x6 arch/arm/lib/div0.o
                0x00000000402fbd6c                __div0

.glue_7         0x00000000402fbd74        0x0
 .glue_7        0x00000000402fbd74        0x0 linker stubs

.glue_7t        0x00000000402fbd74        0x0
 .glue_7t       0x00000000402fbd74        0x0 linker stubs

.vfp11_veneer   0x00000000402fbd74        0x0
 .vfp11_veneer  0x00000000402fbd74        0x0 linker stubs

.v4_bx          0x00000000402fbd74        0x0
 .v4_bx         0x00000000402fbd74        0x0 linker stubs

.iplt           0x00000000402fbd74        0x0
 .iplt          0x00000000402fbd74        0x0 arch/arm/cpu/armv7/start.o
                0x00000000402fbd74                . = ALIGN (0x4)

.rodata         0x00000000402fbd74     0x31c4
 *(SORT_BY_ALIGNMENT(.rodata*))
 .rodata        0x00000000402fbd74       0x88 arch/arm/mach-omap2/am33xx/clock_am33xx.o
 .rodata.cmwkup
                0x00000000402fbdfc        0x4 arch/arm/mach-omap2/am33xx/clock_am33xx.o
                0x00000000402fbdfc                cmwkup
 .rodata.dpll_core_1000MHz
                0x00000000402fbe00       0x40 arch/arm/mach-omap2/am33xx/clock_am33xx.o
                0x00000000402fbe00                dpll_core_1000MHz
 .rodata.dpll_core_regs
                0x00000000402fbe40       0x24 arch/arm/mach-omap2/am33xx/clock_am33xx.o
                0x00000000402fbe40                dpll_core_regs
 .rodata.dpll_ddr3_400MHz
                0x00000000402fbe64       0x40 arch/arm/mach-omap2/am33xx/clock_am33xx.o
                0x00000000402fbe64                dpll_ddr3_400MHz
 .rodata.dpll_ddr_regs
                0x00000000402fbea4       0x24 arch/arm/mach-omap2/am33xx/clock_am33xx.o
                0x00000000402fbea4                dpll_ddr_regs
 .rodata.dpll_mpu_opp
                0x00000000402fbec8      0x180 arch/arm/mach-omap2/am33xx/clock_am33xx.o
                0x00000000402fbec8                dpll_mpu_opp
 .rodata.dpll_mpu_regs
                0x00000000402fc048       0x24 arch/arm/mach-omap2/am33xx/clock_am33xx.o
                0x00000000402fc048                dpll_mpu_regs
 .rodata.dpll_per_192MHz
                0x00000000402fc06c       0x40 arch/arm/mach-omap2/am33xx/clock_am33xx.o
                0x00000000402fc06c                dpll_per_192MHz
 .rodata.dpll_per_regs
                0x00000000402fc0ac       0x24 arch/arm/mach-omap2/am33xx/clock_am33xx.o
                0x00000000402fc0ac                dpll_per_regs
 .rodata.ddr_cmd_reg
                0x00000000402fc0d0        0x8 arch/arm/mach-omap2/am33xx/ddr.o
 .rodata.ddr_data_reg
                0x00000000402fc0d8        0x8 arch/arm/mach-omap2/am33xx/ddr.o
 .rodata.emif_reg
                0x00000000402fc0e0        0x8 arch/arm/mach-omap2/am33xx/ddr.o
 .rodata.vtpreg
                0x00000000402fc0e8        0x8 arch/arm/mach-omap2/am33xx/emif4.o
 .rodata.am33xx_gpio
                0x00000000402fc0f0       0x30 arch/arm/mach-omap2/am33xx/board.o
 .rodata.am33xx_i2c
                0x00000000402fc120       0x24 arch/arm/mach-omap2/am33xx/board.o
 .rodata.am33xx_serial
                0x00000000402fc144       0xc0 arch/arm/mach-omap2/am33xx/board.o
 .rodata.am33xx_ctrl
                0x00000000402fc204      0x1c8 arch/arm/mach-omap2/am33xx/prcm-regs.o
                0x00000000402fc204                am33xx_ctrl
 .rodata        0x00000000402fc3cc       0x1c arch/arm/mach-omap2/mem-common.o
 .rodata.am335x_mmc0_plat
                0x00000000402fc3e8       0x2c board/calixto/am335x_versa_nxt512/board.o
 .rodata.am335x_mmc1_plat
                0x00000000402fc414       0x2c board/calixto/am335x_versa_nxt512/board.o
 .rodata.ddr3_calixto_nxt_cmd_ctrl_data
                0x00000000402fc440       0x30 board/calixto/am335x_versa_nxt512/board.o
 .rodata.ddr3_calixto_nxt_data
                0x00000000402fc470       0x18 board/calixto/am335x_versa_nxt512/board.o
 .rodata.ioregs_calixto_nxt
                0x00000000402fc488       0x20 board/calixto/am335x_versa_nxt512/board.o
                0x00000000402fc488                ioregs_calixto_nxt
 .rodata.uimage_os
                0x00000000402fc4a8       0xb4 boot/image.o
 .rodata.CSWTCH.32
                0x00000000402fc55c       0x20 common/xyzModem.o
 .rodata.env_flags_varaccess_mask
                0x00000000402fc57c       0x10 env/flags.o
 .rodata.fdt_errtable
                0x00000000402fc58c       0x4c lib/libfdt/fdt_strerror.o
 .rodata.blk_part_ops
                0x00000000402fc5d8       0x10 disk/disk-uclass.o
 .rodata.gpio_omap_ops
                0x00000000402fc5e8       0x28 drivers/gpio/omap_gpio.o
 .rodata.generic_chip_i2c_ids
                0x00000000402fc610       0x10 drivers/i2c/i2c-uclass.o
 .rodata.omap_i2c_ops
                0x00000000402fc620       0x18 drivers/i2c/omap24xx_i2c.o
 .rodata        0x00000000402fc638        0x8 drivers/mmc/mmc.o
 .rodata.ext_csd_bus_width
                0x00000000402fc640       0x3c drivers/mmc/mmc.o
 .rodata.fbase  0x00000000402fc67c       0x20 drivers/mmc/mmc.o
 .rodata.freqs.2
                0x00000000402fc69c       0x34 drivers/mmc/mmc.o
 .rodata.mmc_modes_by_pref
                0x00000000402fc6d0       0x20 drivers/mmc/mmc.o
 .rodata.mmc_versions.1
                0x00000000402fc6f0       0x24 drivers/mmc/mmc.o
 .rodata.sd_modes_by_pref
                0x00000000402fc714       0x10 drivers/mmc/mmc.o
 .rodata.mmc_blk_ops
                0x00000000402fc724       0x10 drivers/mmc/mmc-uclass.o
 .rodata.omap_hsmmc_ops
                0x00000000402fc734       0x28 drivers/mmc/omap_hsmmc.o
 .rodata.nand_ecc_pos
                0x00000000402fc75c       0xe0 drivers/mtd/nand/raw/am335x_spl_bch.o
 .rodata.ns16550_serial_ops
                0x00000000402fc83c       0x24 drivers/serial/ns16550.o
                0x00000000402fc83c                ns16550_serial_ops
 .rodata.omap_serial_ops
                0x00000000402fc860       0x24 drivers/serial/serial_omap.o
                0x00000000402fc860                omap_serial_ops
 .rodata.crc16_tab
                0x00000000402fc884      0x200 lib/crc16-ccitt.o
 .rodata.do_setup_dpll.str1.1
                0x00000000402fca84       0x3a arch/arm/mach-omap2/am33xx/clock.o
 .rodata.do_enable_clocks.str1.1
                0x00000000402fcabe       0x2a arch/arm/mach-omap2/am33xx/clock.o
 .rodata.config_sdram_emif4d5.str1.1
                0x00000000402fcae8       0x2a arch/arm/mach-omap2/am33xx/ddr.o
 .rodata.str1.1
                0x00000000402fcb12       0x22 arch/arm/mach-omap2/am33xx/board.o
 .rodata.do_reset.str1.1
                0x00000000402fcb34        0xf arch/arm/lib/reset.o
 .rodata.spl_start_uboot.str1.1
                0x00000000402fcb43        0x8 board/calixto/am335x_versa_nxt512/board.o
 .rodata.str1.1
                0x00000000402fcb4b        0xb board/calixto/am335x_versa_nxt512/board.o
 .rodata.spl_fixup_fdt.str1.1
                0x00000000402fcb56       0x51 common/spl/spl.o
 .rodata.spl_set_header_raw_uboot.str1.1
                0x00000000402fcba7        0x7 common/spl/spl.o
 .rodata.spl_parse_image_header.str1.1
                0x00000000402fcbae        0x6 common/spl/spl.o
 .rodata.board_init_r.str1.1
                0x00000000402fcbb4       0x62 common/spl/spl.o
 .rodata.preloader_console_init.str1.1
                0x00000000402fcc16       0x48 common/spl/spl.o
 .rodata.load_simple_fit.str1.1
                0x00000000402fcc5e       0x70 common/spl/spl_fit.o
 .rodata.spl_fit_append_fdt.str1.1
                0x00000000402fccce        0x4 common/spl/spl_fit.o
 .rodata.spl_load_simple_fit.str1.1
                0x00000000402fccd2       0x4d common/spl/spl_fit.o
                                         0x56 (size before relaxing)
 .rodata.__func__.1
                0x00000000402fcd1f       0x10 common/spl/spl_fit.o
 .rodata.__func__.2
                0x00000000402fcd2f       0x14 common/spl/spl_fit.o
 .rodata.spl_ymodem_load_image.str1.1
                0x00000000402fcd43       0x28 common/spl/spl_ymodem.o
 .rodata.str1.1
                0x00000000402fcd6b        0x5 common/spl/spl_ymodem.o
 .rodata.spl_nand_load_image.str1.1
                0x00000000402fcd70       0x6e common/spl/spl_nand.o
 .rodata.str1.1
                0x00000000402fcdde        0x5 common/spl/spl_nand.o
 .rodata.spl_mmc_load.str1.1
                0x00000000402fcde3      0x169 common/spl/spl_mmc.o
 .rodata.spl_mmc_load_image.str1.1
                0x00000000402fcf4c        0xb common/spl/spl_mmc.o
 .rodata.str1.1
                0x00000000402fcf57       0x11 common/spl/spl_mmc.o
 .rodata.spl_load_image_fat.str1.1
                0x00000000402fcf68       0x41 common/spl/spl_fat.o
 .rodata.spl_load_image_fat_os.str1.1
                0x00000000402fcfa9      0x11c common/spl/spl_fat.o
 .rodata.__func__.0
                0x00000000402fd0c5       0x16 common/spl/spl_fat.o
 .rodata.__func__.1
                0x00000000402fd0db       0x18 common/spl/spl_fat.o
 .rodata.__func__.2
                0x00000000402fd0f3       0x13 common/spl/spl_fat.o
 .rodata.spl_load_image_ext.str1.1
                0x00000000402fd106       0x53 common/spl/spl_ext.o
                                         0x79 (size before relaxing)
 .rodata.spl_load_image_ext_os.str1.1
                0x00000000402fd159      0x11c common/spl/spl_ext.o
 .rodata.__func__.0
                0x00000000402fd159       0x16 common/spl/spl_ext.o
 .rodata.__func__.1
                0x00000000402fd16f       0x13 common/spl/spl_ext.o
 .rodata.genimg_get_os_id.str1.1
                0x00000000402fd182       0x53 boot/image.o
                                          0x3 (size before relaxing)
 .rodata.str1.1
                0x00000000402fd182      0x864 boot/image.o
                                        0x8a8 (size before relaxing)
 .rodata.fdt_find_or_add_subnode.str1.1
                0x00000000402fd9e6        0xc boot/fdt_support.o
 .rodata.fdt_fixup_memory_banks.str1.1
                0x00000000402fd9f2       0x8c boot/fdt_support.o
                                         0x94 (size before relaxing)
 .rodata.__FUNCTION__.4
                0x00000000402fda7e       0x17 boot/fdt_support.o
 .rodata.__func__.5
                0x00000000402fda95       0x18 boot/fdt_support.o
 .rodata.fit_image_get_address.str1.1
                0x00000000402fdaad       0x1d boot/image-fit.o
 .rodata.fit_image_get_os.str1.1
                0x00000000402fdaca       0x1d boot/image-fit.o
                                          0x3 (size before relaxing)
 .rodata.fit_image_get_load.str1.1
                0x00000000402fdaca       0x1d boot/image-fit.o
                                          0x5 (size before relaxing)
 .rodata.fit_image_get_entry.str1.1
                0x00000000402fdaca        0x6 boot/image-fit.o
 .rodata.fit_image_get_data.str1.1
                0x00000000402fdad0        0x5 boot/image-fit.o
 .rodata.fit_image_get_data_offset.str1.1
                0x00000000402fdad5        0xc boot/image-fit.o
 .rodata.fit_image_get_data_position.str1.1
                0x00000000402fdae1        0xe boot/image-fit.o
 .rodata.fit_image_get_data_size.str1.1
                0x00000000402fdaef        0xa boot/image-fit.o
 .rodata.fit_find_config_node.str1.1
                0x00000000402fdaf9       0x48 boot/common_fit.o
 .rodata.__func__.0
                0x00000000402fdb41       0x15 boot/common_fit.o
 .rodata.alloc_simple.str1.1
                0x00000000402fdb56       0x17 common/malloc_simple.o
 .rodata.xyzModem_stream_open.str1.1
                0x00000000402fdb6d        0xf common/xyzModem.o
                                         0x11 (size before relaxing)
 .rodata.xyzModem_error.str1.1
                0x00000000402fdb7c        0xe common/xyzModem.o
 .rodata.str1.1
                0x00000000402fdb8a       0x8a common/xyzModem.o
 .rodata.env_get_from_linear.str1.1
                0x00000000402fdc14       0x30 env/common.o
 .rodata.default_environment
                0x00000000402fdc44      0x1aa env/common.o
                0x00000000402fdc44                default_environment
 .rodata.env_load.str1.1
                0x00000000402fddee       0x24 env/env.o
 .rodata.regex_callback.str1.1
                0x00000000402fde12       0x20 env/attr.o
 .rodata.env_flags_parse_vartype.str1.1
                0x00000000402fde32       0x34 env/flags.o
 .rodata.env_flags_parse_varaccess.str1.1
                0x00000000402fde66       0x3d env/flags.o
 .rodata.env_flags_init.str1.1
                0x00000000402fdea3       0x62 env/flags.o
 .rodata.env_flags_validate.str1.1
                0x00000000402fdf05       0xb2 env/flags.o
                                         0xb3 (size before relaxing)
 .rodata        0x00000000402fdfb7        0x3 env/flags.o
 .rodata.env_flags_varaccess_rep
                0x00000000402fdfba        0x5 env/flags.o
 .rodata.env_flags_vartype_rep
                0x00000000402fdfbf        0x7 env/flags.o
 .rodata.str1.1
                0x00000000402fdfc6        0x8 env/nowhere.o
 .rodata.fdt_get_alias_namelen.str1.1
                0x00000000402fdfce        0x9 lib/libfdt/fdt_ro.o
 .rodata.fdt_strerror.str1.1
                0x00000000402fdfd7       0x31 lib/libfdt/fdt_strerror.o
 .rodata.str1.1
                0x00000000402fe008      0x13e lib/libfdt/fdt_strerror.o
 .rodata.fdt_address_cells.str1.1
                0x00000000402fe146        0xf lib/libfdt/fdt_addresses.o
 .rodata.fdt_size_cells.str1.1
                0x00000000402fe155        0xc lib/libfdt/fdt_addresses.o
 .rodata._ctype
                0x00000000402fe161      0x100 lib/ctype.o
                0x00000000402fe161                _ctype
 .rodata.fdtdec_add_aliases_for_id.str1.1
                0x00000000402fe261        0x9 lib/fdtdec.o
 .rodata.hang.str1.1
                0x00000000402fe261       0x2a lib/hang.o
 .rodata.emit.str1.1
                0x00000000402fe28b       0x1f lib/slre.o
 .rodata.store_char_in_data.str1.1
                0x00000000402fe2aa       0x1f lib/slre.o
 .rodata.match.str1.1
                0x00000000402fe2c9       0x18 lib/slre.o
 .rodata.fixup_branch.part.0.str1.1
                0x00000000402fe2e1       0x17 lib/slre.o
 .rodata.compile.str1.1
                0x00000000402fe2f8       0x4a lib/slre.o
 .rodata.part_get_info_whole_disk.str1.1
                0x00000000402fe342        0xb disk/part.o
                                         0x12 (size before relaxing)
 .rodata.part_set_generic_name.str1.1
                0x00000000402fe34d       0x18 disk/part.o
                                         0x1b (size before relaxing)
 .rodata.str1.1
                0x00000000402fe365        0xe disk/disk-uclass.o
                                         0x18 (size before relaxing)
 .rodata.test_block_type.str1.1
                0x00000000402fe373        0xa disk/part_dos.o
 .rodata.part_get_info_extended.constprop.0.str1.1
                0x00000000402fe37d       0x81 disk/part_dos.o
                                         0x88 (size before relaxing)
 .rodata.str1.1
                0x00000000402fe3fe        0x4 disk/part_dos.o
 .rodata.blk_post_probe.str1.1
                0x00000000402fe402        0x6 drivers/block/blk-uclass.o
                                         0x14 (size before relaxing)
 .rodata.blk_create_devicef.str1.1
                0x00000000402fe408        0x6 drivers/block/blk-uclass.o
 .rodata.str1.1
                0x00000000402fe40e       0x4d drivers/block/blk-uclass.o
                                         0x5d (size before relaxing)
 .rodata.str1.1
                0x00000000402fe45b       0x11 drivers/core/root.o
 .rodata.str1.1
                0x00000000402fe46c        0x4 drivers/core/uclass.o
 .rodata.check_reserved.str1.1
                0x00000000402fe470       0x27 drivers/gpio/gpio-uclass.o
                                         0x28 (size before relaxing)
 .rodata.dm_gpio_get_value.str1.1
                0x00000000402fe497        0xa drivers/gpio/gpio-uclass.o
 .rodata.str1.1
                0x00000000402fe4a1       0x26 drivers/gpio/gpio-uclass.o
 .rodata.omap_gpio_probe.str1.1
                0x00000000402fe4c7        0xa drivers/gpio/omap_gpio.o
 .rodata.str1.1
                0x00000000402fe4d1        0xa drivers/gpio/omap_gpio.o
 .rodata.i2c_get_chip.str1.1
                0x00000000402fe4d1       0x20 drivers/i2c/i2c-uclass.o
 .rodata.str1.1
                0x00000000402fe4f1       0x19 drivers/i2c/i2c-uclass.o
 .rodata.wait_for_bb.str1.1
                0x00000000402fe50a       0x1e drivers/i2c/omap24xx_i2c.o
 .rodata.wait_for_event.str1.1
                0x00000000402fe528       0x37 drivers/i2c/omap24xx_i2c.o
 .rodata.omap_i2c_xfer.str1.1
                0x00000000402fe55f       0xc7 drivers/i2c/omap24xx_i2c.o
 .rodata.omap_i2c_probe_chip.str1.1
                0x00000000402fe626       0x3e drivers/i2c/omap24xx_i2c.o
 .rodata.__omap24_i2c_setspeed.str1.1
                0x00000000402fe664       0x4c drivers/i2c/omap24xx_i2c.o
 .rodata.omap_i2c_probe.str1.1
                0x00000000402fe6b0       0x45 drivers/i2c/omap24xx_i2c.o
 .rodata.str1.1
                0x00000000402fe6f5        0x9 drivers/i2c/omap24xx_i2c.o
 .rodata.__func__.0
                0x00000000402fe6f5       0x16 drivers/i2c/omap24xx_i2c.o
 .rodata.__func__.1
                0x00000000402fe70b        0xe drivers/i2c/omap24xx_i2c.o
 .rodata.__func__.2
                0x00000000402fe719        0xf drivers/i2c/omap24xx_i2c.o
 .rodata.__func__.3
                0x00000000402fe728        0xc drivers/i2c/omap24xx_i2c.o
 .rodata.reg_map_ip_v1
                0x00000000402fe734       0x11 drivers/i2c/omap24xx_i2c.o
 .rodata.reg_map_ip_v2
                0x00000000402fe745       0x16 drivers/i2c/omap24xx_i2c.o
 .rodata.mmc_bread.str1.1
                0x00000000402fe75b       0x47 drivers/mmc/mmc.o
 .rodata.mmc_get_op_cond.str1.1
                0x00000000402fe7a2       0x2e drivers/mmc/mmc.o
 .rodata.mmc_start_init.str1.1
                0x00000000402fe7d0       0x16 drivers/mmc/mmc.o
 .rodata.mmc_init.str1.1
                0x00000000402fe7e6       0x7b drivers/mmc/mmc.o
 .rodata.multipliers
                0x00000000402fe861       0x10 drivers/mmc/mmc.o
 .rodata.find_mmc_device.str1.1
                0x00000000402fe871       0x19 drivers/mmc/mmc-uclass.o
 .rodata.mmc_bind.str1.1
                0x00000000402fe88a        0x8 drivers/mmc/mmc-uclass.o
                                          0xc (size before relaxing)
 .rodata.str1.1
                0x00000000402fe892        0x4 drivers/mmc/mmc-uclass.o
 .rodata.mmc_reset_controller_fsm.str1.1
                0x00000000402fe892       0x2d drivers/mmc/omap_hsmmc.o
 .rodata.omap_hsmmc_send_cmd.str1.1
                0x00000000402fe8bf       0x70 drivers/mmc/omap_hsmmc.o
 .rodata.omap_hsmmc_probe.str1.1
                0x00000000402fe92f       0x72 drivers/mmc/omap_hsmmc.o
 .rodata.str1.1
                0x00000000402fe9a1        0xb drivers/mmc/omap_hsmmc.o
 .rodata.__func__.0
                0x00000000402fe9a1       0x16 drivers/mmc/omap_hsmmc.o
 .rodata.__func__.1
                0x00000000402fe9b7        0xe drivers/mmc/omap_hsmmc.o
 .rodata.__func__.2
                0x00000000402fe9c5       0x19 drivers/mmc/omap_hsmmc.o
 .rodata.__func__.3
                0x00000000402fe9de       0x14 drivers/mmc/omap_hsmmc.o
 .rodata.__func__.4
                0x00000000402fe9f2       0x15 drivers/mmc/omap_hsmmc.o
 .rodata.omap_correct_data_bch.str1.1
                0x00000000402fea07       0x28 drivers/mtd/nand/raw/omap_gpmc.o
 .rodata.gpmc_nand_init.str1.1
                0x00000000402fea2f       0x4c drivers/mtd/nand/raw/omap_gpmc.o
 .rodata.elm_check_error.str1.1