cmd/i2c.c:1928:12:do_i2c	24	static
cmd/i2c.c:150:12:i2c_get_cur_bus	8	static
cmd/i2c.c:1795:12:do_i2c_bus_speed	32	static
cmd/i2c.c:1870:12:do_i2c_reset	16	static
cmd/i2c.c:171:12:i2c_get_cur_bus_chip	24	static
cmd/i2c.c:908:12:do_i2c_probe	32	static
cmd/i2c.c:1744:12:do_i2c_bus_num	16	static
cmd/i2c.c:1651:13:show_bus	24	static
cmd/i2c.c:420:12:do_i2c_olen	24	static
cmd/i2c.c:390:12:do_i2c_flags	24	static
cmd/i2c.c:1681:12:do_i2c_show_bus	24	static
cmd/i2c.c:202:13:get_alen.constprop	0	static
cmd/i2c.c:674:12:do_i2c_crc	40	static
cmd/i2c.c:759:12:mod_i2c_mem.part.0	56	static
cmd/i2c.c:1855:12:do_i2c_nm	16	static
cmd/i2c.c:466:12:do_i2c_md	64	static
cmd/i2c.c:244:12:do_i2c_read	32	static
cmd/i2c.c:587:12:do_i2c_mw	32	static
cmd/i2c.c:298:12:do_i2c_write	40	static
cmd/i2c.c:984:12:do_i2c_loop	48	static
cmd/i2c.c:1839:12:do_i2c_mm	16	static
cmd/i2c.c:193:6:i2c_init_board	0	static
