cmd/mmc.c:1267:12:do_mmcops	32	static
cmd/mmc.c:1032:12:do_mmc_setdsr	16	static
cmd/mmc.c:611:12:do_mmc_list	8	static
cmd/mmc.c:22:13:print_mmcinfo	624	static
cmd/mmc.c:135:20:__init_mmc_device.isra	16	static
cmd/mmc.c:165:20:init_mmc_device	0	static
cmd/mmc.c:555:12:do_mmc_dev	24	static
cmd/mmc.c:513:12:do_mmc_rescan	8	static
cmd/mmc.c:535:12:do_mmc_part	8	static
cmd/mmc.c:475:12:do_mmc_erase	144	static
cmd/mmc.c:443:12:do_mmc_write	24	static
cmd/mmc.c:1115:12:do_mmc_boot_wp	16	static
cmd/mmc.c:349:12:do_mmc_read	24	static
cmd/mmc.c:170:12:do_mmcinfo	8	static
