cmd/mtdparts.c:1865:26:mtd_part_info	16	static
cmd/mtdparts.c:492:13:part_delall	16	static
cmd/mtdparts.c:302:12:get_mtd_info	24	static
cmd/mtdparts.c:171:12:memsize_parse	8	static
cmd/mtdparts.c:412:12:part_validate	72	static
cmd/mtdparts.c:228:13:index_partitions	16	static
cmd/mtdparts.c:271:13:current_save	32	static
cmd/mtdparts.c:513:12:part_sort_add	24	static
cmd/mtdparts.c:1532:20:env_get_mtdparts	8	static
cmd/mtdparts.c:207:13:memsize_format	8	static
cmd/mtdparts.c:758:12:device_del	16	static
cmd/mtdparts.c:1205:12:generate_mtdparts_save.constprop	80	static
cmd/mtdparts.c:734:12:device_delall.constprop	24	static
cmd/mtdparts.c:968:12:mtd_devices_init	8	static
cmd/mtdparts.c:790:20:device_find	12	static
cmd/mtdparts.c:837:12:device_parse	104	static
cmd/mtdparts.c:1039:5:mtd_id_parse	32	static
cmd/mtdparts.c:1343:5:find_dev_and_part	40	static
cmd/mtdparts.c:1715:5:mtdparts_init	1112	static
cmd/mtdparts.c:1912:12:do_chpart	32	static
cmd/mtdparts.c:1951:12:do_mtdparts	128	static
