cmd/nvedit.c:463:12:do_env_save	8	static
cmd/nvedit.c:1110:12:do_env	24	static
cmd/nvedit.c:188:12:do_env_set	0	static
cmd/nvedit.c:58:12:env_print	56	static
cmd/nvedit.c:89:12:do_env_print	24	static
cmd/nvedit.c:761:12:do_env_import	72	static
cmd/nvedit.c:628:12:do_env_export	96	static
cmd/nvedit.c:547:12:do_env_delete	24	static
cmd/nvedit.c:509:12:do_env_default	16	static
cmd/nvedit.c:201:12:do_env_ask	1080	static
cmd/nvedit.c:1039:12:do_env_exists	48	static
cmd/nvedit.c:426:12:do_env_edit.part.0	1056	static
cmd/nvedit.c:426:12:do_env_edit	4	static
