disk/part_efi.c:65:14:print_efiname	16	static
disk/part_efi.c:315:12:part_test_efi	16	dynamic
disk/part_efi.c:174:13:prepare_backup_gpt_header	24	static
disk/part_efi.c:92:12:validate_gpt_header	40	static
disk/part_efi.c:1030:12:is_gpt_valid	56	dynamic
disk/part_efi.c:735:12:write_one_gpt_table	24	static
disk/part_efi.c:546:17:partition_entries_offset	16	static
disk/part_efi.c:1178:12:is_pte_valid.part.0	24	static
disk/part_efi.c:1097:12:find_valid_gpt.constprop	24	static
disk/part_efi.c:261:27:part_get_info_efi	40	dynamic
disk/part_efi.c:219:28:part_print_efi	72	dynamic
disk/part_efi.c:201:5:get_disk_guid	32	dynamic
disk/part_efi.c:379:5:write_gpt_table	40	dynamic
disk/part_efi.c:426:5:gpt_fill_pte	56	static
disk/part_efi.c:592:5:gpt_fill_header	24	static
disk/part_efi.c:616:5:gpt_restore	40	static
disk/part_efi.c:683:5:gpt_verify_headers	32	static
disk/part_efi.c:759:5:gpt_repair_headers	48	dynamic
disk/part_efi.c:803:5:gpt_verify_partitions	80	static
disk/part_efi.c:881:5:is_valid_gpt_buf	24	static
disk/part_efi.c:901:5:write_mbr_and_gpt_partitions	40	static
