drivers/spi/omap3_spi.c:45:13:omap3_spi_write_chconf	8	static
drivers/spi/omap3_spi.c:52:13:omap3_spi_set_enable	8	static
drivers/spi/omap3_spi.c:278:13:_omap3_spi_set_speed	8	static
drivers/spi/omap3_spi.c:300:13:_omap3_spi_set_mode	0	static
drivers/spi/omap3_spi.c:467:12:omap3_spi_set_mode	8	static
drivers/spi/omap3_spi.c:455:12:omap3_spi_set_speed	8	static
drivers/spi/omap3_spi.c:407:12:omap3_spi_release_bus	8	static
drivers/spi/omap3_spi.c:446:12:omap3_spi_xfer	40	static
drivers/spi/omap3_spi.c:419:12:omap3_spi_set_wordlen	16	static
drivers/spi/omap3_spi.c:390:12:omap3_spi_claim_bus	16	static
drivers/spi/omap3_spi.c:501:12:omap3_spi_of_to_plat	16	static
drivers/spi/omap3_spi.c:432:12:omap3_spi_probe	16	static
