drivers/spi/spi-uclass.c:25:12:spi_set_speed_mode	16	static
drivers/spi/spi-uclass.c:202:12:spi_child_pre_probe	16	static
drivers/spi/spi-uclass.c:191:12:spi_post_probe	16	static
drivers/spi/spi-uclass.c:52:5:dm_spi_claim_bus	32	static
drivers/spi/spi-uclass.c:85:6:dm_spi_release_bus	0	static
drivers/spi/spi-uclass.c:94:5:dm_spi_xfer	8	static
drivers/spi/spi-uclass.c:108:5:dm_spi_get_mmap	8	static
drivers/spi/spi-uclass.c:122:5:spi_claim_bus	0	static
drivers/spi/spi-uclass.c:127:6:spi_release_bus	0	static
drivers/spi/spi-uclass.c:132:5:spi_set_speed	0	static
drivers/spi/spi-uclass.c:147:5:spi_xfer	0	static
drivers/spi/spi-uclass.c:153:5:spi_write_then_read	32	static
drivers/spi/spi-uclass.c:223:5:spi_chip_select	8	static
drivers/spi/spi-uclass.c:230:5:spi_find_chip_select	24	static
drivers/spi/spi-uclass.c:289:5:spi_cs_info	16	static
drivers/spi/spi-uclass.c:274:5:spi_cs_is_valid	16	static
drivers/spi/spi-uclass.c:303:5:spi_find_bus_and_cs	24	static
drivers/spi/spi-uclass.c:325:5:spi_get_bus_and_cs	32	static
drivers/spi/spi-uclass.c:381:5:_spi_get_bus_and_cs	40	static
drivers/spi/spi-uclass.c:493:19:spi_setup_slave	32	static
drivers/spi/spi-uclass.c:508:6:spi_free_slave	0	static
drivers/spi/spi-uclass.c:513:5:spi_slave_of_to_plat	16	static
drivers/spi/spi-uclass.c:180:12:spi_child_post_bind	8	static
