include/log.h:679:19:log_init	0	static
common/board_r.c:85:12:cpu_secondary_init_r	0	static
common/board_r.c:90:12:initr_trace	0	static
common/board_r.c:99:12:initr_reloc	0	static
common/board_r.c:573:12:run_main_loop	8	static
common/board_r.c:495:12:initr_net	8	static
common/board_r.c:434:12:initr_env	8	static
common/board_r.c:395:12:initr_mmc	8	static
common/board_r.c:375:12:initr_nand	8	static
common/board_r.c:541:12:dm_announce	16	static
common/board_r.c:533:12:initr_lmb	0	static
common/board_r.c:236:12:initr_dm	0	static
common/board_r.c:200:12:initr_malloc	8	static
common/board_r.c:125:12:initr_reloc_global_data	8	static
common/board_r.c:112:12:initr_caches	8	static
common/board_r.c:487:12:initr_boot_led_on	0	static
common/board_r.c:178:12:arch_initr_trap	0	static
common/board_r.c:191:12:initr_barrier	0	static
common/board_r.c:219:12:initr_of_live	0	static
common/board_r.c:257:12:initr_dm_devices	0	static
common/board_r.c:281:12:initr_bootstage	0	static
common/board_r.c:288:12:power_init_board	0	static
common/board_r.c:293:12:initr_announce	0	static
common/board_r.c:299:12:initr_binman	0	static
common/board_r.c:471:12:initr_status_led	0	static
common/board_r.c:478:12:initr_boot_led_blink	0	static
common/board_r.c:75:12:board_flash_wp_on	0	static
common/board_r.c:120:12:fixup_cpu	0	static
common/board_r.c:775:6:board_init_r	8	static
