include/bloblist.h:465:19:bloblist_maybe_init	0	static
common/board_f.c:123:12:display_text_info	0	static
common/board_f.c:284:12:setup_mon_len	0	static
common/board_f.c:398:12:reserve_round_4k	0	static
common/board_f.c:477:12:reserve_uboot	0	static
common/board_f.c:534:12:reserve_malloc	0	static
common/board_f.c:850:12:checkcpu	0	static
common/board_f.c:266:12:dram_init_banksize	8	static
common/board_f.c:720:12:setup_reloc	8	static
common/board_f.c:671:12:reloc_fdt	8	static
common/board_f.c:203:12:announce_dram_init	8	static
common/board_f.c:117:12:init_baud_rate	8	static
common/board_f.c:823:12:initf_dm	0	static
include/log.h:679:19:log_init	0	static
include/cyclic.h:101:19:cyclic_unregister_all	0	static
common/board_f.c:308:12:setup_spl_handoff	0	static
common/board_f.c:319:12:arch_cpu_init	0	static
common/board_f.c:324:12:mach_cpu_init	0	static
common/board_f.c:404:12:arch_reserve_mmu	0	static
common/board_f.c:860:12:initf_upl	0	static
common/board_f.c:845:12:reserve_arch	0	static
common/board_f.c:855:12:clear_bss	0	static
common/board_f.c:684:12:reloc_bootstage	0	static
common/board_f.c:696:12:reloc_bloblist	0	static
common/board_f.c:801:12:initf_bootstage	0	static
common/board_f.c:440:12:setup_relocaddr_from_bloblist	0	static
common/board_f.c:447:12:reserve_video	0	static
common/board_f.c:465:12:reserve_trace	0	static
common/board_f.c:593:12:reserve_bootstage	0	static
common/board_f.c:624:12:reserve_bloblist	0	static
common/board_f.c:637:12:display_new_sp	0	static
common/board_f.c:547:12:reserve_board	8	static
common/board_f.c:569:12:reserve_fdt	0	static
common/board_f.c:560:12:reserve_global_data	0	static
common/board_f.c:67:13:coloured_LED_init	0	static
common/board_f.c:68:13:red_led_on	0	static
common/board_f.c:69:13:red_led_off	0	static
common/board_f.c:70:13:green_led_on	0	static
common/board_f.c:71:13:green_led_off	0	static
common/board_f.c:72:13:yellow_led_on	0	static
common/board_f.c:73:13:yellow_led_off	0	static
common/board_f.c:74:13:blue_led_on	0	static
common/board_f.c:75:13:blue_led_off	0	static
common/board_f.c:112:13:board_add_ram_info	0	static
common/board_f.c:239:12:show_dram_config	24	static
common/board_f.c:330:20:board_get_usable_ram_top	0	static
common/board_f.c:347:12:arch_setup_dest_addr	0	static
common/board_f.c:352:12:setup_dest_addr	16	static
common/board_f.c:607:12:arch_reserve_stacks	0	static
common/board_f.c:612:12:reserve_stacks	0	static
common/board_f.c:644:12:arch_setup_bdinfo	0	static
common/board_f.c:649:5:setup_bdinfo	0	static
common/board_f.c:1025:6:board_init_f	24	static
