common/cli_hush.c:888:13:b_reset	0	static
common/cli_hush.c:927:12:static_get	0	static
common/cli_hush.c:934:12:static_peek	0	static
common/cli_hush.c:3141:13:mapset	0	static
common/cli_hush.c:375:13:syntax_err	0	static
common/cli_hush.c:3317:14:xmalloc	8	static
common/cli_hush.c:2333:21:new_pipe	8	static
common/cli_hush.c:3328:14:xrealloc	8	static
common/cli_hush.c:2271:12:is_assignment	0	static
common/cli_hush.c:3650:12:do_showvar	40	static
common/cli_hush.c:878:12:b_addchr	16	static
common/cli_hush.c:1086:12:file_get	32	static
common/cli_hush.c:2532:12:done_command.isra	16	static
common/cli_hush.c:2581:12:done_pipe.isra	16	static
common/cli_hush.c:2441:12:done_word	32	static
common/cli_hush.c:1994:12:free_pipe_list.isra	32	static
common/cli_hush.c:906:12:b_addqchr.isra	16	static
common/cli_hush.c:1129:12:file_peek	0	static
common/cli_hush.c:2130:7:get_local_var	16	static
common/cli_hush.c:2241:6:unset_local_var	16	static
common/cli_hush.c:2152:5:set_local_var	32	static
common/cli_hush.c:3506:14:insert_var_value_sub	48	static
common/cli_hush.c:3257:5:parse_string_outer	48	static
common/cli_hush.c:1755:12:run_list_real	88	static
common/cli_hush.c:3175:12:parse_stream_outer	88	static
common/cli_hush.c:3289:5:parse_file_outer	32	static
common/cli_hush.c:3304:5:u_boot_hush_start	16	static
