common/command.c:94:17:find_cmd_tbl	32	static
common/command.c:129:17:find_cmd	0	static
common/command.c:136:5:cmd_usage	8	static
common/command.c:30:5:_do_help	48	dynamic
common/command.c:157:5:var_complete	24	static
common/command.c:190:5:complete_subcmdv	40	static
common/command.c:359:5:cmd_auto_complete	1440	static
common/command.c:469:5:cmd_get_data_size	16	static
common/command.c:496:6:fixup_cmdtable	12	static
common/command.c:541:5:cmd_always_repeatable	8	static
common/command.c:549:5:cmd_never_repeatable	8	static
common/command.c:557:5:cmd_discard_repeatable	24	static
common/command.c:588:20:cmd_process	48	static
common/command.c:647:5:cmd_process_error	8	static
common/command.c:660:5:cmd_source_script	24	static
