common/miiphyutil.c:39:17:miiphy_get_dev_by_name	16	static
common/miiphyutil.c:62:6:miiphy_init	0	static
common/miiphyutil.c:68:17:mdio_alloc	8	static
common/miiphyutil.c:84:6:mdio_free	0	static
common/miiphyutil.c:89:5:mdio_register	16	static
common/miiphyutil.c:110:5:mdio_register_seq	8	static
common/miiphyutil.c:122:5:mdio_unregister	0	static
common/miiphyutil.c:136:6:mdio_list_devices	40	static
common/miiphyutil.c:161:5:miiphy_set_current_dev	8	static
common/miiphyutil.c:216:24:miiphy_get_active_dev	16	static
common/miiphyutil.c:176:17:mdio_get_current_dev	0	static
common/miiphyutil.c:181:19:mdio_get_list_head	0	static
common/miiphyutil.c:186:20:mdio_phydev_for_ethname	24	static
common/miiphyutil.c:208:13:miiphy_get_current_dev	0	static
common/miiphyutil.c:240:5:miiphy_read	24	static
common/miiphyutil.c:268:5:miiphy_write	32	static
common/miiphyutil.c:284:6:miiphy_listdev	16	static
common/miiphyutil.c:313:5:miiphy_info	32	static
common/miiphyutil.c:521:5:miiphy_is_1000base_x	16	static
common/miiphyutil.c:398:5:miiphy_speed	24	static
common/miiphyutil.c:456:5:miiphy_duplex	24	static
