common/usb.c:324:1:usb_set_maxpacket_ep	8	static
common/usb.c:203:5:usb_int_msg	4	static
common/usb.c:220:5:usb_control_msg	160	static
common/usb.c:563:12:usb_get_descriptor	64	static
common/usb.c:943:12:get_descriptor_len	608	static
common/usb.c:968:12:usb_setup_descriptor	16	static
common/usb.c:748:12:usb_get_string	56	static
common/usb.c:782:12:usb_string_sub	32	static
common/usb.c:275:5:usb_bulk_msg	16	static
common/usb.c:303:5:usb_maxpacket	0	static
common/usb.c:535:5:usb_clear_halt	48	static
common/usb.c:594:5:usb_get_configuration_len	152	static
common/usb.c:617:5:usb_get_configuration_no	16	static
common/usb.c:647:5:usb_set_interface	48	static
common/usb.c:705:5:usb_set_protocol	40	static
common/usb.c:715:5:usb_set_idle	40	static
common/usb.c:725:5:usb_get_report	40	static
common/usb.c:737:5:usb_get_class_descriptor	40	static
common/usb.c:821:5:usb_string	600	static
common/usb.c:1151:5:usb_select_config	64	static
common/usb.c:1255:5:usb_setup_device	48	static
common/usb.c:1309:5:board_usb_init	0	static
common/usb.c:1315:5:board_usb_cleanup	0	static
common/usb.c:1320:6:usb_device_has_child_on_port	0	static
common/usb.c:1330:6:usb_find_usb2_hub_address_port	24	static
