drivers/mtd/spi/spi-nor-core.c:597:12:read_cr	16	static
drivers/mtd/spi/spi-nor-core.c:655:12:write_enable	4	static
drivers/mtd/spi/spi-nor-core.c:663:12:write_disable	4	static
drivers/mtd/spi/spi-nor-core.c:1592:12:spi_nor_read	40	static
drivers/mtd/spi/spi-nor-core.c:3266:12:spi_nor_hwcaps2cmd	0	static
drivers/mtd/spi/spi-nor-core.c:3327:12:spi_nor_check_op	16	static
drivers/mtd/spi/spi-nor-core.c:255:6:spi_nor_setup_op	8	static
drivers/mtd/spi/spi-nor-core.c:489:12:read_sr	80	static
drivers/mtd/spi/spi-nor-core.c:907:12:spi_nor_wait_till_ready_with_timeout	88	static
drivers/mtd/spi/spi-nor-core.c:1967:12:spi_nor_write	56	static
drivers/mtd/spi/spi-nor-core.c:2251:12:spansion_read_cr_quad_enable	24	static
drivers/mtd/spi/spi-nor-core.c:1117:12:spi_nor_erase	88	static
drivers/mtd/spi/spi-nor-core.c:3613:12:spi_nor_default_setup	80	static
drivers/mtd/spi/spi-nor-core.c:318:12:spi_nor_write_reg	72	static
drivers/mtd/spi/spi-nor-core.c:301:12:spi_nor_read_reg	72	static
drivers/mtd/spi/spi-nor-core.c:449:16:spi_nor_write_data	72	static
drivers/mtd/spi/spi-nor-core.c:387:26:spi_nor_read_op	72	static
drivers/mtd/spi/spi-nor-core.c:404:16:spi_nor_read_data	72	static
drivers/mtd/spi/spi-nor-core.c:4398:5:spi_nor_remove	0	static
drivers/mtd/spi/spi-nor-core.c:4409:6:spi_nor_set_fixups	0	static
drivers/mtd/spi/spi-nor-core.c:4452:5:spi_nor_scan	472	static
drivers/mtd/spi/spi-nor-core.c:4658:5:spi_flash_cmd_get_sw_write_prot	8	static
