drivers/mtd/nand/raw/omap_gpmc.c:75:13:omap_nand_hwcontrol	8	static
drivers/mtd/nand/raw/omap_gpmc.c:103:12:omap_dev_ready	0	static
drivers/mtd/nand/raw/omap_gpmc.c:242:12:omap_calculate_ecc	0	static
drivers/mtd/nand/raw/omap_gpmc.c:278:28:omap_enable_hwecc_bch	20	static
drivers/mtd/nand/raw/omap_gpmc.c:359:27:omap_calculate_ecc_bch	20	static
drivers/mtd/nand/raw/omap_gpmc.c:566:13:omap_reverse_list	8	static
drivers/mtd/nand/raw/omap_gpmc.c:708:12:omap_read_page_bch	64	static
drivers/mtd/nand/raw/omap_gpmc.c:195:13:omap_enable_hwecc	16	static
drivers/mtd/nand/raw/omap_gpmc.c:589:12:omap_correct_data_bch	104	static
drivers/mtd/nand/raw/omap_gpmc.c:525:13:omap_nand_read_prefetch	32	static
drivers/mtd/nand/raw/omap_gpmc.c:138:27:omap_correct_data	16	static
drivers/mtd/nand/raw/omap_gpmc.c:1092:5:gpmc_nand_init	24	static
drivers/mtd/nand/raw/omap_gpmc.c:1248:5:board_nand_init	0	static
