lib/strto.c:18:20:_parse_integer_fixup_radix	0	static
lib/strto.c:48:13:decode_digit	0	static
lib/strto.c:58:7:simple_strtoul	32	static
lib/strto.c:76:7:hextoul	0	static
lib/strto.c:86:7:dectoul	0	static
lib/strto.c:91:5:strict_strtoul	32	static
lib/strto.c:115:6:simple_strtol	8	static
lib/strto.c:123:15:ustrtoul	8	static
lib/strto.c:165:20:simple_strtoull	32	static
lib/strto.c:81:20:hextoull	0	static
lib/strto.c:144:20:ustrtoull	16	static
lib/strto.c:184:11:simple_strtoll	8	static
lib/strto.c:192:6:trailing_strtoln_end	16	static
lib/strto.c:214:6:trailing_strtoln	0	static
lib/strto.c:219:6:trailing_strtol	0	static
lib/strto.c:224:6:str_to_upper	12	static
lib/strto.c:232:14:str_to_list	24	static
lib/strto.c:267:6:str_free_list	0	static
