drivers/usb/host/usb-uclass.c:778:12:usb_child_post_bind	16	static
drivers/usb/host/usb-uclass.c:245:13:remove_inactive_children.constprop	24	static
drivers/usb/host/usb-uclass.c:510:12:usb_match_one_id	20	static
drivers/usb/host/usb-uclass.c:27:5:usb_lock_async	0	static
drivers/usb/host/usb-uclass.c:38:5:usb_disable_asynch	0	static
drivers/usb/host/usb-uclass.c:46:5:submit_int_msg	32	static
drivers/usb/host/usb-uclass.c:59:5:submit_control_msg	48	static
drivers/usb/host/usb-uclass.c:82:5:submit_bulk_msg	24	static
drivers/usb/host/usb-uclass.c:94:19:create_int_queue	32	static
drivers/usb/host/usb-uclass.c:108:7:poll_int_queue	4	static
drivers/usb/host/usb-uclass.c:119:5:destroy_int_queue	4	static
drivers/usb/host/usb-uclass.c:130:5:usb_alloc_device	0	static
drivers/usb/host/usb-uclass.c:142:5:usb_reset_root_port	0	static
drivers/usb/host/usb-uclass.c:153:5:usb_update_hub_device	0	static
drivers/usb/host/usb-uclass.c:164:5:usb_get_max_xfer_size	0	static
drivers/usb/host/usb-uclass.c:175:5:usb_stop	24	static
drivers/usb/host/usb-uclass.c:395:5:usb_setup_ehci_gadget	24	static
drivers/usb/host/usb-uclass.c:419:5:usb_remove_ehci_gadget	16	static
drivers/usb/host/usb-uclass.c:738:5:usb_detect_change	32	static
drivers/usb/host/usb-uclass.c:801:17:usb_get_bus	8	static
drivers/usb/host/usb-uclass.c:648:5:usb_scan_device	2536	static
drivers/usb/host/usb-uclass.c:224:13:usb_scan_bus.constprop	24	static
drivers/usb/host/usb-uclass.c:290:5:usb_init	32	static
drivers/usb/host/usb-uclass.c:816:5:usb_child_pre_probe	16	static
