drivers/fastboot/fb_command.c:514:13:reboot_recovery	8	static
drivers/fastboot/fb_command.c:500:13:reboot_fastbootd	8	static
drivers/fastboot/fb_command.c:486:13:reboot_bootloader	8	static
drivers/fastboot/fb_command.c:240:13:okay	0	static
drivers/fastboot/fb_command.c:262:13:download	24	static
drivers/fastboot/fb_command.c:251:13:getvar	0	static
drivers/fastboot/fb_command.c:174:5:fastboot_handle_command	32	static
drivers/fastboot/fb_command.c:201:6:fastboot_multiresponse	0	static
drivers/fastboot/fb_command.c:296:5:fastboot_data_remaining	0	static
drivers/fastboot/fb_command.c:315:6:fastboot_data_download	24	static
drivers/fastboot/fb_command.c:352:6:fastboot_data_complete	8	static
drivers/fastboot/fb_command.c:451:6:fastboot_acmd_complete	0	static
drivers/fastboot/fb_command.c:623:13:fastboot_oem_board	0	static
