drivers/fastboot/fb_getvar.c:159:13:getvar_downloadsize	0	static
drivers/fastboot/fb_getvar.c:311:13:getvar_unlock_ability	0	static
drivers/fastboot/fb_getvar.c:306:13:getvar_unlocked	0	static
drivers/fastboot/fb_getvar.c:265:13:getvar_is_userspace	0	static
drivers/fastboot/fb_getvar.c:199:13:getvar_current_slot	0	static
drivers/fastboot/fb_getvar.c:174:13:getvar_version_baseband	0	static
drivers/fastboot/fb_getvar.c:154:13:getvar_version_bootloader	0	static
drivers/fastboot/fb_getvar.c:149:13:getvar_version	0	static
drivers/fastboot/fb_getvar.c:189:13:getvar_platform	8	static
drivers/fastboot/fb_getvar.c:179:13:getvar_product	8	static
drivers/fastboot/fb_getvar.c:164:13:getvar_serialno	8	static
drivers/fastboot/fb_getvar.c:316:13:getvar_critical_unlocked	0	static
drivers/fastboot/fb_getvar.c:324:6:fastboot_getvar_all	104	static
drivers/fastboot/fb_getvar.c:370:6:fastboot_getvar	104	static
