drivers/net/phy/phy.c:453:5:genphy_shutdown	0	static
drivers/net/phy/phy.c:470:5:phy_set_supported	0	static
drivers/net/phy/phy.c:535:20:phy_device_create	24	static
drivers/net/phy/phy.c:589:12:get_phy_id	24	static
drivers/net/phy/phy.c:660:27:get_phy_device_by_mask	72	static
drivers/net/phy/phy.c:778:5:phy_gpio_reset	112	static
drivers/net/phy/phy.c:829:20:phy_find_by_mask	16	static
drivers/net/phy/phy.c:968:5:phy_startup	0	static
drivers/net/phy/phy.c:976:12:board_phy_config	0	static
drivers/net/phy/phy.c:983:5:phy_config	0	static
drivers/net/phy/phy.c:989:5:phy_shutdown	8	static
drivers/net/phy/phy.c:1024:5:phy_read	8	static
drivers/net/phy/phy.c:227:5:genphy_update_link	32	static
drivers/net/phy/phy.c:298:5:genphy_parse_link	16	static
drivers/net/phy/phy.c:442:5:genphy_startup	8	static
drivers/net/phy/phy.c:1044:5:phy_write	24	static
drivers/net/phy/phy.c:156:5:genphy_restart_aneg	8	static
drivers/net/phy/phy.c:183:5:genphy_config_aneg	16	static
drivers/net/phy/phy.c:391:5:genphy_config	16	static
drivers/net/phy/phy.c:715:5:phy_reset	16	static
drivers/net/phy/phy.c:766:5:miiphy_reset	8	static
drivers/net/phy/phy.c:929:20:phy_connect	32	static
drivers/net/phy/phy.c:1005:5:phy_modify	32	static
drivers/net/phy/phy.c:1063:6:phy_mmd_start_indirect	16	static
drivers/net/phy/phy.c:1084:5:phy_read_mmd	24	static
drivers/net/phy/phy.c:1116:5:phy_write_mmd	24	static
drivers/net/phy/phy.c:1148:5:phy_set_bits_mmd	24	static
drivers/net/phy/phy.c:1174:5:phy_clear_bits_mmd	24	static
drivers/net/phy/phy.c:1205:5:phy_modify_mmd_changed	24	static
drivers/net/phy/phy.c:1235:5:phy_modify_mmd	16	static
drivers/net/phy/phy.c:1245:6:phy_interface_is_ncsi	0	static
