drivers/usb/musb-new/musb_uboot.c:29:13:musb_host_complete_urb	0	static
drivers/usb/musb-new/musb_uboot.c:350:12:musb_destroy_int_queue	16	static
drivers/usb/musb-new/musb_uboot.c:35:13:construct_urb	32	static
drivers/usb/musb-new/musb_uboot.c:334:26:musb_create_int_queue	56	static
drivers/usb/musb-new/musb_uboot.c:66:12:submit_urb	24	static
drivers/usb/musb-new/musb_uboot.c:318:12:musb_submit_bulk_msg	56	static
drivers/usb/musb-new/musb_uboot.c:310:12:musb_submit_control_msg	56	static
drivers/usb/musb-new/musb_uboot.c:186:12:_musb_reset_root_port.constprop	16	static
drivers/usb/musb-new/musb_uboot.c:357:12:musb_reset_root_port	8	static
drivers/usb/musb-new/musb_uboot.c:343:14:musb_poll_int_queue	8	static
drivers/usb/musb-new/musb_uboot.c:325:12:musb_submit_int_msg	56	static
drivers/usb/musb-new/musb_uboot.c:216:5:musb_lowlevel_init	24	static
drivers/usb/musb-new/musb_uboot.c:427:14:musb_register	0	static
