drivers/usb/musb-new/musb_gadget.c:1030:12:musb_gadget_enable	20	static
drivers/usb/musb-new/musb_gadget.c:1529:12:musb_gadget_fifo_status	0	static
drivers/usb/musb-new/musb_gadget.c:1552:13:musb_gadget_fifo_flush	12	static
drivers/usb/musb-new/musb_gadget.c:1614:12:musb_gadget_get_frame	0	static
drivers/usb/musb-new/musb_gadget.c:1621:12:musb_gadget_wakeup	0	static
drivers/usb/musb-new/musb_gadget.c:1700:1:musb_gadget_set_self_powered	0	static
drivers/usb/musb-new/musb_gadget.c:1739:12:musb_gadget_vbus_draw	0	static
drivers/usb/musb-new/musb_gadget.c:317:13:txstate	24	static
drivers/usb/musb-new/musb_gadget.c:1265:21:musb_alloc_request	8	static
drivers/usb/musb-new/musb_gadget.c:1288:6:musb_free_request	0	static
drivers/usb/musb-new/musb_gadget.c:1782:12:musb_gadget_stop	8	static
drivers/usb/musb-new/musb_gadget.c:1825:1:init_peripheral_ep	32	static
drivers/usb/musb-new/musb_gadget.c:1972:5:musb_gadget_start	8	static
drivers/usb/musb-new/musb_gadget.c:1752:12:musb_gadget_pullup	12	static
drivers/usb/musb-new/musb_gadget.c:176:6:musb_g_giveback	16	static
drivers/usb/musb-new/musb_gadget.c:638:13:rxstate	32	static
drivers/usb/musb-new/musb_gadget.c:1373:12:musb_gadget_dequeue	16	static
drivers/usb/musb-new/musb_gadget.c:1216:12:musb_gadget_disable	16	static
drivers/usb/musb-new/musb_gadget.c:489:6:musb_g_tx	48	static
drivers/usb/musb-new/musb_gadget.c:908:6:musb_g_rx	8	static
drivers/usb/musb-new/musb_gadget.c:1305:6:musb_ep_restart	4	static
drivers/usb/musb-new/musb_gadget.c:1430:12:musb_gadget_set_halt	16	static
drivers/usb/musb-new/musb_gadget.c:1318:12:musb_gadget_queue	24	static
drivers/usb/musb-new/musb_gadget.c:1894:15:musb_gadget_setup	24	static
drivers/usb/musb-new/musb_gadget.c:1948:6:musb_gadget_cleanup	0	static
drivers/usb/musb-new/musb_gadget.c:2150:6:musb_g_resume	0	static
drivers/usb/musb-new/musb_gadget.c:2174:6:musb_g_suspend	0	static
drivers/usb/musb-new/musb_gadget.c:2206:6:musb_g_wakeup	0	static
drivers/usb/musb-new/musb_gadget.c:2212:6:musb_g_disconnect	8	static
drivers/usb/musb-new/musb_gadget.c:2258:6:musb_g_reset	16	static
