drivers/mtd/mtdcore.c:1383:12:mtd_ooblayout_count_bytes	32	static
drivers/mtd/mtdcore.c:1169:5:mtd_ooblayout_ecc	16	static
drivers/mtd/mtdcore.c:1201:5:mtd_ooblayout_free	16	static
drivers/mtd/mtdcore.c:1233:12:mtd_ooblayout_find_region	32	static
drivers/mtd/mtdcore.c:1302:12:mtd_ooblayout_get_bytes	56	static
drivers/mtd/mtdcore.c:1345:12:mtd_ooblayout_set_bytes	56	static
drivers/mtd/mtdcore.c:1061:12:mtd_check_oob_ops.constprop	32	static
drivers/mtd/mtdcore.c:95:6:idr_remove	0	static
drivers/mtd/mtdcore.c:104:7:idr_find	0	static
drivers/mtd/mtdcore.c:112:7:idr_get_next	16	static
drivers/mtd/mtdcore.c:130:5:idr_alloc	8	static
drivers/mtd/mtdcore.c:156:18:__mtd_next_device	16	static
drivers/mtd/mtdcore.c:162:6:mtd_dev_list_updated	0	static
drivers/mtd/mtdcore.c:523:5:del_mtd_device	8	static
drivers/mtd/mtdcore.c:749:5:__get_mtd_device	8	static
drivers/mtd/mtdcore.c:715:18:get_mtd_device	8	static
drivers/mtd/mtdcore.c:803:18:get_mtd_device_nm	40	static
drivers/mtd/mtdcore.c:895:6:__put_mtd_device	8	static
drivers/mtd/mtdcore.c:886:6:put_mtd_device	0	static
drivers/mtd/mtdcore.c:907:5:mtd_erase	20	static
drivers/mtd/mtdcore.c:962:15:mtd_get_unmapped_area	20	static
drivers/mtd/mtdcore.c:973:5:mtd_read	80	static
drivers/mtd/mtdcore.c:1010:5:mtd_write	72	static
drivers/mtd/mtdcore.c:1045:5:mtd_panic_write	24	static
drivers/mtd/mtdcore.c:1094:5:mtd_read_oob	40	static
drivers/mtd/mtdcore.c:1127:5:mtd_write_oob	40	static
drivers/mtd/mtdcore.c:1279:5:mtd_ooblayout_find_eccregion	16	static
drivers/mtd/mtdcore.c:1417:5:mtd_ooblayout_get_eccbytes	16	static
drivers/mtd/mtdcore.c:1437:5:mtd_ooblayout_set_eccbytes	16	static
drivers/mtd/mtdcore.c:1457:5:mtd_ooblayout_get_databytes	16	static
drivers/mtd/mtdcore.c:1477:5:mtd_ooblayout_set_databytes	16	static
drivers/mtd/mtdcore.c:1493:5:mtd_ooblayout_count_freebytes	0	static
drivers/mtd/mtdcore.c:1507:5:mtd_ooblayout_count_eccbytes	0	static
drivers/mtd/mtdcore.c:1518:5:mtd_get_fact_prot_info	8	static
drivers/mtd/mtdcore.c:1529:5:mtd_read_fact_prot_reg	8	static
drivers/mtd/mtdcore.c:1541:5:mtd_get_user_prot_info	8	static
drivers/mtd/mtdcore.c:1552:5:mtd_read_user_prot_reg	8	static
drivers/mtd/mtdcore.c:1564:5:mtd_write_user_prot_reg	32	static
drivers/mtd/mtdcore.c:1586:5:mtd_lock_user_prot_reg	4	static
drivers/mtd/mtdcore.c:1597:5:mtd_lock	24	static
drivers/mtd/mtdcore.c:1609:5:mtd_unlock	24	static
drivers/mtd/mtdcore.c:409:5:add_mtd_device	24	static
drivers/mtd/mtdcore.c:1621:5:mtd_is_locked	24	static
drivers/mtd/mtdcore.c:1633:5:mtd_block_isreserved	16	static
drivers/mtd/mtdcore.c:1643:5:mtd_block_isbad	16	static
drivers/mtd/mtdcore.c:1653:5:mtd_block_markbad	16	static
