drivers/mtd/mtdpart.c:325:22:part_get_unmapped_area	8	static
drivers/mtd/mtdpart.c:371:12:part_read_user_prot_reg	0	static
drivers/mtd/mtdpart.c:378:12:part_get_user_prot_info	4	static
drivers/mtd/mtdpart.c:385:12:part_read_fact_prot_reg	0	static
drivers/mtd/mtdpart.c:392:12:part_get_fact_prot_info	4	static
drivers/mtd/mtdpart.c:399:12:part_write	8	static
drivers/mtd/mtdpart.c:406:12:part_panic_write	8	static
drivers/mtd/mtdpart.c:413:12:part_write_oob	16	static
drivers/mtd/mtdpart.c:423:12:part_write_user_prot_reg	0	static
drivers/mtd/mtdpart.c:430:12:part_lock_user_prot_reg	0	static
drivers/mtd/mtdpart.c:445:12:part_erase	16	static
drivers/mtd/mtdpart.c:460:12:part_lock	8	static
drivers/mtd/mtdpart.c:465:12:part_unlock	8	static
drivers/mtd/mtdpart.c:470:12:part_is_locked	8	static
drivers/mtd/mtdpart.c:475:13:part_sync	0	static
drivers/mtd/mtdpart.c:492:12:part_block_isreserved	4	static
drivers/mtd/mtdpart.c:498:12:part_block_isbad	4	static
drivers/mtd/mtdpart.c:504:12:part_block_markbad	16	static
drivers/mtd/mtdpart.c:1073:27:part_get_info_mtd	0	static
drivers/mtd/mtdpart.c:1098:28:part_print_mtd	0	static
drivers/mtd/mtdpart.c:293:12:part_read	40	static
drivers/mtd/mtdpart.c:95:12:mtd_parse_partition	48	static
drivers/mtd/mtdpart.c:334:12:part_read_oob	48	static
drivers/mtd/mtdpart.c:1111:12:part_test_mtd	0	static
drivers/mtd/mtdpart.c:51:7:kstrdup	16	static
drivers/mtd/mtdpart.c:563:25:allocate_partition.isra	48	static
drivers/mtd/mtdpart.c:70:6:mtd_partitions_used	0	static
drivers/mtd/mtdpart.c:206:5:mtd_parse_partitions	104	static
drivers/mtd/mtdpart.c:277:6:mtd_free_parsed_partitions	16	static
drivers/mtd/mtdpart.c:550:5:del_mtd_partitions	32	static
drivers/mtd/mtdpart.c:858:5:add_mtd_partitions	32	static
drivers/mtd/mtdpart.c:886:5:add_mtd_partitions_of	64	static
drivers/mtd/mtdpart.c:1051:10:mtd_get_device_size	0	static
