fs/fat/fat.c:37:13:downcase	8	static
fs/fat/fat.c:834:13:fat_itr_child	12	static
fs/fat/fat.c:52:12:disk_read	16	static
fs/fat/fat_write.c:195:12:disk_write	16	static
fs/fat/fat_write.c:218:12:flush_dirty_fat_buffer	24	static
fs/fat/fat.c:168:14:get_fatent	32	static
fs/fat/fat.c:253:1:get_cluster	40	dynamic
fs/fat/fat.c:561:1:read_bootsectandvi	40	static
fs/fat/fat.c:800:12:fat_itr_root	128	static
fs/fat/fat_write.c:579:1:set_sectors	40	dynamic
fs/fat/fat_write.c:655:12:flush_dir	16	static
fs/fat/fat_write.c:1531:12:delete_single_dentry	16	static
fs/fat/fat.c:1253:28:fat2rtc	8	static
fs/fat/fat_write.c:1331:12:normalize_longname	40	static
fs/fat/fat_write.c:50:12:str2fat	32	static
fs/fat/fat_write.c:1249:12:split_filename.isra	32	static
fs/fat/fat_write.c:441:12:set_fatent_value.isra	32	static
fs/fat/fat_write.c:865:12:clear_fatent.isra	24	static
fs/fat/fat_write.c:548:14:determine_fatent	16	static
fs/fat/fat_write.c:929:1:set_contents	112	static
fs/fat/fat.c:67:5:fat_set_blk_dev	24	dynamic
fs/fat/fat.c:96:5:fat_register_device	136	static
fs/fat/fat.c:868:7:fat_next_cluster	24	static
fs/fat/fat.c:935:19:next_dent	16	static
fs/fat/fat.c:1020:12:fat_itr_next	48	static
fs/fat/fat.c:1117:12:fat_itr_resolve	32	static
fs/fat/fat_write.c:1225:19:find_directory_entry	16	static
fs/fat/fat_write.c:396:1:fill_dir_slot	672	static
fs/fat/fat_write.c:78:12:fat_move_to_cluster	24	static
fs/fat/fat_write.c:105:12:set_name	72	static
fs/fat/fat_write.c:263:12:fat_find_empty_dentries	56	static
fs/fat/fat.c:1195:5:file_fat_detectfs	120	static
fs/fat/fat.c:1226:5:fat_exists	64	static
fs/fat/fat.c:1268:5:fat_size	72	static
fs/fat/fat.c:1305:5:fat_read_file	112	static
fs/fat/fat.c:1337:5:file_fat_read	32	static
fs/fat/fat.c:1356:5:fat_opendir	24	static
fs/fat/fat.c:1384:5:fat_readdir	16	static
fs/fat/fat.c:1415:6:fat_closedir	8	static
fs/fat/fat.c:1422:6:fat_close	0	static
fs/fat/fat.c:1426:5:fat_uuid	120	static
fs/fat/fat_write.c:1353:5:file_fat_write_at	392	static
fs/fat/fat_write.c:1482:5:file_fat_write	40	static
fs/fat/fat_write.c:1609:5:fat_unlink	136	static
fs/fat/fat_write.c:1674:5:fat_mkdir	392	static
