drivers/mtd/nand/raw/nand_base.c:134:13:nand_release_device	0	static
drivers/mtd/nand/raw/nand_base.c:148:9:nand_read_byte	0	static
drivers/mtd/nand/raw/nand_base.c:161:16:nand_read_byte16	0	static
drivers/mtd/nand/raw/nand_base.c:173:12:nand_read_word	0	static
drivers/mtd/nand/raw/nand_base.c:209:13:nand_write_byte	16	static
drivers/mtd/nand/raw/nand_base.c:223:13:nand_write_byte16	16	static
drivers/mtd/nand/raw/nand_base.c:255:6:nand_write_buf	0	static
drivers/mtd/nand/raw/nand_base.c:270:6:nand_read_buf	0	static
drivers/mtd/nand/raw/nand_base.c:285:6:nand_write_buf16	0	static
drivers/mtd/nand/raw/nand_base.c:301:6:nand_read_buf16	0	static
drivers/mtd/nand/raw/nand_base.c:985:12:nand_setup_data_interface	24	static
drivers/mtd/nand/raw/nand_base.c:1840:12:nand_read_page_swecc	56	static
drivers/mtd/nand/raw/nand_base.c:2868:12:nand_write_page_swecc	48	static
drivers/mtd/nand/raw/nand_base.c:3599:13:nand_sync	0	static
drivers/mtd/nand/raw/nand_base.c:3659:12:nand_onfi_set_features	16	static
drivers/mtd/nand/raw/nand_base.c:3679:12:nand_onfi_get_features	16	static
drivers/mtd/nand/raw/nand_base.c:3693:13:nand_set_defaults	0	static
drivers/mtd/nand/raw/nand_base.c:1634:12:nand_check_erased_buf	12	static
drivers/mtd/nand/raw/nand_base.c:316:12:nand_block_bad	24	static
drivers/mtd/nand/raw/nand_base.c:507:12:nand_block_checkbad	24	static
drivers/mtd/nand/raw/nand_base.c:3614:12:nand_block_isbad	24	static
drivers/mtd/nand/raw/nand_base.c:3748:13:sanitize_string	4	static
drivers/mtd/nand/raw/nand_base.c:3118:17:nand_fill_oob	24	static
drivers/mtd/nand/raw/nand_base.c:2220:17:nand_transfer_oob	24	static
drivers/mtd/nand/raw/nand_base.c:484:12:nand_block_isreserved	0	static
drivers/mtd/nand/raw/nand_base.c:186:13:nand_select_chip	8	static
drivers/mtd/nand/raw/nand_base.c:3765:12:onfi_crc16.constprop	16	static
drivers/mtd/nand/raw/nand_base.c:1114:12:nand_read_param_page_op.constprop	8	static
drivers/mtd/nand/raw/nand_base.c:534:6:nand_wait_ready	16	static
drivers/mtd/nand/raw/nand_base.c:1083:5:nand_read_page_op	24	static
drivers/mtd/nand/raw/nand_base.c:2734:12:nand_read_oob	104	static
drivers/mtd/nand/raw/nand_base.c:1144:5:nand_change_read_column_op	24	static
drivers/mtd/nand/raw/nand_base.c:1177:5:nand_read_oob_op	24	static
drivers/mtd/nand/raw/nand_base.c:2480:12:nand_read_oob_std	16	static
drivers/mtd/nand/raw/nand_base.c:1209:5:nand_prog_page_begin_op	24	static
drivers/mtd/nand/raw/nand_base.c:1239:5:nand_prog_page_end_op	16	static
drivers/mtd/nand/raw/nand_base.c:3074:12:nand_write_page	56	static
drivers/mtd/nand/raw/nand_base.c:1267:5:nand_prog_page_op	24	static
drivers/mtd/nand/raw/nand_base.c:2547:12:nand_write_oob_std	16	static
drivers/mtd/nand/raw/nand_base.c:1305:5:nand_change_write_column_op	24	static
drivers/mtd/nand/raw/nand_base.c:1339:5:nand_readid_op	24	static
drivers/mtd/nand/raw/nand_base.c:1369:5:nand_status_op	16	static
drivers/mtd/nand/raw/nand_base.c:459:12:nand_check_wp	16	static
drivers/mtd/nand/raw/nand_base.c:3177:12:nand_do_write_ops	80	static
drivers/mtd/nand/raw/nand_base.c:1392:5:nand_exit_status_op	8	static
drivers/mtd/nand/raw/nand_base.c:1413:5:nand_erase_op	16	static
drivers/mtd/nand/raw/nand_base.c:3463:12:single_erase	0	static
drivers/mtd/nand/raw/nand_base.c:1500:5:nand_reset_op	8	static
drivers/mtd/nand/raw/nand_base.c:1523:5:nand_read_data_op	16	static
drivers/mtd/nand/raw/nand_base.c:869:12:nand_wait	24	static
drivers/mtd/nand/raw/nand_base.c:2493:12:nand_read_oob_syndrome	56	static
drivers/mtd/nand/raw/nand_base.c:1781:12:nand_read_page_raw_syndrome	32	static
drivers/mtd/nand/raw/nand_base.c:3306:12:panic_nand_write	64	static
drivers/mtd/nand/raw/nand_base.c:560:13:nand_wait_status_ready.constprop	24	static
drivers/mtd/nand/raw/nand_base.c:591:13:nand_command	24	static
drivers/mtd/nand/raw/nand_base.c:695:13:nand_command_lp	24	static
drivers/mtd/nand/raw/nand_base.c:1752:12:nand_read_page_raw	16	static
drivers/mtd/nand/raw/nand_base.c:1558:5:nand_write_data_op	16	static
drivers/mtd/nand/raw/nand_base.c:2561:12:nand_write_oob_syndrome	72	static
drivers/mtd/nand/raw/nand_base.c:2809:12:nand_write_page_raw_syndrome	32	static
drivers/mtd/nand/raw/nand_base.c:3006:12:nand_write_page_syndrome	32	static
drivers/mtd/nand/raw/nand_base.c:2939:12:nand_write_subpage_hwecc	64	static
drivers/mtd/nand/raw/nand_base.c:2897:12:nand_write_page_hwecc	40	static
drivers/mtd/nand/raw/nand_base.c:2780:12:nand_write_page_raw	16	static
drivers/mtd/nand/raw/nand_base.c:1587:5:nand_reset	16	static
drivers/mtd/nand/raw/nand_base.c:3338:12:nand_do_write_oob	32	static
drivers/mtd/nand/raw/nand_base.c:363:12:nand_default_block_markbad	80	static
drivers/mtd/nand/raw/nand_base.c:3420:12:nand_write_oob	32	static
drivers/mtd/nand/raw/nand_base.c:1704:5:nand_check_erased_ecc_chunk	32	static
drivers/mtd/nand/raw/nand_base.c:2136:12:nand_read_page_syndrome	64	static
drivers/mtd/nand/raw/nand_base.c:1886:12:nand_read_subpage	72	static
drivers/mtd/nand/raw/nand_base.c:1999:12:nand_read_page_hwecc	64	static
drivers/mtd/nand/raw/nand_base.c:2069:12:nand_read_page_hwecc_oob_first	64	static
drivers/mtd/nand/raw/nand_base.c:3494:5:nand_erase_nand	56	static
drivers/mtd/nand/raw/nand_base.c:3637:12:nand_block_markbad	88	static
drivers/mtd/nand/raw/nand_base.c:3481:12:nand_erase	0	static
drivers/mtd/nand/raw/nand_base.c:4115:6:nand_decode_ext_id	8	static
drivers/mtd/nand/raw/nand_base.c:4261:5:nand_detect	48	static
drivers/mtd/nand/raw/nand_base.c:4547:5:nand_scan_ident	48	static
drivers/mtd/nand/raw/nand_base.c:4634:5:nand_check_ecc_caps	32	static
drivers/mtd/nand/raw/nand_base.c:4696:5:nand_match_ecc_req	72	static
drivers/mtd/nand/raw/nand_base.c:4780:5:nand_maximize_ecc	56	static
drivers/mtd/nand/raw/nand_base.c:4906:5:nand_scan_tail	24	static
drivers/mtd/nand/raw/nand_base.c:5204:5:nand_scan	8	static
