lib/efi_loader/efi_device_path.c:455:36:dp_size	16	static
lib/efi_loader/efi_device_path.c:735:14:dp_part_node	160	static
lib/efi_loader/efi_device_path.c:526:29:dp_fill	16	static
lib/efi_loader/efi_device_path.c:53:25:efi_dp_next	0	static
lib/efi_loader/efi_device_path.c:71:5:efi_dp_match	16	static
lib/efi_loader/efi_device_path.c:107:25:efi_dp_shorten	8	static
lib/efi_loader/efi_device_path.c:214:31:efi_dp_last_node	8	static
lib/efi_loader/efi_device_path.c:228:13:efi_dp_instance_size	8	static
lib/efi_loader/efi_device_path.c:132:21:find_handle	48	static
lib/efi_loader/efi_device_path.c:193:14:efi_dp_find_obj	16	static
lib/efi_loader/efi_device_path.c:243:13:efi_dp_size	0	static
lib/efi_loader/efi_device_path.c:257:25:efi_dp_dup	16	static
lib/efi_loader/efi_device_path.c:289:18:efi_dp_concat	32	static
lib/efi_loader/efi_device_path.c:339:25:efi_dp_append_node	24	static
lib/efi_loader/efi_device_path.c:371:25:efi_dp_create_device_node	16	static
lib/efi_loader/efi_device_path.c:389:25:efi_dp_append_instance	24	static
lib/efi_loader/efi_device_path.c:416:25:efi_dp_get_next_instance	24	static
lib/efi_loader/efi_device_path.c:441:6:efi_dp_is_multi_instance	0	static
lib/efi_loader/efi_device_path.c:824:25:efi_dp_from_part	16	static
lib/efi_loader/efi_device_path.c:846:25:efi_dp_part_node	16	static
lib/efi_loader/efi_device_path.c:902:25:efi_dp_from_file	32	static
lib/efi_loader/efi_device_path.c:937:25:efi_dp_from_uart	8	static
lib/efi_loader/efi_device_path.c:957:40:efi_dp_from_eth	8	static
lib/efi_loader/efi_device_path.c:978:25:efi_dp_from_mem	24	static
lib/efi_loader/efi_device_path.c:1015:14:efi_dp_split_file_path	24	static
lib/efi_loader/efi_device_path.c:1055:14:efi_dp_from_name	168	static
lib/efi_loader/efi_device_path.c:1113:9:efi_dp_check_length	8	static
lib/efi_loader/efi_device_path.c:1151:18:efi_dp_from_lo	16	static
lib/efi_loader/efi_device_path.c:1185:25:search_gpt_dp_node	8	static
