lib/efi_loader/efi_file.c:1068:28:efi_file_flush_ex	16	static
lib/efi_loader/efi_file.c:765:28:efi_file_getpos	16	static
lib/efi_loader/efi_file.c:490:13:rtc2efi	16	static
lib/efi_loader/efi_file.c:55:12:set_blk_dev.isra	0	static
lib/efi_loader/efi_file.c:174:32:file_open	72	static
lib/efi_loader/efi_file.c:386:28:efi_file_delete	16	static
lib/efi_loader/efi_file.c:407:21:efi_get_file_size	16	static
lib/efi_loader/efi_file.c:943:28:efi_file_setinfo	40	static
lib/efi_loader/efi_file.c:655:21:efi_file_write_int	40	static
lib/efi_loader/efi_file.c:732:28:efi_file_write_ex	16	static
lib/efi_loader/efi_file.c:707:28:efi_file_write	16	static
lib/efi_loader/efi_file.c:1045:28:efi_file_flush	8	static
lib/efi_loader/efi_file.c:380:28:efi_file_close	8	static
lib/efi_loader/efi_file.c:834:28:efi_file_getinfo	160	static
lib/efi_loader/efi_file.c:250:14:efi_file_open_int	40	static
lib/efi_loader/efi_file.c:338:28:efi_file_open_ex	40	static
lib/efi_loader/efi_file.c:309:28:efi_file_open	32	static
lib/efi_loader/efi_file.c:373:14:efi_file_close_int	8	static
lib/efi_loader/efi_file.c:427:14:efi_file_size	32	static
lib/efi_loader/efi_file.c:572:14:efi_file_read_int	72	static
lib/efi_loader/efi_file.c:632:28:efi_file_read_ex	16	static
lib/efi_loader/efi_file.c:608:28:efi_file_read	16	static
lib/efi_loader/efi_file.c:783:14:efi_file_setpos_int	24	static
lib/efi_loader/efi_file.c:822:28:efi_file_setpos	16	static
lib/efi_loader/efi_file.c:1124:25:efi_file_from_path	56	static
lib/efi_loader/efi_file.c:1187:14:efi_open_volume_int	24	static
lib/efi_loader/efi_file.c:1198:1:efi_open_volume	16	static
lib/efi_loader/efi_file.c:1207:1:efi_create_simple_file_system	24	static
