lib/efi_loader/efi_var_mem.c:31:1:efi_var_mem_compare	20	static
lib/efi_loader/efi_var_mem.c:211:1:efi_var_mem_notify_virtual_address_map	8	static
lib/efi_loader/efi_var_mem.c:72:19:efi_var_entry_len	8	static
lib/efi_loader/efi_var_mem.c:254:1:efi_var_collect_mem	40	static
lib/efi_loader/efi_var_mem.c:82:2:efi_var_mem_find	40	static
lib/efi_loader/efi_var_mem.c:353:1:efi_get_next_variable_name_mem	40	static
lib/efi_loader/efi_var_mem.c:305:1:efi_get_variable_mem	32	static
lib/efi_loader/efi_var_mem.c:127:20:efi_var_mem_del	24	static
lib/efi_loader/efi_var_mem.c:154:28:efi_var_mem_ins	48	static
lib/efi_loader/efi_var_mem.c:194:19:efi_var_mem_free	0	static
lib/efi_loader/efi_var_mem.c:217:14:efi_var_mem_init	40	static
lib/efi_loader/efi_var_mem.c:396:6:efi_var_buf_update	0	static
