drivers/i2c/i2c-uclass.c:58:12:i2c_setup_offset	20	static
drivers/i2c/i2c-uclass.c:267:12:i2c_probe_chip	40	static
drivers/i2c/i2c-uclass.c:724:12:i2c_pre_probe	0	static
drivers/i2c/i2c-uclass.c:579:13:i2c_gpio_set_pin.part.0	0	static
drivers/i2c/i2c-uclass.c:761:12:i2c_child_post_bind	0	static
drivers/i2c/i2c-uclass.c:774:12:i2c_post_bind	0	static
drivers/i2c/i2c-uclass.c:747:12:i2c_post_probe	0	static
drivers/i2c/i2c-uclass.c:33:6:i2c_dump_msgs	32	static
drivers/i2c/i2c-uclass.c:133:5:dm_i2c_read	72	static
drivers/i2c/i2c-uclass.c:163:5:dm_i2c_write	120	static
drivers/i2c/i2c-uclass.c:213:5:dm_i2c_xfer	16	static
drivers/i2c/i2c-uclass.c:224:5:dm_i2c_reg_read	16	static
drivers/i2c/i2c-uclass.c:236:5:dm_i2c_reg_write	16	static
drivers/i2c/i2c-uclass.c:243:5:dm_i2c_reg_clrset	32	static
drivers/i2c/i2c-uclass.c:332:5:i2c_get_chip	64	static
drivers/i2c/i2c-uclass.c:358:5:i2c_get_chip_for_busnum	24	static
drivers/i2c/i2c-uclass.c:411:5:i2c_get_chip_by_phandle	40	static
drivers/i2c/i2c-uclass.c:465:5:dm_i2c_probe	16	static
drivers/i2c/i2c-uclass.c:486:5:dm_i2c_set_bus_speed	24	static
drivers/i2c/i2c-uclass.c:507:5:dm_i2c_get_bus_speed	16	static
drivers/i2c/i2c-uclass.c:518:5:i2c_set_chip_flags	24	static
drivers/i2c/i2c-uclass.c:535:5:i2c_get_chip_flags	8	static
drivers/i2c/i2c-uclass.c:544:5:i2c_set_chip_offset_len	8	static
drivers/i2c/i2c-uclass.c:555:5:i2c_get_chip_offset_len	8	static
drivers/i2c/i2c-uclass.c:562:5:i2c_set_chip_addr_offset_mask	8	static
drivers/i2c/i2c-uclass.c:571:6:i2c_get_chip_addr_offset_mask	8	static
drivers/i2c/i2c-uclass.c:594:5:i2c_deblock_gpio_loop	32	static
drivers/i2c/i2c-uclass.c:694:5:i2c_deblock	40	static
