env/common.c:256:12:env_get_from_linear	40	static
env/common.c:46:5:env_get_id	0	static
env/common.c:51:6:env_inc_id	0	static
env/common.c:56:5:env_do_env_set	72	static
env/common.c:136:5:env_set	24	static
env/common.c:157:5:env_set_ulong	8	static
env/common.c:172:5:env_set_hex	32	static
env/common.c:297:5:env_get_f	4	static
env/common.c:218:7:env_get	48	static
env/common.c:180:7:env_get_hex	24	static
env/common.c:195:5:eth_env_get_enetaddr	8	static
env/common.c:201:5:eth_env_set_enetaddr	40	static
env/common.c:244:7:from_env	16	static
env/common.c:318:7:env_get_ulong	16	static
env/common.c:333:5:env_get_yesno	8	static
env/common.c:343:6:env_get_autostart	8	static
env/common.c:366:5:env_get_default_into	0	static
env/common.c:351:7:env_get_default	8	static
env/common.c:371:6:env_set_default	24	static
env/common.c:398:5:env_set_default_vars	24	static
env/common.c:422:5:env_import	40	static
env/common.c:530:5:env_export	48	static
env/common.c:551:6:env_relocate	0	static
env/common.c:567:5:env_complete	64	static
