net/eth-uclass.c:60:32:eth_get_uclass_priv	16	static
net/eth-uclass.c:647:12:eth_pre_remove	16	static
net/eth-uclass.c:531:12:eth_post_bind	16	static
net/eth-uclass.c:227:12:eth_write_hwaddr.isra	8	static
net/eth-uclass.c:587:12:eth_post_probe	32	static
net/eth-uclass.c:259:12:on_ethaddr	24	static
net/eth-uclass.c:54:12:board_interface_eth_init	0	static
net/eth-uclass.c:73:6:eth_set_enable_bootdevs	8	static
net/eth-uclass.c:81:6:eth_set_current_to_next	8	static
net/eth-uclass.c:101:17:eth_get_dev	16	static
net/eth-uclass.c:126:6:eth_set_dev	8	static
net/eth-uclass.c:554:12:eth_pre_unbind	8	static
net/eth-uclass.c:141:17:eth_get_dev_by_name	32	static
net/eth-uclass.c:178:16:eth_get_ethaddr	8	static
net/eth-uclass.c:191:5:eth_init_state_only	8	static
net/eth-uclass.c:207:6:eth_halt_state_only	8	static
net/eth-uclass.c:220:5:eth_get_dev_index	8	static
net/eth-uclass.c:287:5:eth_start_udev	16	static
net/eth-uclass.c:308:5:eth_init	24	static
net/eth-uclass.c:377:6:eth_halt	24	static
net/eth-uclass.c:403:5:eth_is_active	8	static
net/eth-uclass.c:414:5:eth_send	16	static
net/eth-uclass.c:438:5:eth_rx	24	static
net/eth-uclass.c:474:5:eth_initialize	32	static
