net/net.c:388:13:net_clear_handlers	0	static
net/net.c:775:13:start_again_timeout_handler	0	static
net/net.c:839:13:dummy_handler	0	static
net/net.c:217:12:on_ipaddr	8	static
net/net.c:229:12:on_gatewayip	8	static
net/net.c:241:12:on_netmask	8	static
net/net.c:253:12:on_serverip	8	static
net/net.c:356:12:net_init_loop	8	static
net/net.c:400:5:net_init	8	static
net/net.c:780:5:net_start_again	16	static
net/net.c:845:11:net_get_udp_handler	0	static
net/net.c:850:6:net_set_udp_handler	0	static
net/net.c:859:11:net_get_arp_handler	0	static
net/net.c:864:6:net_set_arp_handler	0	static
net/net.c:880:6:net_set_timeout_handler	8	static
net/net.c:895:8:net_get_async_tx_pkt_buf	8	static
net/net.c:1198:6:net_process_received_packet	40	static
net/net.c:1589:1:net_eth_hdr_size	0	static
net/net.c:1601:5:net_set_ether	16	static
net/net.c:1626:5:net_update_ether	16	static
net/net.c:1649:6:net_set_ip_header	16	static
net/net.c:1674:6:net_set_udp_header	32	static
net/net.c:920:5:net_send_ip_packet	40	static
net/net.c:903:5:net_send_udp_packet	32	static
net/net.c:1696:5:is_serverip_in_cmd	8	static
net/net.c:1477:12:net_check_prereq	8	static
net/net.c:307:6:net_auto_load	8	static
net/net.c:434:5:net_loop	40	static
net/net.c:1701:5:net_parse_bootfile	24	static
net/net.c:1726:6:ip_to_string	16	static
net/net.c:1737:6:vlan_to_string	0	static
net/net.c:1750:8:string_to_vlan	8	static
net/net.c:265:12:on_nvlan	8	static
net/net.c:277:12:on_vlan	8	static
net/net.c:1765:8:env_get_vlan	8	static
