net/nfs.c:518:12:rpc_lookup_reply	1160	static
net/nfs.c:470:12:rpc_handle_error	8	static
net/nfs.c:548:12:nfs_mount_reply	1160	static
net/nfs.c:580:12:nfs_umountall_reply	1160	static
net/nfs.c:604:12:nfs_lookup_reply	1168	static
net/nfs.c:664:12:nfs_readlink_reply	1176	static
net/nfs.c:126:14:basename	8	static
net/nfs.c:714:12:nfs_read_reply	1168	static
net/nfs.c:184:13:rpc_req	1184	static
net/nfs.c:278:13:nfs_mount_req	4120	static
net/nfs.c:329:13:nfs_readlink_req	4112	static
net/nfs.c:398:13:nfs_read_req	4128	static
net/nfs.c:355:13:nfs_lookup_req	4136	static
net/nfs.c:304:13:nfs_umountall_req	4104	static
net/nfs.c:431:13:nfs_send	72	static
net/nfs.c:789:13:nfs_handler	16	static
net/nfs.c:775:13:nfs_timeout_handler	8	static
net/nfs.c:916:6:nfs_start	32	static
