common/spl/spl.c:122:13:spl_perform_fixups	0	static
common/spl/spl.c:126:6:spl_fixup_fdt	8	static
common/spl/spl.c:155:5:spl_reserve_video_from_ram_top	0	static
common/spl/spl.c:173:7:spl_get_image_pos	0	static
common/spl/spl.c:187:7:spl_get_image_size	0	static
common/spl/spl.c:201:7:spl_get_image_text_base	0	static
common/spl/spl.c:216:13:spl_board_prepare_for_linux	0	static
common/spl/spl.c:221:13:spl_board_prepare_for_optee	0	static
common/spl/spl.c:225:20:spl_board_loader_name	0	static
common/spl/spl.c:238:13:spl_board_prepare_for_boot	0	static
common/spl/spl.c:243:31:spl_get_load_buffer	0	static
common/spl/spl.c:248:6:spl_set_header_raw_uboot	0	static
common/spl/spl.c:276:12:spl_parse_board_header	0	static
common/spl/spl.c:283:12:spl_parse_legacy_header	0	static
common/spl/spl.c:291:5:spl_parse_image_header	16	static
common/spl/spl.c:373:5:spl_load	32	static
common/spl/spl.c:381:24:jump_to_image_no_args	8	static
common/spl/spl.c:508:6:spl_set_bd	0	static
common/spl/spl.c:518:5:spl_early_init	8	static
common/spl/spl.c:532:5:spl_init	8	static
common/spl/spl.c:554:13:board_boot_order	8	static
common/spl/spl.c:559:12:spl_check_board_image	0	static
common/spl/spl.c:662:6:board_init_r	88	static
common/spl/spl.c:834:6:preloader_console_init	8	static
common/spl/spl.c:857:13:spl_relocate_stack_check	0	static
common/spl/spl.c:893:7:spl_relocate_stack_gd	8	static
common/spl/spl.c:935:6:bootcount_store	0	static
common/spl/spl.c:939:7:bootcount_load	0	static
