common/spl/spl_mmc.c:20:14:h_spl_load_read	8	static
common/spl/spl_mmc.c:188:5:spl_start_uboot	0	static
common/spl/spl_mmc.c:288:12:spl_mmc_boot_mode	0	static
common/spl/spl_mmc.c:306:22:arch_spl_mmc_get_uboot_raw_sector	0	static
common/spl/spl_mmc.c:312:22:board_spl_mmc_get_uboot_raw_sector	0	static
common/spl/spl_mmc.c:318:22:spl_mmc_get_uboot_raw_sector	0	static
common/spl/spl_mmc.c:324:5:default_spl_mmc_emmc_boot_partition	0	static
common/spl/spl_mmc.c:342:12:spl_mmc_emmc_boot_partition	0	static
common/spl/spl_mmc.c:360:6:spl_mmc_clear_cache	0	static
common/spl/spl_mmc.c:365:5:spl_mmc_load	56	static
common/spl/spl_mmc.c:452:5:spl_mmc_load_image	16	static
