common/spl/spl_fit.c:150:12:spl_fit_get_image_node	32	static
common/spl/spl_fit.c:204:12:load_simple_fit	64	static
common/spl/spl_fit.c:363:12:spl_fit_append_fdt	72	static
common/spl/spl_fit.c:31:14:board_spl_fit_size_align	0	static
common/spl/spl_fit.c:358:12:board_spl_fit_append_fdt_skip	0	static
common/spl/spl_fit.c:566:14:board_spl_fit_buffer_addr	8	static
common/spl/spl_fit.c:576:13:spl_load_simple_fit_skip_processing	0	static
common/spl/spl_fit.c:585:14:spl_load_simple_fit_fix_load	0	static
common/spl/spl_fit.c:715:5:spl_load_simple_fit	112	static
common/spl/spl_fit.c:860:5:spl_load_fit_image	296	static
