drivers/gpio/gpio-uclass.c:583:12:_gpio_get_value	8	static
drivers/gpio/gpio-uclass.c:1518:12:gpio_post_bind	0	static
drivers/gpio/gpio-uclass.c:59:12:gpio_to_device	24	static
drivers/gpio/gpio-uclass.c:1363:12:gpio_renumber	32	static
drivers/gpio/gpio-uclass.c:1419:12:gpio_pre_remove	8	static
drivers/gpio/gpio-uclass.c:1400:12:gpio_post_probe	8	static
drivers/gpio/gpio-uclass.c:88:13:gpio_is_claimed.isra	0	static
drivers/gpio/gpio-uclass.c:519:12:check_reserved	24	static
drivers/gpio/gpio-uclass.c:860:12:get_function	24	static
drivers/gpio/gpio-uclass.c:156:5:dm_gpio_lookup_name	32	static
drivers/gpio/gpio-uclass.c:201:5:gpio_lookup_name	40	static
drivers/gpio/gpio-uclass.c:226:15:gpio_flags_xlate	0	static
drivers/gpio/gpio-uclass.c:254:5:gpio_xlate_offs_flags	16	static
drivers/gpio/gpio-uclass.c:379:5:gpio_hog_lookup_name	0	static
drivers/gpio/gpio-uclass.c:385:5:dm_gpio_request	32	static
drivers/gpio/gpio-uclass.c:440:5:gpio_request	24	static
drivers/gpio/gpio-uclass.c:462:5:gpio_requestf	4	static
drivers/gpio/gpio-uclass.c:477:5:_dm_gpio_free	24	static
drivers/gpio/gpio-uclass.c:507:5:gpio_free	24	static
drivers/gpio/gpio-uclass.c:593:5:dm_gpio_get_value	8	static
drivers/gpio/gpio-uclass.c:604:5:dm_gpio_set_value	16	static
drivers/gpio/gpio-uclass.c:720:5:dm_gpio_clrset_flags	24	static
drivers/gpio/gpio-uclass.c:546:5:gpio_direction_input	24	static
drivers/gpio/gpio-uclass.c:567:5:gpio_direction_output	24	static
drivers/gpio/gpio-uclass.c:741:5:dm_gpio_set_dir_flags	0	static
drivers/gpio/gpio-uclass.c:747:5:dm_gpios_clrset_flags	32	static
drivers/gpio/gpio-uclass.c:762:5:dm_gpio_get_flags	32	static
drivers/gpio/gpio-uclass.c:808:5:gpio_get_value	24	static
drivers/gpio/gpio-uclass.c:829:5:gpio_set_value	24	static
drivers/gpio/gpio-uclass.c:840:13:gpio_get_bank_info	8	static
drivers/gpio/gpio-uclass.c:889:5:gpio_get_function	0	static
drivers/gpio/gpio-uclass.c:894:5:gpio_get_raw_function	0	static
drivers/gpio/gpio-uclass.c:899:5:gpio_get_status	64	static
drivers/gpio/gpio-uclass.c:965:5:gpio_claim_vector	24	static
drivers/gpio/gpio-uclass.c:996:5:gpio_get_values_as_int	24	static
drivers/gpio/gpio-uclass.c:1016:5:dm_gpio_get_values_as_int	32	static
drivers/gpio/gpio-uclass.c:1034:5:dm_gpio_get_values_as_int_base3	16	static
drivers/gpio/gpio-uclass.c:1340:5:dm_gpio_free	0	static
drivers/gpio/gpio-uclass.c:1346:5:gpio_free_list	24	static
drivers/gpio/gpio-uclass.c:1357:5:gpio_free_list_nodev	0	static
drivers/gpio/gpio-uclass.c:1388:5:gpio_get_number	8	static
drivers/gpio/gpio-uclass.c:1434:5:gpio_dev_request_index	80	static
drivers/gpio/gpio-uclass.c:1459:19:devm_gpiod_get_index	32	static
drivers/gpio/gpio-uclass.c:1497:19:devm_gpiod_get_index_optional	8	static
drivers/gpio/gpio-uclass.c:1510:6:devm_gpiod_put	0	static
