drivers/core/ofnode.c:244:5:oftree_new	0	static
drivers/core/ofnode.c:251:5:oftree_to_fdt	16	static
drivers/core/ofnode.c:312:5:ofnode_read_u8	24	static
drivers/core/ofnode.c:335:4:ofnode_read_u8_default	16	static
drivers/core/ofnode.c:343:5:ofnode_read_u16	24	static
drivers/core/ofnode.c:366:5:ofnode_read_u16_default	16	static
drivers/core/ofnode.c:387:5:ofnode_read_u32_index	24	static
drivers/core/ofnode.c:374:5:ofnode_read_u32	0	static
drivers/core/ofnode.c:379:5:ofnode_read_u32_default	16	static
drivers/core/ofnode.c:418:5:ofnode_read_u64_index	24	static
drivers/core/ofnode.c:448:5:ofnode_read_u32_index_default	16	static
drivers/core/ofnode.c:457:5:ofnode_read_s32_default	16	static
drivers/core/ofnode.c:465:5:ofnode_read_u64	24	static
drivers/core/ofnode.c:489:5:ofnode_read_u64_default	16	static
drivers/core/ofnode.c:511:13:ofnode_read_prop	24	static
drivers/core/ofnode.c:543:13:ofnode_read_string	16	static
drivers/core/ofnode.c:561:5:ofnode_read_size	16	static
drivers/core/ofnode.c:571:8:ofnode_find_subnode	8	static
drivers/core/ofnode.c:597:5:ofnode_read_u32_array	16	static
drivers/core/ofnode.c:1051:12:decode_timing_property	16	static
drivers/core/ofnode.c:625:6:ofnode_is_enabled	8	static
drivers/core/ofnode.c:635:8:ofnode_first_subnode	8	static
drivers/core/ofnode.c:645:8:ofnode_next_subnode	8	static
drivers/core/ofnode.c:656:8:ofnode_get_parent	8	static
drivers/core/ofnode.c:670:13:ofnode_get_name	0	static
drivers/core/ofnode.c:299:6:ofnode_name_eq	16	static
drivers/core/ofnode.c:683:5:ofnode_get_path	8	static
drivers/core/ofnode.c:708:8:ofnode_get_by_phandle	8	static
drivers/core/ofnode.c:721:8:oftree_get_by_phandle	8	static
drivers/core/ofnode.c:807:5:ofnode_stringlist_search	8	static
drivers/core/ofnode.c:828:5:ofnode_read_string_index	32	static
drivers/core/ofnode.c:846:5:ofnode_read_string_count	0	static
drivers/core/ofnode.c:856:5:ofnode_read_string_list	32	static
drivers/core/ofnode.c:900:5:ofnode_parse_phandle_with_args	104	static
drivers/core/ofnode.c:932:5:ofnode_count_phandle_with_args	32	static
drivers/core/ofnode.c:944:8:ofnode_path	8	static
drivers/core/ofnode.c:952:8:oftree_root	0	static
drivers/core/ofnode.c:961:8:oftree_path	8	static
drivers/core/ofnode.c:975:13:ofnode_read_chosen_prop	16	static
drivers/core/ofnode.c:984:13:ofnode_read_chosen_string	0	static
drivers/core/ofnode.c:989:8:ofnode_get_chosen_node	8	static
drivers/core/ofnode.c:1000:5:ofnode_read_baud	8	static
drivers/core/ofnode.c:1018:13:ofnode_read_aliases_prop	16	static
drivers/core/ofnode.c:1027:8:ofnode_get_aliases_node	8	static
drivers/core/ofnode.c:1040:5:ofnode_get_child_count	8	static
drivers/core/ofnode.c:1186:13:ofnode_get_property	4	static
drivers/core/ofnode.c:1195:6:ofnode_has_property	8	static
drivers/core/ofnode.c:497:6:ofnode_read_bool	0	static
drivers/core/ofnode.c:1074:5:ofnode_decode_display_timing	24	static
drivers/core/ofnode.c:1139:5:ofnode_decode_panel_timing	32	static
drivers/core/ofnode.c:1203:5:ofnode_first_property	8	static
drivers/core/ofnode.c:1222:5:ofnode_next_property	8	static
drivers/core/ofnode.c:1240:13:ofprop_get_property	4	static
drivers/core/ofnode.c:1252:12:ofnode_get_addr_size	4	static
drivers/core/ofnode.c:1278:16:ofnode_read_u8_array_ptr	4	static
drivers/core/ofnode.c:1296:5:ofnode_read_pci_addr	40	static
drivers/core/ofnode.c:1355:5:ofnode_read_pci_vendev	40	static
drivers/core/ofnode.c:1391:5:ofnode_read_eth_phy_id	40	static
drivers/core/ofnode.c:1427:5:ofnode_read_addr_cells	8	static
drivers/core/ofnode.c:1439:5:ofnode_read_size_cells	8	static
drivers/core/ofnode.c:1451:5:ofnode_read_simple_addr_cells	0	static
drivers/core/ofnode.c:1460:5:ofnode_read_simple_size_cells	0	static
drivers/core/ofnode.c:735:19:__ofnode_get_addr_size_index	48	static
drivers/core/ofnode.c:775:12:ofnode_get_addr_size_index	0	static
drivers/core/ofnode.c:786:12:ofnode_get_addr_index	16	static
drivers/core/ofnode.c:793:12:ofnode_get_addr	0	static
drivers/core/ofnode.c:798:12:ofnode_get_size	16	static
drivers/core/ofnode.c:780:12:ofnode_get_addr_size_index_notrans	0	static
drivers/core/ofnode.c:1469:6:ofnode_pre_reloc	8	static
drivers/core/ofnode.c:1507:5:ofnode_read_resource	32	static
drivers/core/ofnode.c:1528:5:ofnode_read_resource_byname	16	static
drivers/core/ofnode.c:1540:5:ofnode_translate_address	0	static
drivers/core/ofnode.c:1549:5:ofnode_translate_dma_address	0	static
drivers/core/ofnode.c:1558:5:ofnode_get_dma_range	16	static
drivers/core/ofnode.c:1568:5:ofnode_device_is_compatible	8	static
drivers/core/ofnode.c:1579:8:ofnode_by_compatible	8	static
drivers/core/ofnode.c:1592:8:ofnode_by_prop_value	16	static
drivers/core/ofnode.c:1607:5:ofnode_write_prop	4	static
drivers/core/ofnode.c:1631:5:ofnode_write_string	24	static
drivers/core/ofnode.c:1641:5:ofnode_write_u32	24	static
drivers/core/ofnode.c:1656:5:ofnode_write_u64	32	static
drivers/core/ofnode.c:1679:5:ofnode_delete_prop	0	static
drivers/core/ofnode.c:1671:5:ofnode_write_bool	16	static
drivers/core/ofnode.c:1695:5:ofnode_set_enabled	0	static
drivers/core/ofnode.c:1705:6:ofnode_conf_read_bool	8	static
drivers/core/ofnode.c:1716:5:ofnode_conf_read_int	16	static
drivers/core/ofnode.c:1727:13:ofnode_conf_read_str	8	static
drivers/core/ofnode.c:1738:6:ofnode_options_read_bool	8	static
drivers/core/ofnode.c:1749:5:ofnode_options_read_int	16	static
drivers/core/ofnode.c:1760:13:ofnode_options_read_str	8	static
drivers/core/ofnode.c:1771:5:ofnode_read_bootscript_address	16	static
drivers/core/ofnode.c:1796:5:ofnode_read_bootscript_flash	24	static
drivers/core/ofnode.c:1830:8:ofnode_get_phy_node	104	static
drivers/core/ofnode.c:1851:17:ofnode_read_phy_mode	16	static
drivers/core/ofnode.c:1874:5:ofnode_add_subnode	24	static
drivers/core/ofnode.c:1909:5:ofnode_delete	8	static
drivers/core/ofnode.c:1932:5:ofnode_copy_props	32	static
drivers/core/ofnode.c:1956:5:ofnode_copy_node	24	static
